ARM Linker, 5.02 [Build 28] [MDK-ARM Standard Cortex-M only]

==============================================================================

Removing Unused input sections from the image.

    Removing cell_api.o(i.cell_DNS_config), (6 bytes).
    Removing cell_api.o(i.cell_PDP_config), (6 bytes).
    Removing cell_api.o(i.cell_cellular_info_get), (18 bytes).
    Removing cell_api.o(i.cell_connect), (18 bytes).
    Removing cell_api.o(i.cell_context_create), (44 bytes).
    Removing cell_api.o(i.cell_deinit), (2 bytes).
    Removing cell_api.o(i.cell_dfota_abort), (14 bytes).
    Removing cell_api.o(i.cell_dfota_activate), (14 bytes).
    Removing cell_api.o(i.cell_dfota_start), (18 bytes).
    Removing cell_api.o(i.cell_dfota_write), (18 bytes).
    Removing cell_api.o(i.cell_edrx_config), (6 bytes).
    Removing cell_api.o(i.cell_edrx_settings_get), (6 bytes).
    Removing cell_api.o(i.cell_init), (16 bytes).
    Removing cell_api.o(i.cell_log_config), (14 bytes).
    Removing cell_api.o(i.cell_modem_info_get), (18 bytes).
    Removing cell_api.o(i.cell_network_info_get), (18 bytes).
    Removing cell_api.o(i.cell_ping_answer_config), (6 bytes).
    Removing cell_api.o(i.cell_psm_config), (6 bytes).
    Removing cell_api.o(i.cell_psm_settings_get), (18 bytes).
    Removing cell_api.o(i.cell_reject_cause_get), (6 bytes).
    Removing cell_api.o(i.cell_service_status_get), (18 bytes).
    Removing cell_api.o(i.cell_simcard_info_get), (18 bytes).
    Removing cell_api.o(i.cell_simcard_swap_abort), (6 bytes).
    Removing cell_api.o(i.cell_simcard_swap_start), (6 bytes).
    Removing cell_api.o(i.cell_socket_close), (14 bytes).
    Removing cell_api.o(i.cell_socket_create), (18 bytes).
    Removing cell_api.o(i.cell_socket_receive), (18 bytes).
    Removing cell_api.o(i.cell_socket_send), (18 bytes).
    Removing cell_api.o(i.cell_socket_verify_data), (18 bytes).
    Removing cell_api.o(i.cell_tcp_config), (6 bytes).
    Removing cell_api.o(i.cell_test), (22 bytes).
    Removing cell_api.o(i.cell_time_get), (6 bytes).
    Removing cell_api.o(i.cell_time_sync), (6 bytes).
    Removing cell_log.o(i.cell_log_set_level), (12 bytes).
    Removing cell_os.o(i.cell_os_timer_callback), (2 bytes).
    Removing cell_task.o(i.cell_com_notify_task_on_rxne), (20 bytes).
    Removing cell_monitoring.o(i.monitoring_notify_get_cellular_info), (28 bytes).
    Removing cell_monitoring.o(i.monitoring_notify_get_modem_info), (26 bytes).
    Removing cell_monitoring.o(i.monitoring_notify_get_network_info), (26 bytes).
    Removing cell_monitoring.o(i.monitoring_notify_get_psm_setting), (26 bytes).
    Removing cell_monitoring.o(i.monitoring_notify_get_service_status), (26 bytes).
    Removing cell_monitoring.o(i.monitoring_notify_get_simcard_info), (26 bytes).
    Removing cell_dfota.o(i.dfota_notify_activate), (22 bytes).
    Removing cell_dfota.o(i.dfota_notify_cancel), (22 bytes).
    Removing cell_dfota.o(i.dfota_notify_start), (26 bytes).
    Removing cell_dfota.o(i.dfota_notify_write), (26 bytes).
    Removing cell_socket.o(i.socket_notify_close), (24 bytes).
    Removing cell_socket.o(i.socket_notify_create), (26 bytes).
    Removing cell_socket.o(i.socket_notify_recv), (26 bytes).
    Removing cell_socket.o(i.socket_notify_send), (26 bytes).
    Removing cell_socket.o(i.socket_notify_verify_data), (26 bytes).
    Removing cell_test.o(i.cell_test_notify_custom_at), (36 bytes).
    Removing cell_com.o(i.cell_com_init), (36 bytes).
    Removing cell_com.o(i.cell_com_set_reset_pin), (36 bytes).
    Removing cell_com.o(i.cell_driver_uart_irq_handler), (14 bytes).
    Removing cell_driver_interface.o(i.cell_driver_init), (6 bytes).
    Removing cell_driver_interface.o(i.cell_driver_modem_reset), (2 bytes).
    Removing cell_driver_interface.o(i.cell_driver_uart_irq_handler), (2 bytes).
    Removing cell_modem_common.o(i.at_parser_time_get), (196 bytes).
    Removing cell_modem_common.o(i.common_time_get), (64 bytes).
    Removing system_stm32f4xx.o(.rev16_text), (4 bytes).
    Removing system_stm32f4xx.o(.revsh_text), (4 bytes).
    Removing system_stm32f4xx.o(.rrx_text), (6 bytes).
    Removing system_stm32f4xx.o(i.SystemCoreClockUpdate), (192 bytes).
    Removing system_stm32f4xx.o(.constdata), (24 bytes).
    Removing system_stm32f4xx.o(.data), (4 bytes).

66 unused section(s) (total 1488 bytes) removed from the image.

==============================================================================

Image Stack Usage Information.

Maximum stack usage for Image.

Maximum Stack Usage for parse_urc_crtdcp 0x758 bytes.
Call chain for maximum stack usage:
parse_urc_crtdcp => __0sscanf

Maximum stack usage per global function.

Maximum Stack Usage for at_command_request 0x300 bytes.
Call chain for maximum stack usage:
at_command_request => seek_and_parse_final_resp => seek_one_line_and_parse_final_resp => parse_final_resp => __0sscanf

Maximum Stack Usage for at_read_line 0xe8 bytes.
Call chain for maximum stack usage:
[...]
    0x08004640   0x08004640   0x0000005c   Code   RO         1510    i.at_parser_custom_at  cell_test.o
    0x0800469c   0x0800469c   0x00000068   Code   RO         1707    i.at_parser_dfota_write  cell_modem_bg95.o
    0x08004704   0x08004704   0x00000068   Code   RO         2264    i.at_parser_eps_network_reg_status_get  cell_modem_common.o
    0x0800476c   0x0800476c   0x00000064   Code   RO         1708    i.at_parser_file_open  cell_modem_bg95.o
    0x080047d0   0x080047d0   0x00000060   Code   RO         2265    i.at_parser_firmware_version  cell_modem_common.o
    0x08004830   0x08004830   0x000000dc   Code   RO         2536    i.at_parser_get_tcp_socket_status  cell_modem_semtech.o
    0x0800490c   0x0800490c   0x00000068   Code   RO         2266    i.at_parser_gprs_network_reg_status_get  cell_modem_common.o
    0x08004974   0x08004974   0x00000068   Code   RO         1946    i.at_parser_iccid_get  cell_modem_quectel.o
    0x080049dc   0x080049dc   0x00000060   Code   RO         2267    i.at_parser_imei_get  cell_modem_common.o
    0x08004a3c   0x08004a3c   0x00000060   Code   RO         2268    i.at_parser_imsi_get  cell_modem_common.o
    0x08004a9c   0x08004a9c   0x00000060   Code   RO         2269    i.at_parser_manufacturer_info  cell_modem_common.o
    0x08004afc   0x08004afc   0x00000060   Code   RO         2270    i.at_parser_model_info  cell_modem_common.o
    0x08004b5c   0x08004b5c   0x00000068   Code   RO         1709    i.at_parser_nb1_cap_feature_bitmap_get  cell_modem_bg95.o
    0x08004bc4   0x08004bc4   0x000001b4   Code   RO         1947    i.at_parser_neighbour_cell_get  cell_modem_quectel.o
    0x08004d78   0x08004d78   0x0000008c   Code   RO         1710    i.at_parser_net_category_get  cell_modem_bg95.o
    0x08004e04   0x08004e04   0x000000cc   Code   RO         1948    i.at_parser_operator_info_get  cell_modem_quectel.o
    0x08004ed0   0x08004ed0   0x000000ac   Code   RO         1949    i.at_parser_pdp_get  cell_modem_quectel.o
    0x08004f7c   0x08004f7c   0x00000134   Code   RO         1950    i.at_parser_pdp_settings_get  cell_modem_quectel.o
    0x080050b0   0x080050b0   0x0000013c   Code   RO         2271    i.at_parser_psm_get  cell_modem_common.o
    0x080051ec   0x080051ec   0x00000060   Code   RO         1951    i.at_parser_quectel_firmware_version  cell_modem_quectel.o
    0x0800524c   0x0800524c   0x000000a4   Code   RO         2537    i.at_parser_rat_get  cell_modem_semtech.o
    0x080052f0   0x080052f0   0x00000080   Code   RO         3833    i.at_parser_rat_mode_get  cell_modem_eg915u.o
    0x08005370   0x08005370   0x00000090   Code   RO         1711    i.at_parser_rat_seq_get  cell_modem_bg95.o
    0x08005400   0x08005400   0x00000084   Code   RO         1712    i.at_parser_scrub_direction_get  cell_modem_bg95.o
    0x08005484   0x08005484   0x0000010c   Code   RO         2538    i.at_parser_semtech_band_get  cell_modem_semtech.o
    0x08005590   0x08005590   0x00000060   Code   RO         2539    i.at_parser_semtech_firmware_version  cell_modem_semtech.o
    0x080055f0   0x080055f0   0x00000068   Code   RO         2540    i.at_parser_semtech_iccid_get  cell_modem_semtech.o
    0x08005658   0x08005658   0x000000d4   Code   RO         2541    i.at_parser_semtech_operator_info_get  cell_modem_semtech.o
    0x0800572c   0x0800572c   0x00000098   Code   RO         2542    i.at_parser_semtech_pdp_authentication_get  cell_modem_semtech.o
    0x080057c4   0x080057c4   0x0000007c   Code   RO         2543    i.at_parser_semtech_pdp_context_info_get  cell_modem_semtech.o
    0x08005840   0x08005840   0x000000a4   Code   RO         2544    i.at_parser_semtech_pdp_settings_get  cell_modem_semtech.o
    0x080058e4   0x080058e4   0x000000b4   Code   RO         2545    i.at_parser_semtech_pdp_stat_get  cell_modem_semtech.o
    0x08005998   0x08005998   0x00000090   Code   RO         2546    i.at_parser_semtech_service_domain_get  cell_modem_semtech.o
    0x08005a28   0x08005a28   0x00000078   Code   RO         1713    i.at_parser_service_domain_get  cell_modem_bg95.o
    0x08005aa0   0x08005aa0   0x000001f0   Code   RO         1952    i.at_parser_serving_cell_get  cell_modem_quectel.o
    0x08005c90   0x08005c90   0x0000009c   Code   RO         2917    i.at_parser_serving_cell_get  cell_modem_semtech_hl7900.o
    0x08005d2c   0x08005d2c   0x00000090   Code   RO         2272    i.at_parser_signal_quality_report  cell_modem_common.o
    0x08005dbc   0x08005dbc   0x00000080   Code   RO         2273    i.at_parser_sim_readiness_check  cell_modem_common.o
    0x08005e3c   0x08005e3c   0x000000e0   Code   RO         2547    i.at_parser_socket_check_exist  cell_modem_semtech.o
    0x08005f1c   0x08005f1c   0x000000ac   Code   RO         1953    i.at_parser_socket_check_usability  cell_modem_quectel.o
    0x08005fc8   0x08005fc8   0x00000078   Code   RO         1954    i.at_parser_socket_get_data_verify  cell_modem_quectel.o
    0x08006040   0x08006040   0x00000078   Code   RO         1955    i.at_parser_socket_get_unread_recv_len  cell_modem_quectel.o
    0x080060b8   0x080060b8   0x00000090   Code   RO         2548    i.at_parser_socket_get_unread_recv_len  cell_modem_semtech.o
    0x08006148   0x08006148   0x00000068   Code   RO         2549    i.at_parser_socket_id  cell_modem_semtech.o
    0x080061b0   0x080061b0   0x00000078   Code   RO         1956    i.at_parser_socket_query_service_status  cell_modem_quectel.o
    0x08006228   0x08006228   0x000000b0   Code   RO         1957    i.at_parser_socket_receive  cell_modem_quectel.o
    0x080062d8   0x080062d8   0x00000100   Code   RO         2550    i.at_parser_socket_receive  cell_modem_semtech.o
    0x080063d8   0x080063d8   0x00000070   Code   RO         1714    i.at_parser_storage_space_get  cell_modem_bg95.o
    0x08006448   0x08006448   0x00000064   Code   RO         2275    i.at_parset_ue_functionality_get  cell_modem_common.o
    0x080064ac   0x080064ac   0x000000ac   Code   RO         2964    i.at_read_line      cell_at.o
    0x08006558   0x08006558   0x000000c0   Code   RO         1715    i.band_set          cell_modem_bg95.o
    0x08006618   0x08006618   0x000000a4   Code   RO         3834    i.band_set          cell_modem_eg915u.o
    0x080066bc   0x080066bc   0x00000078   Code   RO         1716    i.bg95_delta_package_copy_to_flash  cell_modem_bg95.o
    0x08006734   0x08006734   0x00000058   Code   RO         1717    i.bg95_dfota_config_update_after_download  cell_modem_bg95.o
    0x0800678c   0x0800678c   0x00000058   Code   RO         1718    i.bg95_dfota_download_cancel  cell_modem_bg95.o
    0x080067e4   0x080067e4   0x00000046   Code   RO         1719    i.bg95_dfota_local_init  cell_modem_bg95.o
    0x0800682a   0x0800682a   0x00000002   PAD
    0x0800682c   0x0800682c   0x00000058   Code   RO         1720    i.bg95_dfota_local_trigger  cell_modem_bg95.o
    0x08006884   0x08006884   0x00000052   Code   RO         1721    i.bg95_dfota_local_update  cell_modem_bg95.o
    0x080068d6   0x080068d6   0x00000046   Code   RO         1722    i.bg95_dfota_wireless_init  cell_modem_bg95.o
    0x0800691c   0x0800691c   0x00000064   Code   RO         1723    i.bg95_dfota_wireless_start  cell_modem_bg95.o
    0x08006980   0x08006980   0x000000bc   Code   RO         1724    i.bg95_dfota_write  cell_modem_bg95.o
    0x08006a3c   0x08006a3c   0x00000060   Code   RO         1725    i.bg95_file_close   cell_modem_bg95.o
    0x08006a9c   0x08006a9c   0x00000084   Code   RO         1726    i.bg95_file_open    cell_modem_bg95.o
    0x08006b20   0x08006b20   0x000000b0   Code   RO         1727    i.bg95_fota_apn_config  cell_modem_bg95.o
    0x08006bd0   0x08006bd0   0x0000004c   Code   RO         1728    i.bg95_modem_specific_features_set  cell_modem_bg95.o
    0x08006c1c   0x08006c1c   0x00000040   Code   RO         1729    i.bg95_nb1_cap_feature_bitmap_get  cell_modem_bg95.o
    0x08006c5c   0x08006c5c   0x00000054   Code   RO         1730    i.bg95_nb1_cap_feature_bitmap_set  cell_modem_bg95.o
    0x08006cb0   0x08006cb0   0x000000d0   Code   RO         1731    i.bg95_rat_settings_get  cell_modem_bg95.o
    0x08006d80   0x08006d80   0x0000004e   Code   RO         1732    i.bg95_rat_settings_set  cell_modem_bg95.o
    0x08006dce   0x08006dce   0x00000002   PAD
    0x08006dd0   0x08006dd0   0x00000040   Code   RO         1733    i.bg95_scrub_direction_get  cell_modem_bg95.o
    0x08006e10   0x08006e10   0x0000003c   Code   RO         1734    i.bg95_scrub_flash  cell_modem_bg95.o
    0x08006e4c   0x08006e4c   0x00000040   Code   RO         1735    i.bg95_service_domain_get  cell_modem_bg95.o
    0x08006e8c   0x08006e8c   0x00000074   Code   RO         1736    i.bg95_service_domain_set  cell_modem_bg95.o
    0x08006f00   0x08006f00   0x0000005c   Code   RO         1737    i.bg95_storage_free  cell_modem_bg95.o
    0x08006f5c   0x08006f5c   0x00000068   Code   RO         1738    i.bg95_storage_space_get  cell_modem_bg95.o
    0x08006fc4   0x08006fc4   0x0000005c   Code   RO         1739    i.bg95_urc_dfota_handler  cell_modem_bg95.o
    0x08007020   0x08007020   0x00000044   Code   RO         3061    i.bin_string_to_uint4  cell_urc.o
    0x08007064   0x08007064   0x00000050   Code   RO         2551    i.build_send_command  cell_modem_semtech.o
    0x080070b4   0x080070b4   0x00000138   Code   RO         1958    i.build_socket_create_command  cell_modem_quectel.o
    0x080071ec   0x080071ec   0x00000050   Code   RO         2552    i.build_socket_receive_command  cell_modem_semtech.o
    0x0800723c   0x0800723c   0x00000064   Code   RO         1959    i.build_socket_recv_command  cell_modem_quectel.o
    0x080072a0   0x080072a0   0x000000b4   Code   RO         1960    i.build_socket_send_command  cell_modem_quectel.o
    0x08007354   0x08007354   0x00000054   Code   RO         1740    i.calc_iotop_mode_scan_mode_from_scan_seq  cell_modem_bg95.o
    0x080073a8   0x080073a8   0x00000012   Code   RO         1555    i.cell_com_enable_rxne_irq  cell_com.o
    0x080073ba   0x080073ba   0x00000002   PAD
    0x080073bc   0x080073bc   0x0000001c   Code   RO         1557    i.cell_com_is_char_available  cell_com.o
    0x080073d8   0x080073d8   0x0000004c   Code   RO         1558    i.cell_com_read_last_bytes  cell_com.o
    0x08007424   0x08007424   0x00000034   Code   RO         1559    i.cell_com_send_buffer  cell_com.o
    0x08007458   0x08007458   0x00000028   Code   RO         1560    i.cell_com_set_baudrate  cell_com.o
    0x08007480   0x08007480   0x00000024   Code   RO         1561    i.cell_com_set_power_pin  cell_com.o
    0x080074a4   0x080074a4   0x00000002   Code   RO         1643    i.cell_driver_disable_uart_irq  cell_driver_interface.o
    0x080074a6   0x080074a6   0x00000002   Code   RO         1644    i.cell_driver_enable_uart_irq  cell_driver_interface.o
    0x080074a8   0x080074a8   0x00000004   Code   RO         1645    i.cell_driver_get_dma_index  cell_driver_interface.o
    0x080074ac   0x080074ac   0x00000002   Code   RO         1648    i.cell_driver_set_power_pin  cell_driver_interface.o
    0x080074ae   0x080074ae   0x00000034   Code   RO         2965    i.cell_get_at_resp_type  cell_at.o
    0x080074e2   0x080074e2   0x00000002   PAD
    0x080074e4   0x080074e4   0x0000001c   Code   RO         2918    i.cell_id_convert   cell_modem_semtech_hl7900.o
    0x08007500   0x08007500   0x00000034   Code   RO          259    i.cell_log_debug    cell_log.o
    0x08007534   0x08007534   0x00000034   Code   RO          260    i.cell_log_normal   cell_log.o
    0x08007568   0x08007568   0x00000034   Code   RO          261    i.cell_log_print    cell_log.o
    0x0800759c   0x0800759c   0x00000034   Code   RO          263    i.cell_log_verbose  cell_log.o
    0x080075d0   0x080075d0   0x00000002   Code   RO          297    i.cell_os_feed_wdg  cell_os.o
    0x080075d2   0x080075d2   0x00000006   Code   RO          298    i.cell_os_get_time_ms  cell_os.o
    0x080075d8   0x080075d8   0x0000000c   Code   RO          299    i.cell_os_msg_create  cell_os.o
    0x080075e4   0x080075e4   0x00000006   Code   RO          300    i.cell_os_msg_read  cell_os.o
    0x080075ea   0x080075ea   0x00000008   Code   RO          301    i.cell_os_msg_write  cell_os.o
    0x080075f2   0x080075f2   0x00000006   Code   RO          302    i.cell_os_msg_write_from_isr  cell_os.o
    0x080075f8   0x080075f8   0x00000002   Code   RO          303    i.cell_os_sleep_ms  cell_os.o
    0x080075fa   0x080075fa   0x00000002   PAD
    0x080075fc   0x080075fc   0x00000010   Code   RO          304    i.cell_os_task_create  cell_os.o
    0x0800760c   0x0800760c   0x00000006   Code   RO          306    i.cell_os_timer_create  cell_os.o
    0x08007612   0x08007612   0x00000006   Code   RO          307    i.cell_os_timer_start  cell_os.o
    0x08007618   0x08007618   0x00000006   Code   RO          308    i.cell_os_timer_stop  cell_os.o
    0x0800761e   0x0800761e   0x00000002   PAD
    0x08007620   0x08007620   0x00000088   Code   RO         2919    i.cell_plmn_convert  cell_modem_semtech_hl7900.o
    0x080076a8   0x080076a8   0x000000c8   Code   RO          382    i.cell_startup      cell_task.o
    0x08007770   0x08007770   0x0000002c   Code   RO          383    i.cell_task         cell_task.o
    0x0800779c   0x0800779c   0x0000007c   Code   RO         1512    i.cell_test_process  cell_test.o
    0x08007818   0x08007818   0x00000002   Code   RO         1650    i.cell_uart_send_buffer  cell_driver_interface.o
    0x0800781a   0x0800781a   0x00000002   Code   RO         1651    i.cell_uart_set_baudrate  cell_driver_interface.o
    0x0800781c   0x0800781c   0x00000034   Code   RO          450    i.check_again_with_other_baudrates  cell_connect.o
    0x08007850   0x08007850   0x00000100   Code   RO          451    i.check_at_status   cell_connect.o
    0x08007950   0x08007950   0x000000bc   Code   RO          452    i.check_event_CONNECT  cell_connect.o
    0x08007a0c   0x08007a0c   0x0000008c   Code   RO          453    i.check_event_TIMER  cell_connect.o
    0x08007a98   0x08007a98   0x000000bc   Code   RO          454    i.check_event_URC   cell_connect.o
    0x08007b54   0x08007b54   0x0000003e   Code   RO         2966    i.check_final_tokens  cell_at.o
    0x08007b92   0x08007b92   0x00000002   PAD
    0x08007b94   0x08007b94   0x00000058   Code   RO          455    i.check_operator_status  cell_connect.o
    0x08007bec   0x08007bec   0x00000088   Code   RO          456    i.check_reset_request  cell_connect.o
    0x08007c74   0x08007c74   0x00000018   Code   RO         1119    i.check_timer_event  cell_dfota.o
    0x08007c8c   0x08007c8c   0x00000010   Code   RO          457    i.check_ue_functionality_wrapper  cell_connect.o
    0x08007c9c   0x08007c9c   0x00000130   Code   RO         1120    i.check_urc_event   cell_dfota.o
    0x08007dcc   0x08007dcc   0x00000012   Code   RO         2967    i.check_urc_token_without_prefix  cell_at.o
    0x08007dde   0x08007dde   0x00000002   PAD
    0x08007de0   0x08007de0   0x0000003c   Code   RO         1564    i.circular_buf_get  cell_com.o
    0x08007e1c   0x08007e1c   0x0000002c   Code   RO         1565    i.circular_buf_get_unread  cell_com.o
    0x08007e48   0x08007e48   0x0000000c   Code   RO         3062    i.clear_bit         cell_urc.o
    0x08007e54   0x08007e54   0x00000038   Code   RO         2276    i.common_at_readiness_check  cell_modem_common.o
    0x08007e8c   0x08007e8c   0x00000040   Code   RO         2277    i.common_cs_network_reg_status_get  cell_modem_common.o
    0x08007ecc   0x08007ecc   0x00000038   Code   RO         2278    i.common_echo_turn_off  cell_modem_common.o
    0x08007f04   0x08007f04   0x00000040   Code   RO         2279    i.common_eps_network_reg_status_get  cell_modem_common.o
    0x08007f44   0x08007f44   0x00000038   Code   RO         2280    i.common_eps_network_registration_urc_enable  cell_modem_common.o
    0x08007f7c   0x08007f7c   0x00000040   Code   RO         2281    i.common_firmware_version_get  cell_modem_common.o
    0x08007fbc   0x08007fbc   0x0000003c   Code   RO         2282    i.common_get_modem_driver  cell_modem_common.o
    0x08007ff8   0x08007ff8   0x000000a4   Code   RO         2283    i.common_get_modem_type  cell_modem_common.o
    0x0800809c   0x0800809c   0x00000040   Code   RO         2284    i.common_gprs_network_reg_status_get  cell_modem_common.o
    0x080080dc   0x080080dc   0x00000038   Code   RO         2285    i.common_gprs_network_registration_urc_enable  cell_modem_common.o
    0x08008114   0x08008114   0x00000040   Code   RO         2286    i.common_imei_get   cell_modem_common.o
    0x08008154   0x08008154   0x00000040   Code   RO         2287    i.common_imsi_get   cell_modem_common.o
    0x08008194   0x08008194   0x00000040   Code   RO         2288    i.common_manufacturer_info_get  cell_modem_common.o
    0x080081d4   0x080081d4   0x00000040   Code   RO         2289    i.common_model_id_get  cell_modem_common.o
    0x08008214   0x08008214   0x00000064   Code   RO         2290    i.common_pin_enter  cell_modem_common.o
    0x08008278   0x08008278   0x00000040   Code   RO         2291    i.common_psm_config_get  cell_modem_common.o
    0x080082b8   0x080082b8   0x0000015c   Code   RO         2292    i.common_psm_config_set  cell_modem_common.o
    0x08008414   0x08008414   0x00000038   Code   RO         2293    i.common_reporting_cme_error_enable  cell_modem_common.o
    0x0800844c   0x0800844c   0x00000040   Code   RO         2294    i.common_signal_quality_report  cell_modem_common.o
    0x0800848c   0x0800848c   0x00000040   Code   RO         2295    i.common_sim_readiness_check  cell_modem_common.o
    0x080084cc   0x080084cc   0x00000040   Code   RO         2297    i.common_ue_functionality_get  cell_modem_common.o
    0x0800850c   0x0800850c   0x00000058   Code   RO         2298    i.common_ue_functionality_set  cell_modem_common.o
    0x08008564   0x08008564   0x00000038   Code   RO         2299    i.common_ue_reset   cell_modem_common.o
    0x0800859c   0x0800859c   0x00000098   Code   RO          458    i.config            cell_connect.o
    0x08008634   0x08008634   0x0000002c   Code   RO          459    i.config_operator_wrapper  cell_connect.o
    0x08008660   0x08008660   0x0000002c   Code   RO          460    i.config_pdp_wrapper  cell_connect.o
    0x0800868c   0x0800868c   0x00000010   Code   RO          461    i.config_psm_wrapper  cell_connect.o
    0x0800869c   0x0800869c   0x00000038   Code   RO          462    i.config_rat_wrapper  cell_connect.o
    0x080086d4   0x080086d4   0x0000002c   Code   RO          463    i.config_service_domain_wrapper  cell_connect.o
    0x08008700   0x08008700   0x00000094   Code   RO          464    i.connection_init   cell_connect.o
    0x08008794   0x08008794   0x00000014   Code   RO          465    i.connection_is_ready  cell_connect.o
    0x080087a8   0x080087a8   0x0000001c   Code   RO          466    i.connection_notify_action  cell_connect.o
    0x080087c4   0x080087c4   0x00000014   Code   RO          467    i.connection_notify_timer_expired  cell_connect.o
    0x080087d8   0x080087d8   0x00000090   Code   RO          468    i.connection_notify_urc  cell_connect.o
    0x08008868   0x08008868   0x00000060   Code   RO          469    i.connection_process  cell_connect.o
    0x080088c8   0x080088c8   0x0000000a   Code   RO          470    i.connection_timer_callback  cell_connect.o
    0x080088d2   0x080088d2   0x00000040   Code   RO         2300    i.convert_ber_level_to_percent  cell_modem_common.o
    0x08008912   0x08008912   0x00000002   PAD
    0x08008914   0x08008914   0x000000ac   Code   RO         3063    i.convert_ip_str    cell_urc.o
    0x080089c0   0x080089c0   0x00000032   Code   RO         2301    i.convert_rssi_level_to_dbm  cell_modem_common.o
    0x080089f2   0x080089f2   0x0000003e   Code   RO         2302    i.convert_rssi_to_bars  cell_modem_common.o
    0x08008a30   0x08008a30   0x000000e8   Code   RO          384    i.create_cellular_context  cell_task.o
    0x08008b18   0x08008b18   0x0000002c   Code   RO          471    i.deactivate_pdp_context_wrapper  cell_connect.o
    0x08008b44   0x08008b44   0x0000002c   Code   RO         2303    i.decode_timer      cell_modem_common.o
    0x08008b70   0x08008b70   0x00000078   Code   RO         2553    i.define_pdp_context  cell_modem_semtech.o
    0x08008be8   0x08008be8   0x00000080   Code   RO         1121    i.dfota_init        cell_dfota.o
    0x08008c68   0x08008c68   0x00000014   Code   RO         1125    i.dfota_notify_timer_expired  cell_dfota.o
    0x08008c7c   0x08008c7c   0x00000050   Code   RO         1126    i.dfota_notify_urc  cell_dfota.o
    0x08008ccc   0x08008ccc   0x00000130   Code   RO         1128    i.dfota_process     cell_dfota.o
    0x08008dfc   0x08008dfc   0x0000000c   Code   RO         1129    i.dfota_running_state_check  cell_dfota.o
    0x08008e08   0x08008e08   0x00000018   Code   RO          472    i.disable_functionality  cell_connect.o
    0x08008e20   0x08008e20   0x0000003a   Code   RO         2968    i.does_prefix_match  cell_at.o
    0x08008e5a   0x08008e5a   0x00000002   PAD
    0x08008e5c   0x08008e5c   0x00000010   Code   RO         1130    i.download_cancel   cell_dfota.o
    0x08008e6c   0x08008e6c   0x0000002c   Code   RO         1131    i.download_cancel_wrapper  cell_dfota.o
    0x08008e98   0x08008e98   0x00000012   Code   RO         3835    i.eg915u_modem_specific_features_set  cell_modem_eg915u.o
    0x08008eaa   0x08008eaa   0x00000002   PAD
    0x08008eac   0x08008eac   0x00000094   Code   RO         3836    i.eg915u_rat_settings_get  cell_modem_eg915u.o
    0x08008f40   0x08008f40   0x0000003a   Code   RO         3837    i.eg915u_rat_settings_set  cell_modem_eg915u.o
    0x08008f7a   0x08008f7a   0x00000006   Code   RO         3838    i.eg915u_service_domain_get  cell_modem_eg915u.o
    0x08008f80   0x08008f80   0x00000006   Code   RO         3839    i.eg915u_service_domain_set  cell_modem_eg915u.o
    0x08008f86   0x08008f86   0x00000002   PAD
    0x08008f88   0x08008f88   0x0000004c   Code   RO          473    i.enable_functionality  cell_connect.o
    0x08008fd4   0x08008fd4   0x00000048   Code   RO         2304    i.encode_timer      cell_modem_common.o
    0x0800901c   0x0800901c   0x00000024   Code   RO         1132    i.event_notify      cell_dfota.o
    0x08009040   0x08009040   0x00000014   Code   RO         1513    i.event_notify      cell_test.o
    0x08009054   0x08009054   0x00000064   Code   RO          948    i.execute           cell_monitoring.o
    0x080090b8   0x080090b8   0x00000030   Code   RO          474    i.execute_command   cell_connect.o
    0x080090e8   0x080090e8   0x00000034   Code   RO          475    i.execute_command_with_side_effect  cell_connect.o
    0x0800911c   0x0800911c   0x00000024   Code   RO          476    i.fast_reboot       cell_connect.o
    0x08009140   0x08009140   0x00000090   Code   RO         1319    i.find_first_available_socket  cell_socket.o
    0x080091d0   0x080091d0   0x00000014   Code   RO         1133    i.fota_write        cell_dfota.o
    0x080091e4   0x080091e4   0x0000001a   Code   RO         4242    i.fputc             c_w.l(fputc.o)
    0x080091fe   0x080091fe   0x00000002   PAD
    0x08009200   0x08009200   0x0000009c   Code   RO         4456    i.frexp             m_wm.l(frexp.o)
    0x0800929c   0x0800929c   0x0000000e   Code   RO         1134    i.generic_error_handler  cell_dfota.o
    0x080092aa   0x080092aa   0x00000002   PAD
    0x080092ac   0x080092ac   0x00000048   Code   RO          949    i.get_cellular_info  cell_monitoring.o
    0x080092f4   0x080092f4   0x0000002c   Code   RO          950    i.get_cellular_info_wrapper  cell_monitoring.o
    0x08009320   0x08009320   0x00000070   Code   RO         3064    i.get_class_type    cell_urc.o
    0x08009390   0x08009390   0x00000010   Code   RO          951    i.get_cs_network_reg_status_wrapper  cell_monitoring.o
    0x080093a0   0x080093a0   0x00000010   Code   RO          952    i.get_eps_network_reg_status_wrapper  cell_monitoring.o
    0x080093b0   0x080093b0   0x00000010   Code   RO          477    i.get_eps_registration_status_wrapper  cell_connect.o
    0x080093c0   0x080093c0   0x00000038   Code   RO          953    i.get_fw_ver_wrapper  cell_monitoring.o
    0x080093f8   0x080093f8   0x00000010   Code   RO          954    i.get_gprs_network_reg_status_wrapper  cell_monitoring.o
    0x08009408   0x08009408   0x00000010   Code   RO          478    i.get_gprs_registration_status_wrapper  cell_connect.o
    0x08009418   0x08009418   0x0000002c   Code   RO          955    i.get_iccid_wrapper  cell_monitoring.o
    0x08009444   0x08009444   0x00000010   Code   RO          956    i.get_imei_wrapper  cell_monitoring.o
    0x08009454   0x08009454   0x00000010   Code   RO          957    i.get_imsi_wrapper  cell_monitoring.o
    0x08009464   0x08009464   0x00000074   Code   RO         3065    i.get_ip_type       cell_urc.o
    0x080094d8   0x080094d8   0x00000010   Code   RO          479    i.get_manufacturer_id_wrapper  cell_connect.o
    0x080094e8   0x080094e8   0x00000010   Code   RO          958    i.get_manufacturer_info_wrapper  cell_monitoring.o
    0x080094f8   0x080094f8   0x00000024   Code   RO         3840    i.get_mode_from_seq  cell_modem_eg915u.o
    0x0800951c   0x0800951c   0x00000010   Code   RO          480    i.get_model_id_wrapper  cell_connect.o
    0x0800952c   0x0800952c   0x00000010   Code   RO          959    i.get_model_id_wrapper  cell_monitoring.o
    0x0800953c   0x0800953c   0x00000060   Code   RO          960    i.get_modem_info    cell_monitoring.o
    0x0800959c   0x0800959c   0x00000038   Code   RO          481    i.get_modem_version_wrapper  cell_connect.o
    0x080095d4   0x080095d4   0x00000038   Code   RO          961    i.get_network_info  cell_monitoring.o
    0x0800960c   0x0800960c   0x0000001c   Code   RO          482    i.get_next_reboot_timeout  cell_connect.o
    0x08009628   0x08009628   0x0000002c   Code   RO          962    i.get_operator_info_wrapper  cell_monitoring.o
    0x08009654   0x08009654   0x0000002c   Code   RO          483    i.get_pdp_status_wrapper  cell_connect.o
    0x08009680   0x08009680   0x0000002c   Code   RO          963    i.get_pdp_status_wrapper  cell_monitoring.o
    0x080096ac   0x080096ac   0x00000010   Code   RO          964    i.get_psm_config_wrapper  cell_monitoring.o
    0x080096bc   0x080096bc   0x00000038   Code   RO          965    i.get_psm_setting   cell_monitoring.o
    0x080096f4   0x080096f4   0x00000034   Code   RO         1961    i.get_rat_type      cell_modem_quectel.o
    0x08009728   0x08009728   0x00000034   Code   RO         3066    i.get_rat_type      cell_urc.o
    0x0800975c   0x0800975c   0x0000009c   Code   RO          484    i.get_registration_status  cell_connect.o
    0x080097f8   0x080097f8   0x00000048   Code   RO         1320    i.get_server_id_from_connect_id  cell_socket.o
    0x08009840   0x08009840   0x00000084   Code   RO          966    i.get_service_status  cell_monitoring.o
    0x080098c4   0x080098c4   0x00000010   Code   RO          967    i.get_signal_quality_report_wrapper  cell_monitoring.o
    0x080098d4   0x080098d4   0x00000034   Code   RO         2305    i.get_sim_lock_status  cell_modem_common.o
    0x08009908   0x08009908   0x0000002c   Code   RO          485    i.get_sim_readiness_wrapper  cell_connect.o
    0x08009934   0x08009934   0x00000060   Code   RO          968    i.get_simcard_info  cell_monitoring.o
    0x08009994   0x08009994   0x00000068   Code   RO         2554    i.get_tcp_socket_status  cell_modem_semtech.o
    0x080099fc   0x080099fc   0x0000002c   Code   RO          486    i.get_timeout_ms    cell_connect.o
    0x08009a28   0x08009a28   0x00000064   Code   RO         3067    i.get_urc_index     cell_urc.o
    0x08009a8c   0x08009a8c   0x00000050   Code   RO         3068    i.get_urc_mem_type  cell_urc.o
    0x08009adc   0x08009adc   0x00000024   Code   RO          487    i.handle_CME_error  cell_connect.o
    0x08009b00   0x08009b00   0x00000006   Code   RO          488    i.handle_CMS_error  cell_connect.o
    0x08009b06   0x08009b06   0x00000006   Code   RO          489    i.handle_rejection  cell_connect.o
    0x08009b0c   0x08009b0c   0x00000038   Code   RO         1962    i.handle_urc_reg    cell_modem_quectel.o
    0x08009b44   0x08009b44   0x00000032   Code   RO         3734    i.helper_binary_string_to_uint8  cell_modem_helper.o
    0x08009b76   0x08009b76   0x00000002   PAD
    0x08009b78   0x08009b78   0x000000ec   Code   RO         3735    i.helper_bytes_to_hex_string  cell_modem_helper.o
    0x08009c64   0x08009c64   0x00000098   Code   RO         3736    i.helper_calculate_band_mask  cell_modem_helper.o
    0x08009cfc   0x08009cfc   0x0000008e   Code   RO         3737    i.helper_extract_quoted_string  cell_modem_helper.o
    0x08009d8a   0x08009d8a   0x00000032   Code   RO         3738    i.helper_ip_convert  cell_modem_helper.o
    0x08009dbc   0x08009dbc   0x000000d4   Code   RO         3739    i.helper_ip_to_str  cell_modem_helper.o
    0x08009e90   0x08009e90   0x00000084   Code   RO         3740    i.helper_ipv4_parse  cell_modem_helper.o
    0x08009f14   0x08009f14   0x00000076   Code   RO         3741    i.helper_ipv6_parse  cell_modem_helper.o
    0x08009f8a   0x08009f8a   0x0000003c   Code   RO         3742    i.helper_is_hex_digit  cell_modem_helper.o
    0x08009fc6   0x08009fc6   0x0000000e   Code   RO         3743    i.helper_is_valid_gsm_band  cell_modem_helper.o
    0x08009fd4   0x08009fd4   0x0000000e   Code   RO         3744    i.helper_is_valid_lte_band  cell_modem_helper.o
    0x08009fe2   0x08009fe2   0x00000092   Code   RO         3745    i.helper_parse_gsm_band  cell_modem_helper.o
    0x0800a074   0x0800a074   0x000000fe   Code   RO         3746    i.helper_parse_lte_band  cell_modem_helper.o
    0x0800a172   0x0800a172   0x0000004a   Code   RO         3747    i.helper_str_to_ip  cell_modem_helper.o
    0x0800a1bc   0x0800a1bc   0x00000030   Code   RO         3748    i.helper_uint8_to_binary  cell_modem_helper.o
    0x0800a1ec   0x0800a1ec   0x00000036   Code   RO         3749    i.hex_char_to_val   cell_modem_helper.o
    0x0800a222   0x0800a222   0x00000016   Code   RO         2920    i.hl7900_cellular_info_get  cell_modem_semtech_hl7900.o
    0x0800a238   0x0800a238   0x00000040   Code   RO         2921    i.hl7900_serving_cell_get  cell_modem_semtech_hl7900.o
    0x0800a278   0x0800a278   0x00000058   Code   RO         1321    i.inactive_timer_callback  cell_socket.o
    0x0800a2d0   0x0800a2d0   0x0000008c   Code   RO          490    i.initialize        cell_connect.o
    0x0800a35c   0x0800a35c   0x00000038   Code   RO         1135    i.initialize        cell_dfota.o
    0x0800a394   0x0800a394   0x00000074   Code   RO          491    i.is_band_different  cell_connect.o
    0x0800a408   0x0800a408   0x00000008   Code   RO          969    i.is_connected      cell_monitoring.o
    0x0800a410   0x0800a410   0x0000000c   Code   RO          970    i.is_dfota_not_running  cell_monitoring.o
    0x0800a41c   0x0800a41c   0x00000014   Code   RO          492    i.is_fast_reboot    cell_connect.o
    0x0800a430   0x0800a430   0x0000000e   Code   RO          493    i.is_gsm_rat        cell_connect.o
    0x0800a43e   0x0800a43e   0x00000002   PAD
    0x0800a440   0x0800a440   0x00000048   Code   RO         2969    i.is_line_final_resp  cell_at.o
    0x0800a488   0x0800a488   0x0000002a   Code   RO          494    i.is_lte_rat        cell_connect.o
    0x0800a4b2   0x0800a4b2   0x00000002   PAD
    0x0800a4b4   0x0800a4b4   0x00000084   Code   RO          495    i.is_modem_ready    cell_connect.o
    0x0800a538   0x0800a538   0x0000002c   Code   RO         2970    i.is_prefix_present  cell_at.o
    0x0800a564   0x0800a564   0x00000078   Code   RO          496    i.is_rat_different  cell_connect.o
    0x0800a5dc   0x0800a5dc   0x00000020   Code   RO          497    i.is_rat_supports   cell_connect.o
    0x0800a5fc   0x0800a5fc   0x00000012   Code   RO          498    i.is_registered     cell_connect.o
    0x0800a60e   0x0800a60e   0x00000006   Code   RO          499    i.is_settings_valid  cell_connect.o
    0x0800a614   0x0800a614   0x00000012   Code   RO         1322    i.is_socket_service_server  cell_socket.o
    0x0800a626   0x0800a626   0x00000002   PAD
    0x0800a628   0x0800a628   0x000000b4   Code   RO          500    i.load_modem_driver  cell_connect.o
    0x0800a6dc   0x0800a6dc   0x00000014   Code   RO         1136    i.local_init        cell_dfota.o
    0x0800a6f0   0x0800a6f0   0x0000002c   Code   RO         1137    i.local_init_wrapper  cell_dfota.o
    0x0800a71c   0x0800a71c   0x0000002c   Code   RO         1138    i.local_trigger_wrapper  cell_dfota.o
    0x0800a748   0x0800a748   0x0000002c   Code   RO         1139    i.local_write_wrapper  cell_dfota.o
    0x0800a774   0x0800a774   0x00000010   Code   RO         3906    i.main              main.o
    0x0800a784   0x0800a784   0x00000030   Code   RO         2555    i.match_rat_to_sequence  cell_modem_semtech.o
    0x0800a7b4   0x0800a7b4   0x00000030   Code   RO         2556    i.match_seq_to_rat  cell_modem_semtech.o
    0x0800a7e4   0x0800a7e4   0x0000002c   Code   RO          501    i.modem_power_off_software_wrapper  cell_connect.o
    0x0800a810   0x0800a810   0x0000005e   Code   RO          977    i.monitoring_process  cell_monitoring.o
    0x0800a86e   0x0800a86e   0x00000002   PAD
    0x0800a870   0x0800a870   0x000000d0   Code   RO          502    i.need_to_re_config  cell_connect.o
    0x0800a940   0x0800a940   0x00000070   Code   RO         1741    i.net_category_set  cell_modem_bg95.o
    0x0800a9b0   0x0800a9b0   0x00000050   Code   RO         1140    i.network_reconnect  cell_dfota.o
    0x0800aa00   0x0800aa00   0x0000001a   Code   RO          503    i.next_action_ACTIVATE_PDP  cell_connect.o
    0x0800aa1a   0x0800aa1a   0x0000003a   Code   RO          504    i.next_action_CHECK_CONFIG  cell_connect.o
    0x0800aa54   0x0800aa54   0x0000001a   Code   RO          505    i.next_action_CONFIG  cell_connect.o
    0x0800aa6e   0x0800aa6e   0x00000002   PAD
    0x0800aa70   0x0800aa70   0x00000084   Code   RO          506    i.next_action_DEFAULT  cell_connect.o
    0x0800aaf4   0x0800aaf4   0x0000001a   Code   RO          507    i.next_action_HANDLE_REJECTION  cell_connect.o
    0x0800ab0e   0x0800ab0e   0x0000002a   Code   RO          508    i.next_action_INIT  cell_connect.o
    0x0800ab38   0x0800ab38   0x00000030   Code   RO          509    i.next_action_LOAD_MODEM_DRIVER  cell_connect.o
    0x0800ab68   0x0800ab68   0x0000001a   Code   RO          510    i.next_action_PREPARE_SIMCARD  cell_connect.o
    0x0800ab82   0x0800ab82   0x0000001a   Code   RO          511    i.next_action_READ_NETWORK_STATUS  cell_connect.o
    0x0800ab9c   0x0800ab9c   0x0000001a   Code   RO          512    i.next_action_SETUP_MODEM  cell_connect.o
    0x0800abb6   0x0800abb6   0x00000032   Code   RO          513    i.next_action_START_REGISTRATION  cell_connect.o
    0x0800abe8   0x0800abe8   0x0000001a   Code   RO         1141    i.notify_ACTIVATE_result  cell_dfota.o
    0x0800ac02   0x0800ac02   0x00000012   Code   RO         1142    i.notify_START_reject  cell_dfota.o
    0x0800ac14   0x0800ac14   0x00000016   Code   RO         1143    i.notify_START_result  cell_dfota.o
    0x0800ac2a   0x0800ac2a   0x0000001a   Code   RO         1144    i.notify_WRITE_result  cell_dfota.o
    0x0800ac44   0x0800ac44   0x00000070   Code   RO          385    i.notify_all_context_on_modem_event  cell_task.o
    0x0800acb4   0x0800acb4   0x00000018   Code   RO          978    i.notify_application  cell_monitoring.o
    0x0800accc   0x0800accc   0x00000014   Code   RO         1323    i.notify_event_wrapper  cell_socket.o
    0x0800ace0   0x0800ace0   0x00000016   Code   RO         1324    i.notify_remote_close  cell_socket.o
    0x0800acf6   0x0800acf6   0x00000038   Code   RO         3841    i.parse_and_update_mode  cell_modem_eg915u.o
    0x0800ad2e   0x0800ad2e   0x00000002   PAD
    0x0800ad30   0x0800ad30   0x00000094   Code   RO         1742    i.parse_and_update_rat_seq  cell_modem_bg95.o
    0x0800adc4   0x0800adc4   0x000000f0   Code   RO         2971    i.parse_final_resp  cell_at.o
    0x0800aeb4   0x0800aeb4   0x00000090   Code   RO         1963    i.parse_socket_recv_info  cell_modem_quectel.o
    0x0800af44   0x0800af44   0x00000002   Code   RO         3069    i.parse_urc_cbm_pdu  cell_urc.o
    0x0800af46   0x0800af46   0x00000002   Code   RO         3070    i.parse_urc_ccwa    cell_urc.o
    0x0800af48   0x0800af48   0x00000002   Code   RO         3071    i.parse_urc_cds_pdu  cell_urc.o
    0x0800af4a   0x0800af4a   0x00000002   PAD
    0x0800af4c   0x0800af4c   0x0000004c   Code   RO         3072    i.parse_urc_cdsi    cell_urc.o
    0x0800af98   0x0800af98   0x000000a0   Code   RO         3073    i.parse_urc_cedrxp  cell_urc.o
    0x0800b038   0x0800b038   0x00000058   Code   RO         3074    i.parse_urc_cereg   cell_urc.o
    0x0800b090   0x0800b090   0x00000040   Code   RO         3075    i.parse_urc_cgev_me_class  cell_urc.o
    0x0800b0d0   0x0800b0d0   0x00000090   Code   RO         3076    i.parse_urc_cgev_me_deact  cell_urc.o
    0x0800b160   0x0800b160   0x00000040   Code   RO         3077    i.parse_urc_cgev_nw_class  cell_urc.o
    0x0800b1a0   0x0800b1a0   0x00000090   Code   RO         3078    i.parse_urc_cgev_nw_deact  cell_urc.o
    0x0800b230   0x0800b230   0x00000090   Code   RO         3079    i.parse_urc_cgev_nw_react  cell_urc.o
    0x0800b2c0   0x0800b2c0   0x00000048   Code   RO         3080    i.parse_urc_cgev_pdp_act  cell_urc.o
    0x0800b308   0x0800b308   0x00000048   Code   RO         3081    i.parse_urc_cgev_pdp_deact  cell_urc.o
    0x0800b350   0x0800b350   0x0000008c   Code   RO         3082    i.parse_urc_cgev_reject  cell_urc.o
    0x0800b3dc   0x0800b3dc   0x00000058   Code   RO         3083    i.parse_urc_cgreg   cell_urc.o
    0x0800b434   0x0800b434   0x00000002   Code   RO         3084    i.parse_urc_clip    cell_urc.o
    0x0800b436   0x0800b436   0x00000002   Code   RO         3085    i.parse_urc_cmt_pdu  cell_urc.o
    0x0800b438   0x0800b438   0x00000050   Code   RO         3086    i.parse_urc_cmti    cell_urc.o
    0x0800b488   0x0800b488   0x00000002   Code   RO         3087    i.parse_urc_colp    cell_urc.o
    0x0800b48a   0x0800b48a   0x00000002   PAD
    0x0800b48c   0x0800b48c   0x0000008c   Code   RO         3088    i.parse_urc_cpin    cell_urc.o
    0x0800b518   0x0800b518   0x00000060   Code   RO         3089    i.parse_urc_creg    cell_urc.o
    0x0800b578   0x0800b578   0x00000084   Code   RO         3090    i.parse_urc_cring   cell_urc.o
    0x0800b5fc   0x0800b5fc   0x00000094   Code   RO         3091    i.parse_urc_crtdcp  cell_urc.o
    0x0800b690   0x0800b690   0x0000003c   Code   RO         3092    i.parse_urc_cssi    cell_urc.o
    0x0800b6cc   0x0800b6cc   0x0000003c   Code   RO         3093    i.parse_urc_cssu    cell_urc.o
    0x0800b708   0x0800b708   0x00000094   Code   RO         3094    i.parse_urc_ctze    cell_urc.o
    0x0800b79c   0x0800b79c   0x00000058   Code   RO         3095    i.parse_urc_ctzv    cell_urc.o
    0x0800b7f4   0x0800b7f4   0x00000030   Code   RO         3096    i.parse_urc_default  cell_urc.o
    0x0800b824   0x0800b824   0x00000058   Code   RO         3097    i.parse_urc_fota_coapend  cell_urc.o
    0x0800b87c   0x0800b87c   0x0000002c   Code   RO         3098    i.parse_urc_fota_coapstart  cell_urc.o
    0x0800b8a8   0x0800b8a8   0x0000005c   Code   RO         3099    i.parse_urc_fota_downloaded  cell_urc.o
    0x0800b904   0x0800b904   0x0000005c   Code   RO         3100    i.parse_urc_fota_downloading  cell_urc.o
    0x0800b960   0x0800b960   0x00000054   Code   RO         3101    i.parse_urc_fota_end  cell_urc.o
    0x0800b9b4   0x0800b9b4   0x00000058   Code   RO         3102    i.parse_urc_fota_ftpend  cell_urc.o
    0x0800ba0c   0x0800ba0c   0x0000002c   Code   RO         3103    i.parse_urc_fota_ftpstart  cell_urc.o
    0x0800ba38   0x0800ba38   0x00000058   Code   RO         3104    i.parse_urc_fota_httpend  cell_urc.o
    0x0800ba90   0x0800ba90   0x0000002c   Code   RO         3105    i.parse_urc_fota_httpstart  cell_urc.o
    0x0800babc   0x0800babc   0x0000002c   Code   RO         3106    i.parse_urc_fota_start_updating  cell_urc.o
    0x0800bae8   0x0800bae8   0x00000058   Code   RO         3107    i.parse_urc_fota_updating  cell_urc.o
    0x0800bb40   0x0800bb40   0x00000064   Code   RO         3108    i.parse_urc_jamming_ind  cell_urc.o
    0x0800bba4   0x0800bba4   0x00000150   Code   RO         3109    i.parse_urc_kcnx_ind  cell_urc.o
    0x0800bcf4   0x0800bcf4   0x0000004c   Code   RO         3110    i.parse_urc_ktcp_data  cell_urc.o
    0x0800bd40   0x0800bd40   0x0000004c   Code   RO         3111    i.parse_urc_ktcp_ind  cell_urc.o
    0x0800bd8c   0x0800bd8c   0x00000054   Code   RO         3112    i.parse_urc_ktcp_notif  cell_urc.o
    0x0800bde0   0x0800bde0   0x00000068   Code   RO         3113    i.parse_urc_ktcp_srvreq  cell_urc.o
    0x0800be48   0x0800be48   0x0000004c   Code   RO         3114    i.parse_urc_psm_timer  cell_urc.o
    0x0800be94   0x0800be94   0x000001a0   Code   RO         3115    i.parse_urc_qcellscan  cell_urc.o
    0x0800c034   0x0800c034   0x00000060   Code   RO         3116    i.parse_urc_qcoapack  cell_urc.o
    0x0800c094   0x0800c094   0x00000050   Code   RO         3117    i.parse_urc_qcoapclose  cell_urc.o
    0x0800c0e4   0x0800c0e4   0x00000074   Code   RO         3118    i.parse_urc_qcoapind  cell_urc.o
    0x0800c158   0x0800c158   0x00000050   Code   RO         3119    i.parse_urc_qcoapopen  cell_urc.o
    0x0800c1a8   0x0800c1a8   0x00000002   Code   RO         3120    i.parse_urc_qcoaprecv  cell_urc.o
    0x0800c1aa   0x0800c1aa   0x00000002   PAD
    0x0800c1ac   0x0800c1ac   0x00000050   Code   RO         3121    i.parse_urc_qcscon  cell_urc.o
    0x0800c1fc   0x0800c1fc   0x00000050   Code   RO         3122    i.parse_urc_qftpclose  cell_urc.o
    0x0800c24c   0x0800c24c   0x0000004c   Code   RO         3123    i.parse_urc_qftpcwd  cell_urc.o
    0x0800c298   0x0800c298   0x0000004c   Code   RO         3124    i.parse_urc_qftpdel  cell_urc.o
    0x0800c2e4   0x0800c2e4   0x00000064   Code   RO         3125    i.parse_urc_qftpget  cell_urc.o
    0x0800c348   0x0800c348   0x00000064   Code   RO         3126    i.parse_urc_qftplen  cell_urc.o
    0x0800c3ac   0x0800c3ac   0x00000064   Code   RO         3127    i.parse_urc_qftplist  cell_urc.o
    0x0800c410   0x0800c410   0x0000017c   Code   RO         3128    i.parse_urc_qftpmdtm  cell_urc.o
    0x0800c58c   0x0800c58c   0x00000050   Code   RO         3129    i.parse_urc_qftpmkdir  cell_urc.o
    0x0800c5dc   0x0800c5dc   0x00000064   Code   RO         3130    i.parse_urc_qftpmlsd  cell_urc.o
    0x0800c640   0x0800c640   0x00000064   Code   RO         3131    i.parse_urc_qftpnlst  cell_urc.o
    0x0800c6a4   0x0800c6a4   0x00000050   Code   RO         3132    i.parse_urc_qftpopen  cell_urc.o
    0x0800c6f4   0x0800c6f4   0x00000064   Code   RO         3133    i.parse_urc_qftpput  cell_urc.o
    0x0800c758   0x0800c758   0x000000b4   Code   RO         3134    i.parse_urc_qftppwd  cell_urc.o
    0x0800c80c   0x0800c80c   0x00000050   Code   RO         3135    i.parse_urc_qftprename  cell_urc.o
    0x0800c85c   0x0800c85c   0x00000050   Code   RO         3136    i.parse_urc_qftprmdir  cell_urc.o
    0x0800c8ac   0x0800c8ac   0x00000064   Code   RO         3137    i.parse_urc_qftpsize  cell_urc.o
    0x0800c910   0x0800c910   0x00000050   Code   RO         3138    i.parse_urc_qftpstat  cell_urc.o
    0x0800c960   0x0800c960   0x00000050   Code   RO         3139    i.parse_urc_qhttp_get  cell_urc.o
    0x0800c9b0   0x0800c9b0   0x00000054   Code   RO         3140    i.parse_urc_qhttp_post  cell_urc.o
    0x0800ca04   0x0800ca04   0x00000058   Code   RO         3141    i.parse_urc_qhttp_postfile  cell_urc.o
    0x0800ca5c   0x0800ca5c   0x00000050   Code   RO         3142    i.parse_urc_qhttp_put  cell_urc.o
    0x0800caac   0x0800caac   0x00000054   Code   RO         3143    i.parse_urc_qhttp_putfile  cell_urc.o
    0x0800cb00   0x0800cb00   0x00000048   Code   RO         3144    i.parse_urc_qhttp_read  cell_urc.o
    0x0800cb48   0x0800cb48   0x0000004c   Code   RO         3145    i.parse_urc_qhttp_readfile  cell_urc.o
    0x0800cb94   0x0800cb94   0x00000050   Code   RO         3146    i.parse_urc_qind_csq  cell_urc.o
    0x0800cbe4   0x0800cbe4   0x00000078   Code   RO         3147    i.parse_urc_qind_geofence  cell_urc.o
    0x0800cc5c   0x0800cc5c   0x00000050   Code   RO         3148    i.parse_urc_qind_open  cell_urc.o
    0x0800ccac   0x0800ccac   0x00000048   Code   RO         3149    i.parse_urc_qiopen  cell_urc.o
    0x0800ccf4   0x0800ccf4   0x00000048   Code   RO         3150    i.parse_urc_qiurc_closed  cell_urc.o
    0x0800cd3c   0x0800cd3c   0x00000100   Code   RO         3151    i.parse_urc_qiurc_dnsgip  cell_urc.o
    0x0800ce3c   0x0800ce3c   0x0000009c   Code   RO         3152    i.parse_urc_qiurc_incoming  cell_urc.o
    0x0800ced8   0x0800ced8   0x0000004c   Code   RO         3153    i.parse_urc_qiurc_pdp_deact  cell_urc.o
    0x0800cf24   0x0800cf24   0x00000050   Code   RO         3154    i.parse_urc_qiurc_recv_buffer_mode  cell_urc.o
    0x0800cf74   0x0800cf74   0x00000048   Code   RO         3155    i.parse_urc_qlwdereg  cell_urc.o
    0x0800cfbc   0x0800cfbc   0x00000044   Code   RO         3156    i.parse_urc_qlwreg  cell_urc.o
    0x0800d000   0x0800d000   0x00000050   Code   RO         3157    i.parse_urc_qlwurc_event  cell_urc.o
    0x0800d050   0x0800d050   0x000000bc   Code   RO         3158    i.parse_urc_qlwurc_observe  cell_urc.o
    0x0800d10c   0x0800d10c   0x000000a8   Code   RO         3159    i.parse_urc_qlwurc_recv  cell_urc.o
    0x0800d1b4   0x0800d1b4   0x000000bc   Code   RO         3160    i.parse_urc_qlwurc_uldata  cell_urc.o
    0x0800d270   0x0800d270   0x0000004c   Code   RO         3161    i.parse_urc_qmtclose  cell_urc.o
    0x0800d2bc   0x0800d2bc   0x00000058   Code   RO         3162    i.parse_urc_qmtconn  cell_urc.o
    0x0800d314   0x0800d314   0x0000004c   Code   RO         3163    i.parse_urc_qmtdisc  cell_urc.o
    0x0800d360   0x0800d360   0x0000004c   Code   RO         3164    i.parse_urc_qmtopen  cell_urc.o
    0x0800d3ac   0x0800d3ac   0x00000050   Code   RO         3165    i.parse_urc_qmtping  cell_urc.o
    0x0800d3fc   0x0800d3fc   0x00000064   Code   RO         3166    i.parse_urc_qmtpub  cell_urc.o
    0x0800d460   0x0800d460   0x00000058   Code   RO         3167    i.parse_urc_qmtpuns  cell_urc.o
    0x0800d4b8   0x0800d4b8   0x00000068   Code   RO         3168    i.parse_urc_qmtsn_pub  cell_urc.o
    0x0800d520   0x0800d520   0x00000054   Code   RO         3169    i.parse_urc_qmtsn_recv  cell_urc.o
    0x0800d574   0x0800d574   0x00000058   Code   RO         3170    i.parse_urc_qmtsn_reg  cell_urc.o
    0x0800d5cc   0x0800d5cc   0x00000054   Code   RO         3171    i.parse_urc_qmtsn_sleep  cell_urc.o
    0x0800d620   0x0800d620   0x0000004c   Code   RO         3172    i.parse_urc_qmtsn_stat  cell_urc.o
    0x0800d66c   0x0800d66c   0x00000068   Code   RO         3173    i.parse_urc_qmtsn_sub  cell_urc.o
    0x0800d6d4   0x0800d6d4   0x00000058   Code   RO         3174    i.parse_urc_qmtsn_uns  cell_urc.o
    0x0800d72c   0x0800d72c   0x00000054   Code   RO         3175    i.parse_urc_qmtsn_willupd  cell_urc.o
    0x0800d780   0x0800d780   0x00000050   Code   RO         3176    i.parse_urc_qmtstat  cell_urc.o
    0x0800d7d0   0x0800d7d0   0x00000064   Code   RO         3177    i.parse_urc_qmtsub  cell_urc.o
    0x0800d834   0x0800d834   0x000000b8   Code   RO         3178    i.parse_urc_qntp    cell_urc.o
    0x0800d8ec   0x0800d8ec   0x0000013c   Code   RO         3179    i.parse_urc_qping   cell_urc.o
    0x0800da28   0x0800da28   0x000000c8   Code   RO         3180    i.parse_urc_qptwedrxp  cell_urc.o
    0x0800daf0   0x0800daf0   0x00000048   Code   RO         3181    i.parse_urc_qscrub_end  cell_urc.o
    0x0800db38   0x0800db38   0x00000040   Code   RO         3182    i.parse_urc_qsimstat  cell_urc.o
    0x0800db78   0x0800db78   0x0000004c   Code   RO         3183    i.parse_urc_qssl_buffer_mode  cell_urc.o
    0x0800dbc4   0x0800dbc4   0x00000050   Code   RO         3184    i.parse_urc_qssl_closed  cell_urc.o
    0x0800dc14   0x0800dc14   0x00000050   Code   RO         3185    i.parse_urc_qssl_open  cell_urc.o
    0x0800dc64   0x0800dc64   0x00000040   Code   RO         3186    i.parse_urc_qusim   cell_urc.o
    0x0800dca4   0x0800dca4   0x00000002   Code   RO         3187    i.parse_urc_recv    cell_urc.o
    0x0800dca6   0x0800dca6   0x00000002   PAD
    0x0800dca8   0x0800dca8   0x0000004c   Code   RO         3188    i.parse_urc_xtra_dl  cell_urc.o
    0x0800dcf4   0x0800dcf4   0x00000040   Code   RO         2557    i.pdp_type_from_str  cell_modem_semtech.o
    0x0800dd34   0x0800dd34   0x0000002c   Code   RO         2558    i.pdp_type_to_str   cell_modem_semtech.o
    0x0800dd60   0x0800dd60   0x00000214   Code   RO          514    i.perform_action    cell_connect.o
    0x0800df74   0x0800df74   0x00000018   Code   RO          515    i.power_modem_up_down_gpio  cell_connect.o
    0x0800df8c   0x0800df8c   0x00000050   Code   RO          516    i.prepare_simcard   cell_connect.o
    0x0800dfdc   0x0800dfdc   0x00000068   Code   RO          386    i.process_message   cell_task.o
    0x0800e044   0x0800e044   0x0000002c   Code   RO         2972    i.process_remaining_data  cell_at.o
    0x0800e070   0x0800e070   0x00000024   Code   RO         1964    i.quectel_cellular_info_get  cell_modem_quectel.o
    0x0800e094   0x0800e094   0x00000040   Code   RO         1965    i.quectel_enable_functionality  cell_modem_quectel.o
    0x0800e0d4   0x0800e0d4   0x00000040   Code   RO         1966    i.quectel_firmware_version_get  cell_modem_quectel.o
    0x0800e114   0x0800e114   0x0000000e   Code   RO         1967    i.quectel_handle_urc_cereg  cell_modem_quectel.o
    0x0800e122   0x0800e122   0x0000000e   Code   RO         1968    i.quectel_handle_urc_cgreg  cell_modem_quectel.o
    0x0800e130   0x0800e130   0x00000032   Code   RO         1969    i.quectel_handle_urc_cpin  cell_modem_quectel.o
    0x0800e162   0x0800e162   0x0000000c   Code   RO         1970    i.quectel_handle_urc_qiurc_pdpdeact  cell_modem_quectel.o
    0x0800e16e   0x0800e16e   0x00000020   Code   RO         1971    i.quectel_handle_urc_qusim  cell_modem_quectel.o
    0x0800e18e   0x0800e18e   0x00000014   Code   RO         1972    i.quectel_handle_urc_socket_closed  cell_modem_quectel.o
    0x0800e1a2   0x0800e1a2   0x0000001c   Code   RO         1973    i.quectel_handle_urc_socket_incoming  cell_modem_quectel.o
    0x0800e1be   0x0800e1be   0x00000020   Code   RO         1974    i.quectel_handle_urc_socket_open  cell_modem_quectel.o
    0x0800e1de   0x0800e1de   0x00000014   Code   RO         1975    i.quectel_handle_urc_socket_recv  cell_modem_quectel.o
    0x0800e1f2   0x0800e1f2   0x00000002   PAD
    0x0800e1f4   0x0800e1f4   0x00000040   Code   RO         1976    i.quectel_iccid_get  cell_modem_quectel.o
    0x0800e234   0x0800e234   0x0000001c   Code   RO         1977    i.quectel_map_cme_error  cell_modem_quectel.o
    0x0800e250   0x0800e250   0x00000006   Code   RO         1978    i.quectel_map_cms_error  cell_modem_quectel.o
    0x0800e256   0x0800e256   0x00000002   PAD
    0x0800e258   0x0800e258   0x00000038   Code   RO         1979    i.quectel_module_poweroff  cell_modem_quectel.o
    0x0800e290   0x0800e290   0x00000040   Code   RO         1980    i.quectel_neighbour_cell_get  cell_modem_quectel.o
    0x0800e2d0   0x0800e2d0   0x00000044   Code   RO         1981    i.quectel_operator_info_get  cell_modem_quectel.o
    0x0800e314   0x0800e314   0x00000064   Code   RO         1982    i.quectel_operator_settings_set  cell_modem_quectel.o
    0x0800e378   0x0800e378   0x00000060   Code   RO         1983    i.quectel_pdp_activate  cell_modem_quectel.o
    0x0800e3d8   0x0800e3d8   0x0000005c   Code   RO         1984    i.quectel_pdp_deactivate  cell_modem_quectel.o
    0x0800e434   0x0800e434   0x00000068   Code   RO         1985    i.quectel_pdp_settings_get  cell_modem_quectel.o
    0x0800e49c   0x0800e49c   0x00000088   Code   RO         1986    i.quectel_pdp_settings_set  cell_modem_quectel.o
    0x0800e524   0x0800e524   0x00000040   Code   RO         1987    i.quectel_pdp_status_get  cell_modem_quectel.o
    0x0800e564   0x0800e564   0x00000040   Code   RO         1988    i.quectel_serving_cell_get  cell_modem_quectel.o
    0x0800e5a4   0x0800e5a4   0x00000032   Code   RO         1989    i.quectel_sim_pin_enter  cell_modem_quectel.o
    0x0800e5d6   0x0800e5d6   0x00000022   Code   RO         1990    i.quectel_sim_readiness_get  cell_modem_quectel.o
    0x0800e5f8   0x0800e5f8   0x00000074   Code   RO         1991    i.quectel_socket_check_usability  cell_modem_quectel.o
    0x0800e66c   0x0800e66c   0x0000005c   Code   RO         1992    i.quectel_socket_close  cell_modem_quectel.o
    0x0800e6c8   0x0800e6c8   0x00000050   Code   RO         1993    i.quectel_socket_create  cell_modem_quectel.o
    0x0800e718   0x0800e718   0x0000005c   Code   RO         1994    i.quectel_socket_get_data_verify  cell_modem_quectel.o
    0x0800e774   0x0800e774   0x00000070   Code   RO         1995    i.quectel_socket_query_service_status  cell_modem_quectel.o
    0x0800e7e4   0x0800e7e4   0x000000cc   Code   RO         1996    i.quectel_socket_receive  cell_modem_quectel.o
    0x0800e8b0   0x0800e8b0   0x0000006c   Code   RO         1997    i.quectel_socket_recv_unread_len_get  cell_modem_quectel.o
    0x0800e91c   0x0800e91c   0x00000070   Code   RO         1998    i.quectel_socket_send  cell_modem_quectel.o
    0x0800e98c   0x0800e98c   0x00000038   Code   RO         1999    i.quectel_urc_port_config  cell_modem_quectel.o
    0x0800e9c4   0x0800e9c4   0x0000002c   Code   RO          517    i.query_operator_info_wrapper  cell_connect.o
    0x0800e9f0   0x0800e9f0   0x0000002c   Code   RO          518    i.query_pdp_settings_wrapper  cell_connect.o
    0x0800ea1c   0x0800ea1c   0x00000010   Code   RO          519    i.query_psm_settings_wrapper  cell_connect.o
    0x0800ea2c   0x0800ea2c   0x0000002c   Code   RO          520    i.query_rat_settings_wrapper  cell_connect.o
    0x0800ea58   0x0800ea58   0x0000002c   Code   RO          521    i.query_service_domain_wrapper  cell_connect.o
    0x0800ea84   0x0800ea84   0x00000008   Code   RO          522    i.random_int_wrapper  cell_connect.o
    0x0800ea8c   0x0800ea8c   0x00000060   Code   RO         3842    i.rat_mode_set      cell_modem_eg915u.o
    0x0800eaec   0x0800eaec   0x000000a8   Code   RO         1743    i.rat_seq_set       cell_modem_bg95.o
    0x0800eb94   0x0800eb94   0x00000078   Code   RO         2559    i.rat_set           cell_modem_semtech.o
    0x0800ec0c   0x0800ec0c   0x00000008   Code   RO          387    i.read_and_parse_urc  cell_task.o
    0x0800ec14   0x0800ec14   0x000000fc   Code   RO          523    i.read_config       cell_connect.o
    0x0800ed10   0x0800ed10   0x000000ec   Code   RO          524    i.read_network_status  cell_connect.o
    0x0800edfc   0x0800edfc   0x00000090   Code   RO          525    i.reboot_modem      cell_connect.o
    0x0800ee8c   0x0800ee8c   0x0000001c   Code   RO         1145    i.refresh           cell_dfota.o
    0x0800eea8   0x0800eea8   0x0000004c   Code   RO         1514    i.request_prepare   cell_test.o
    0x0800eef4   0x0800eef4   0x00000010   Code   RO         1325    i.reset_inactive_timer  cell_socket.o
    0x0800ef04   0x0800ef04   0x00000018   Code   RO          526    i.reset_modem_gpio  cell_connect.o
    0x0800ef1c   0x0800ef1c   0x0000000e   Code   RO          527    i.reset_modem_software_wrapper  cell_connect.o
    0x0800ef2a   0x0800ef2a   0x00000002   PAD
    0x0800ef2c   0x0800ef2c   0x0000000c   Code   RO          528    i.reset_reboot_counter  cell_connect.o
    0x0800ef38   0x0800ef38   0x00000038   Code   RO         1515    i.result_process    cell_test.o
    0x0800ef70   0x0800ef70   0x00000034   Code   RO         2973    i.seek_and_parse_error_resp  cell_at.o
    0x0800efa4   0x0800efa4   0x0000002e   Code   RO         2974    i.seek_and_parse_final_resp  cell_at.o
    0x0800efd2   0x0800efd2   0x00000038   Code   RO         2975    i.seek_one_line_and_parse_final_resp  cell_at.o
    0x0800f00a   0x0800f00a   0x00000002   PAD
    0x0800f00c   0x0800f00c   0x0000002c   Code   RO         2560    i.semtech_band_mapping_rat  cell_modem_semtech.o
    0x0800f038   0x0800f038   0x000000e8   Code   RO         2561    i.semtech_band_set  cell_modem_semtech.o
    0x0800f120   0x0800f120   0x00000022   Code   RO         2562    i.semtech_enable_sim_functionality  cell_modem_semtech.o
    0x0800f142   0x0800f142   0x00000002   PAD
    0x0800f144   0x0800f144   0x00000040   Code   RO         2563    i.semtech_firmware_version_get  cell_modem_semtech.o
    0x0800f184   0x0800f184   0x00000084   Code   RO         2564    i.semtech_gprs_connection_set  cell_modem_semtech.o
    0x0800f208   0x0800f208   0x0000003c   Code   RO         2565    i.semtech_handle_urc_cereg  cell_modem_semtech.o
    0x0800f244   0x0800f244   0x00000018   Code   RO         2566    i.semtech_handle_urc_ktcp_data  cell_modem_semtech.o
    0x0800f25c   0x0800f25c   0x0000001a   Code   RO         2567    i.semtech_handle_urc_ktcp_ind  cell_modem_semtech.o
    0x0800f276   0x0800f276   0x00000022   Code   RO         2568    i.semtech_handle_urc_ktcp_notif  cell_modem_semtech.o
    0x0800f298   0x0800f298   0x0000001c   Code   RO         2569    i.semtech_handle_urc_ktcp_srvreq  cell_modem_semtech.o
    0x0800f2b4   0x0800f2b4   0x00000040   Code   RO         2570    i.semtech_iccid_get  cell_modem_semtech.o
    0x0800f2f4   0x0800f2f4   0x0000001c   Code   RO         2571    i.semtech_map_cme_error  cell_modem_semtech.o
    0x0800f310   0x0800f310   0x00000006   Code   RO         2572    i.semtech_map_cms_error  cell_modem_semtech.o
    0x0800f316   0x0800f316   0x00000002   PAD
    0x0800f318   0x0800f318   0x00000038   Code   RO         2573    i.semtech_modem_specific_features_set  cell_modem_semtech.o
    0x0800f350   0x0800f350   0x00000038   Code   RO         2574    i.semtech_module_poweroff  cell_modem_semtech.o
    0x0800f388   0x0800f388   0x00000044   Code   RO         2575    i.semtech_operator_info_get  cell_modem_semtech.o
    0x0800f3cc   0x0800f3cc   0x0000006c   Code   RO         2576    i.semtech_operator_settings_set  cell_modem_semtech.o
    0x0800f438   0x0800f438   0x0000005c   Code   RO         2577    i.semtech_pdp_activate  cell_modem_semtech.o
    0x0800f494   0x0800f494   0x00000040   Code   RO         2578    i.semtech_pdp_address_get  cell_modem_semtech.o
    0x0800f4d4   0x0800f4d4   0x00000078   Code   RO         2579    i.semtech_pdp_authentication_set  cell_modem_semtech.o
    0x0800f54c   0x0800f54c   0x00000040   Code   RO         2580    i.semtech_pdp_context_info_get  cell_modem_semtech.o
    0x0800f58c   0x0800f58c   0x0000005c   Code   RO         2581    i.semtech_pdp_deactivate  cell_modem_semtech.o
    0x0800f5e8   0x0800f5e8   0x00000080   Code   RO         2582    i.semtech_pdp_settings_get  cell_modem_semtech.o
    0x0800f668   0x0800f668   0x00000024   Code   RO         2583    i.semtech_pdp_settings_set  cell_modem_semtech.o
    0x0800f68c   0x0800f68c   0x0000002a   Code   RO         2584    i.semtech_pdp_status_get  cell_modem_semtech.o
    0x0800f6b6   0x0800f6b6   0x00000002   PAD
    0x0800f6b8   0x0800f6b8   0x000000a4   Code   RO         2585    i.semtech_rat_settings_get  cell_modem_semtech.o
    0x0800f75c   0x0800f75c   0x00000032   Code   RO         2586    i.semtech_rat_settings_set  cell_modem_semtech.o
    0x0800f78e   0x0800f78e   0x00000002   PAD
    0x0800f790   0x0800f790   0x00000040   Code   RO         2587    i.semtech_service_domain_get  cell_modem_semtech.o
    0x0800f7d0   0x0800f7d0   0x00000070   Code   RO         2588    i.semtech_service_domain_set  cell_modem_semtech.o
    0x0800f840   0x0800f840   0x00000034   Code   RO         2589    i.semtech_sim_enter_pin  cell_modem_semtech.o
    0x0800f874   0x0800f874   0x00000026   Code   RO         2590    i.semtech_sim_readiness_info_get  cell_modem_semtech.o
    0x0800f89a   0x0800f89a   0x00000002   PAD
    0x0800f89c   0x0800f89c   0x000000c4   Code   RO         2591    i.semtech_socket_check_usability  cell_modem_semtech.o
    0x0800f960   0x0800f960   0x00000064   Code   RO         2592    i.semtech_socket_close  cell_modem_semtech.o
    0x0800f9c4   0x0800f9c4   0x00000062   Code   RO         2593    i.semtech_socket_create  cell_modem_semtech.o
    0x0800fa26   0x0800fa26   0x00000002   PAD
    0x0800fa28   0x0800fa28   0x000000d8   Code   RO         2594    i.semtech_socket_receive  cell_modem_semtech.o
    0x0800fb00   0x0800fb00   0x0000006c   Code   RO         2595    i.semtech_socket_recv_unread_len_get  cell_modem_semtech.o
    0x0800fb6c   0x0800fb6c   0x00000090   Code   RO         2596    i.semtech_socket_send  cell_modem_semtech.o
    0x0800fbfc   0x0800fbfc   0x000000dc   Code   RO         2597    i.semtech_tcp_config_socket  cell_modem_semtech.o
    0x0800fcd8   0x0800fcd8   0x00000070   Code   RO         1516    i.send_custom_at_command  cell_test.o
    0x0800fd48   0x0800fd48   0x00000002   Code   RO          529    i.send_custom_at_list  cell_connect.o
    0x0800fd4a   0x0800fd4a   0x00000002   PAD
    0x0800fd4c   0x0800fd4c   0x00000054   Code   RO          388    i.send_msg_with_data  cell_task.o
    0x0800fda0   0x0800fda0   0x00000054   Code   RO          389    i.send_msg_with_value  cell_task.o
    0x0800fdf4   0x0800fdf4   0x00000060   Code   RO         2598    i.send_socket_data_wait_connect  cell_modem_semtech.o
    0x0800fe54   0x0800fe54   0x000000e0   Code   RO         2000    i.send_socket_data_wait_prefix  cell_modem_quectel.o
    0x0800ff34   0x0800ff34   0x00000034   Code   RO         2599    i.service_domain_mapping_cemode  cell_modem_semtech.o
    0x0800ff68   0x0800ff68   0x0000000e   Code   RO         3189    i.set_bit           cell_urc.o
    0x0800ff76   0x0800ff76   0x0000000e   Code   RO          530    i.set_error_display_format_wrapper  cell_connect.o
    0x0800ff84   0x0800ff84   0x00000032   Code   RO          531    i.set_registration_urcs_format_wrapper  cell_connect.o
    0x0800ffb6   0x0800ffb6   0x00000010   Code   RO          532    i.set_ue_functionality_wrapper  cell_connect.o
    0x0800ffc6   0x0800ffc6   0x00000002   PAD
    0x0800ffc8   0x0800ffc8   0x00000064   Code   RO          533    i.setup_modem       cell_connect.o
    0x0801002c   0x0801002c   0x0000002c   Code   RO          534    i.setup_modem_specific_feature_wrapper  cell_connect.o
    0x08010058   0x08010058   0x0000005c   Code   RO          535    i.sim_enter_pin_wrapper  cell_connect.o
    0x080100b4   0x080100b4   0x00000024   Code   RO          536    i.slow_reboot       cell_connect.o
    0x080100d8   0x080100d8   0x00000038   Code   RO         1326    i.socket_check_usability_wrapper  cell_socket.o
    0x08010110   0x08010110   0x00000078   Code   RO         1327    i.socket_close      cell_socket.o
    0x08010188   0x08010188   0x00000058   Code   RO         1328    i.socket_close_incoming  cell_socket.o
    0x080101e0   0x080101e0   0x0000002c   Code   RO         1329    i.socket_close_wrapper  cell_socket.o
    0x0801020c   0x0801020c   0x000000a8   Code   RO         1330    i.socket_create     cell_socket.o
    0x080102b4   0x080102b4   0x00000038   Code   RO         1331    i.socket_create_wrapper  cell_socket.o
    0x080102ec   0x080102ec   0x00000084   Code   RO         1332    i.socket_init       cell_socket.o
    0x08010370   0x08010370   0x00000098   Code   RO         1338    i.socket_process    cell_socket.o
    0x08010408   0x08010408   0x0000000c   Code   RO         1339    i.socket_process_urc_closed  cell_socket.o
    0x08010414   0x08010414   0x00000098   Code   RO         1340    i.socket_process_urc_incoming_connection  cell_socket.o
    0x080104ac   0x080104ac   0x00000040   Code   RO         1341    i.socket_process_urc_incoming_data  cell_socket.o
    0x080104ec   0x080104ec   0x00000018   Code   RO         1342    i.socket_process_urc_open_failed  cell_socket.o
    0x08010504   0x08010504   0x00000048   Code   RO         1343    i.socket_process_urc_opened_success  cell_socket.o
    0x0801054c   0x0801054c   0x0000004c   Code   RO         1344    i.socket_receive    cell_socket.o
    0x08010598   0x08010598   0x0000003c   Code   RO         1345    i.socket_receive_wrapper  cell_socket.o
    0x080105d4   0x080105d4   0x0000006c   Code   RO         1346    i.socket_remote_close  cell_socket.o
    0x08010640   0x08010640   0x0000004c   Code   RO         1347    i.socket_send       cell_socket.o
    0x0801068c   0x0801068c   0x0000003c   Code   RO         1348    i.socket_send_wrapper  cell_socket.o
    0x080106c8   0x080106c8   0x00000034   Code   RO         1349    i.socket_sent_info_get_wrapper  cell_socket.o
    0x080106fc   0x080106fc   0x0000002a   Code   RO         1350    i.socket_verify_data  cell_socket.o
    0x08010726   0x08010726   0x00000002   PAD
    0x08010728   0x08010728   0x00000014   Code   RO         1351    i.start_inactive_timer  cell_socket.o
    0x0801073c   0x0801073c   0x00000036   Code   RO          537    i.start_registration  cell_connect.o
    0x08010772   0x08010772   0x00000002   PAD
    0x08010774   0x08010774   0x00000014   Code   RO          538    i.start_timer       cell_connect.o
    0x08010788   0x08010788   0x00000010   Code   RO         1352    i.stop_inactive_timer  cell_socket.o
    0x08010798   0x08010798   0x00000010   Code   RO          539    i.stop_timer        cell_connect.o
    0x080107a8   0x080107a8   0x00000038   Code   RO         1146    i.success_handler   cell_dfota.o
    0x080107e0   0x080107e0   0x00000060   Code   RO         2600    i.tcp_close         cell_modem_semtech.o
    0x08010840   0x08010840   0x0000005c   Code   RO         2601    i.tcp_connect       cell_modem_semtech.o
    0x0801089c   0x0801089c   0x0000005c   Code   RO         2602    i.tcp_delete        cell_modem_semtech.o
    0x080108f8   0x080108f8   0x0000000a   Code   RO         1147    i.timer_callback    cell_dfota.o
    0x08010902   0x08010902   0x00000002   PAD
    0x08010904   0x08010904   0x00000020   Code   RO         1148    i.timer_start       cell_dfota.o
    0x08010924   0x08010924   0x0000001c   Code   RO         1149    i.timer_stop        cell_dfota.o
    0x08010940   0x08010940   0x0000004c   Code   RO         2976    i.trim_and_validate_line  cell_at.o
    0x0801098c   0x0801098c   0x0000000e   Code   RO          540    i.turn_off_echo_mode_wrapper  cell_connect.o
    0x0801099a   0x0801099a   0x00000002   PAD
    0x0801099c   0x0801099c   0x0000002c   Code   RO          541    i.update_reboot_timeout  cell_connect.o
    0x080109c8   0x080109c8   0x0000006c   Code   RO         1744    i.update_scan_seq_from_iotop_mode  cell_modem_bg95.o
    0x08010a34   0x08010a34   0x00000068   Code   RO         3190    i.urc_is_without_prefix  cell_urc.o
    0x08010a9c   0x08010a9c   0x00000058   Code   RO         3191    i.urc_parse_unsolicited_response  cell_urc.o
    0x08010af4   0x08010af4   0x0000000c   Code   RO         3192    i.urc_set_handler_table  cell_urc.o
    0x08010b00   0x08010b00   0x00000014   Code   RO         1150    i.wireless_init     cell_dfota.o
    0x08010b14   0x08010b14   0x0000002c   Code   RO         1151    i.wireless_init_wrapper  cell_dfota.o
    0x08010b40   0x08010b40   0x0000002c   Code   RO         1152    i.wireless_start_wrapper  cell_dfota.o
    0x08010b6c   0x08010b6c   0x0000002c   Code   RO         4258    locale$$code        c_w.l(lc_numeric_c.o)
    0x08010b98   0x08010b98   0x0000002c   Code   RO         4516    locale$$code        c_w.l(lc_ctype_c.o)
    0x08010bc4   0x08010bc4   0x00000062   Code   RO         4446    x$fpl$d2f           fz_wm.l(d2f.o)
    0x08010c26   0x08010c26   0x00000002   PAD
    0x08010c28   0x08010c28   0x00000010   Code   RO         4653    x$fpl$dcheck1       fz_wm.l(dcheck1.o)
    0x08010c38   0x08010c38   0x00000018   Code   RO         4529    x$fpl$dcmpinf       fz_wm.l(dcmpi.o)
    0x08010c50   0x08010c50   0x00000078   Code   RO         4448    x$fpl$deqf          fz_wm.l(deqf.o)
    0x08010cc8   0x08010cc8   0x00000078   Code   RO         4531    x$fpl$dleqf         fz_wm.l(dleqf.o)
    0x08010d40   0x08010d40   0x00000154   Code   RO         4533    x$fpl$dmul          fz_wm.l(dmul.o)
    0x08010e94   0x08010e94   0x0000009c   Code   RO         4535    x$fpl$dnaninf       fz_wm.l(dnaninf.o)
    0x08010f30   0x08010f30   0x0000000c   Code   RO         4629    x$fpl$dretinf       fz_wm.l(dretinf.o)
    0x08010f3c   0x08010f3c   0x0000006c   Code   RO         4450    x$fpl$drleqf        fz_wm.l(drleqf.o)
    0x08010fa8   0x08010fa8   0x0000000a   Code   RO         4537    x$fpl$fpinit        fz_wm.l(fpinit.o)
    0x08010fb2   0x08010fb2   0x0000000a   Code   RO         4539    x$fpl$fretinf       fz_wm.l(fretinf.o)
    0x08010fbc   0x08010fbc   0x00000004   Code   RO         4164    x$fpl$printf1       fz_wm.l(printf1.o)
    0x08010fc0   0x08010fc0   0x00000004   Code   RO         4166    x$fpl$printf2       fz_wm.l(printf2.o)
    0x08010fc4   0x08010fc4   0x00000064   Code   RO         4673    x$fpl$retnan        fz_wm.l(retnan.o)
    0x08011028   0x08011028   0x0000005c   Code   RO         4631    x$fpl$scalbn        fz_wm.l(scalbn.o)
    0x08011084   0x08011084   0x00000004   Code   RO         4089    x$fpl$scanf1        fz_wm.l(scanf1.o)
    0x08011088   0x08011088   0x00000008   Code   RO         4268    x$fpl$scanf2        fz_wm.l(scanf2.o)
    0x08011090   0x08011090   0x00000030   Code   RO         4675    x$fpl$trapveneer    fz_wm.l(trapv.o)
    0x080110c0   0x080110c0   0x00000000   Code   RO         4274    x$fpl$usenofp       fz_wm.l(usenofp.o)
    0x080110c0   0x080110c0   0x0000004e   Data   RO          543    .constdata          cell_connect.o
    0x0801110e   0x0801110e   0x00000002   PAD
    0x08011110   0x08011110   0x000001df   Data   RO         1745    .constdata          cell_modem_bg95.o
    0x080112ef   0x080112ef   0x00000001   PAD
    0x080112f0   0x080112f0   0x00000227   Data   RO         2001    .constdata          cell_modem_quectel.o
    0x08011517   0x08011517   0x00000001   PAD
    0x08011518   0x08011518   0x00000280   Data   RO         2306    .constdata          cell_modem_common.o
    0x08011798   0x08011798   0x000001f0   Data   RO         2603    .constdata          cell_modem_semtech.o
    0x08011988   0x08011988   0x0000006a   Data   RO         2922    .constdata          cell_modem_semtech_hl7900.o
    0x080119f2   0x080119f2   0x00000002   PAD
    0x080119f4   0x080119f4   0x0000069c   Data   RO         3193    .constdata          cell_urc.o
    0x08012090   0x08012090   0x00000011   Data   RO         3750    .constdata          cell_modem_helper.o
    0x080120a1   0x080120a1   0x00000003   PAD
    0x080120a4   0x080120a4   0x00000040   Data   RO         3843    .constdata          cell_modem_eg915u.o
    0x080120e4   0x080120e4   0x00000028   Data   RO         4024    .constdata          c_w.l(_printf_hex_int_ll_ptr.o)
    0x0801210c   0x0801210c   0x00000011   Data   RO         4044    .constdata          c_w.l(__printf_flags_ss_wp.o)
    0x0801211d   0x0801211d   0x00000003   PAD
    0x08012120   0x08012120   0x00000008   Data   RO         4109    .constdata          c_w.l(_printf_wctomb.o)
    0x08012128   0x08012128   0x00000026   Data   RO         4204    .constdata          c_w.l(_printf_fp_hex.o)
    0x0801214e   0x0801214e   0x00000002   PAD
    0x08012150   0x08012150   0x00000094   Data   RO         4215    .constdata          c_w.l(bigflt0.o)
    0x080121e4   0x080121e4   0x00000004   Data   RO         4284    .constdata          c_w.l(sys_io.o)
    0x080121e8   0x080121e8   0x00000004   Data   RO         4285    .constdata          c_w.l(sys_io.o)
    0x080121ec   0x080121ec   0x00000004   Data   RO         4286    .constdata          c_w.l(sys_io.o)
    0x080121f0   0x080121f0   0x000000b5   Data   RO         1746    .conststring        cell_modem_bg95.o
    0x080122a5   0x080122a5   0x000000ce   Data   RO         2002    .conststring        cell_modem_quectel.o
    0x08012373   0x08012373   0x00000170   Data   RO         2307    .conststring        cell_modem_common.o
    0x080124e3   0x080124e3   0x0000007f   Data   RO         2604    .conststring        cell_modem_semtech.o
    0x08012562   0x08012562   0x00000019   Data   RO         2923    .conststring        cell_modem_semtech_hl7900.o
    0x0801257b   0x0801257b   0x00000032   Data   RO         2977    .conststring        cell_at.o
    0x080125ad   0x080125ad   0x00000a62   Data   RO         3194    .conststring        cell_urc.o
    0x0801300f   0x0801300f   0x00000002   Data   RO         1747    .conststrlit        cell_modem_bg95.o
    0x08013011   0x08013011   0x00000003   PAD
    0x08013014   0x08013014   0x00000020   Data   RO         4677    Region$$Table       anon$$obj.o
    0x08013034   0x08013034   0x00000008   Data   RO         4263    c$$dinf             fz_wm.l(fpconst.o)
    0x0801303c   0x0801303c   0x0000001c   Data   RO         4257    locale$$data        c_w.l(lc_numeric_c.o)
    0x08013058   0x08013058   0x00000110   Data   RO         4515    locale$$data        c_w.l(lc_ctype_c.o)


    Execution Region RW_IRAM1 (Exec base: 0x20000000, Load base: 0x08013168, Size: 0x00001598, Max: 0x00050000, ABSOLUTE, COMPRESSED[0x00000220])

    Exec Addr    Load Addr    Size         Type   Attr      Idx    E Section Name        Object

    0x20000000   COMPRESSED   0x00000001   Data   RW          264    .data               cell_log.o
    0x20000001   COMPRESSED   0x00000002   Data   RW          309    .data               cell_os.o
    0x20000003   COMPRESSED   0x00000001   PAD
    0x20000004   COMPRESSED   0x0000000c   Data   RW          391    .data               cell_task.o
    0x20000010   COMPRESSED   0x0000000d   Data   RW          544    .data               cell_connect.o
    0x2000001d   COMPRESSED   0x00000003   PAD
    0x20000020   COMPRESSED   0x00000010   Data   RW         1154    .data               cell_dfota.o
    0x20000030   COMPRESSED   0x00000004   Data   RW         1354    .data               cell_socket.o
    0x20000034   COMPRESSED   0x00000004   Data   RW         1517    .data               cell_test.o
    0x20000038   COMPRESSED   0x0000036c   Data   RW         1748    .data               cell_modem_bg95.o
    0x200003a4   COMPRESSED   0x00000004   Data   RW         2308    .data               cell_modem_common.o
    0x200003a8   COMPRESSED   0x000002dc   Data   RW         2605    .data               cell_modem_semtech.o
    0x20000684   COMPRESSED   0x0000008c   Data   RW         2924    .data               cell_modem_semtech_hl7900.o
    0x20000710   COMPRESSED   0x00000020   Data   RW         2978    .data               cell_at.o
    0x20000730   COMPRESSED   0x00000004   Data   RW         3195    .data               cell_urc.o
    0x20000734   COMPRESSED   0x00000368   Data   RW         3845    .data               cell_modem_eg915u.o
    0x20000a9c   COMPRESSED   0x00000004   Data   RW         4157    .data               c_w.l(stdio_streams.o)
    0x20000aa0   COMPRESSED   0x00000004   Data   RW         4158    .data               c_w.l(stdio_streams.o)
    0x20000aa4   COMPRESSED   0x00000004   Data   RW         4159    .data               c_w.l(stdio_streams.o)
    0x20000aa8        -       0x00000018   Zero   RW          390    .bss                cell_task.o
    0x20000ac0        -       0x000001a0   Zero   RW          542    .bss                cell_connect.o
    0x20000c60        -       0x000001a0   Zero   RW         1153    .bss                cell_dfota.o
    0x20000e00        -       0x00000030   Zero   RW         1353    .bss                cell_socket.o
    0x20000e30        -       0x0000000c   Zero   RW         1566    .bss                cell_com.o
    0x20000e3c        -       0x00000054   Zero   RW         4154    .bss                c_w.l(stdio_streams.o)
    0x20000e90        -       0x00000054   Zero   RW         4155    .bss                c_w.l(stdio_streams.o)
    0x20000ee4        -       0x00000054   Zero   RW         4156    .bss                c_w.l(stdio_streams.o)
    0x20000f38        -       0x00000060   Zero   RW         4289    .bss                c_w.l(libspace.o)
    0x20000f98        -       0x00000200   Zero   RW         3919    HEAP                startup_stm32f413xx.o
    0x20001198        -       0x00000400   Zero   RW         3918    STACK               startup_stm32f413xx.o


==============================================================================

Image component sizes


      Code (inc. data)   RO Data    RW Data    ZI Data      Debug   Object Name

         0          0          0          0          0      22616   cell_api.o
      1254        146         50         32          0      10998   cell_at.o
       354         78          0          0         12       6115   cell_com.o
      6478       1518         78         13        416      87796   cell_connect.o
      1708        614          0         16        416      17337   cell_dfota.o
        14          0          0          0          0       3154   cell_driver_interface.o
       208         64          0          1          0       2327   cell_log.o
      4360        874        662        876          0      30787   cell_modem_bg95.o
      3688        556       1008          4          0      47736   cell_modem_common.o
       928        192         64        872          0       9005   cell_modem_eg915u.o
      1756         94         17          0          0      13475   cell_modem_helper.o
      5976       1024        757          0          0      40734   cell_modem_quectel.o
      6956       1208        623        732          0      51969   cell_modem_semtech.o
       406         38        131        140          0       3799   cell_modem_semtech_hl7900.o
      1122        114          0          0          0      14805   cell_monitoring.o
        76         12          0          2          0       6369   cell_os.o
      2030        370          0          4         48      17580   cell_socket.o
       868        250          0         12         24       6294   cell_task.o
       480         76          0          4          0       4112   cell_test.o
     12618       3562       4350          4          0      74241   cell_urc.o
        16          0          0          0          0        407   main.o
        64         26        472          0       1536        840   startup_stm32f413xx.o
        20          6          0          0          0        445   system_stm32f4xx.o

    ----------------------------------------------------------------------
     51460      10822       8256       2716       2452     472941   Object Totals
         0          0         32          0          0          0   (incl. Generated)
        80          0         12          4          0          0   (incl. Padding)

    ----------------------------------------------------------------------

      Code (inc. data)   RO Data    RW Data    ZI Data      Debug   Library Member Name

        60          8          0          0          0         84   __0sscanf.o
        24          4          0          0          0         84   __2printf.o
        56          6          0          0          0         88   __2snprintf.o
        90          0          0          0          0          0   __dczerorl2.o
         8          0          0          0          0         68   __main.o
       396          6         17          0          0         92   __printf_flags_ss_wp.o
        14          0          0          0          0         68   __printf_wp.o
        52          8          0          0          0          0   __scatter.o
        28          0          0          0          0          0   __scatter_zi.o
        28          0          0          0          0         68   _chval.o
        60          0          0          0          0         92   _mbrtowc.o
         6          0          0          0          0          0   _printf_a.o
         6          0          0          0          0          0   _printf_c.o
        44          0          0          0          0        108   _printf_char.o
        48          6          0          0          0         96   _printf_char_common.o
        36          4          0          0          0         80   _printf_char_file.o
        42          0          0          0          0         68   _printf_charcount.o
         6          0          0          0          0          0   _printf_d.o
       120         18          0          0          0         92   _printf_dec.o
         6          0          0          0          0          0   _printf_e.o
         6          0          0          0          0          0   _printf_f.o
      1056          0          0          0          0        212   _printf_fp_dec.o
       772         10         38          0          0        100   _printf_fp_hex.o
       128         16          0          0          0         84   _printf_fp_infnan.o
         6          0          0          0          0          0   _printf_g.o
       156          6         40          0          0        160   _printf_hex_int_ll_ptr.o
         6          0          0          0          0          0   _printf_i.o
       184          0          0          0          0         88   _printf_intcommon.o
        10          0          0          0          0          0   _printf_l.o
         6          0          0          0          0          0   _printf_lc.o
        10          0          0          0          0          0   _printf_ll.o
         6          0          0          0          0          0   _printf_lld.o
         6          0          0          0          0          0   _printf_lli.o
         6          0          0          0          0          0   _printf_llo.o
         6          0          0          0          0          0   _printf_llu.o
         6          0          0          0          0          0   _printf_llx.o
       120         16          0          0          0         92   _printf_longlong_dec.o
         6          0          0          0          0          0   _printf_ls.o
         6          0          0          0          0          0   _printf_n.o
         6          0          0          0          0          0   _printf_o.o
       120          8          0          0          0        124   _printf_oct_int_ll.o
         6          0          0          0          0          0   _printf_p.o
        82          0          0          0          0        108   _printf_pad.o
         0          0          0          0          0          0   _printf_percent.o
         4          0          0          0          0          0   _printf_percent_end.o
         6          0          0          0          0          0   _printf_s.o
        82          0          0          0          0         80   _printf_str.o
        36          0          0          0          0         84   _printf_truncate.o
         6          0          0          0          0          0   _printf_u.o
        44          0          0          0          0        108   _printf_wchar.o
       188          6          8          0          0         92   _printf_wctomb.o
         6          0          0          0          0          0   _printf_x.o
        22          0          0          0          0        100   _rserrno.o
       880          4          0          0          0        100   _scanf.o
       336          0          0          0          0         92   _scanf_int.o
       342          0          0          0          0         96   _scanf_longlong.o
       272          0          0          0          0         96   _scanf_mbtowc.o
       218          0          0          0          0         92   _scanf_str.o
        30          0          0          0          0         76   _scanf_wcharmap.o
       226          0          0          0          0         96   _scanf_wctomb.o
       202          0          0          0          0         92   _scanf_wstr.o
        64          0          0          0          0         84   _sgetc.o
        16          0          0          0          0         68   _snputc.o
        10          0          0          0          0         68   _sputc.o
        64          0          0          0          0         92   _wcrtomb.o
       228          6        148          0          0         96   bigflt0.o
      2074        132          0          0          0        940   btod.o
        10          0          0          0          0         68   defsig_exit.o
        50          0          0          0          0         88   defsig_general.o
        80         58          0          0          0         76   defsig_rtmem_inner.o
        14          0          0          0          0         80   defsig_rtmem_outer.o
        52         38          0          0          0         76   defsig_rtred_inner.o
        14          0          0          0          0         80   defsig_rtred_outer.o
        12          0          0          0          0         72   exit.o
        76          0          0          0          0         88   fclose.o
         8          0          0          0          0         68   ferror.o
       478          0          0          0          0         88   flsbuf.o
       236          4          0          0          0        128   fopen.o
        26          0          0          0          0         68   fputc.o
       248          6          0          0          0         84   fseek.o
        70          0          0          0          0         76   ftell.o
        94          0          0          0          0         80   h1_alloc.o
        52          0          0          0          0         68   h1_extend.o
        78          0          0          0          0         80   h1_free.o
        14          0          0          0          0         84   h1_init.o
         6          0          0          0          0        152   heapauxi.o
         4          0          0          0          0        136   hguard.o
         0          0          0          0          0          0   indicate_semi.o
       138          0          0          0          0        168   init_alloc.o
       312         46          0          0          0        112   initio.o
        18          0          0          0          0         76   isspace.o
        44         10        272          0          0         76   lc_ctype_c.o
        44         10         28          0          0         76   lc_numeric_c.o
         2          0          0          0          0          0   libinit.o
        46          0          0          0          0          0   libinit2.o
         2          0          0          0          0          0   libshutdown.o
         6          0          0          0          0          0   libshutdown2.o
         8          4          0          0         96         68   libspace.o
        38          0          0          0          0         68   llshl.o
       138          0          0          0          0         80   lludiv10.o
         0          0          0          0          0          0   maybetermalloc1.o
        88          0          0          0          0         76   memcmp.o
        16          4          0          0          0         76   rt_ctype_table.o
         8          4          0          0          0         68   rt_errno_addr_intlibspace.o
         8          4          0          0          0         68   rt_heap_descriptor_intlibspace.o
         8          4          0          0          0         68   rt_locale_intlibspace.o
        68          0          0          0          0         68   rt_memclr.o
        78          0          0          0          0         80   rt_memclr_w.o
       138          0          0          0          0         68   rt_memcpy_v6.o
       100          0          0          0          0         80   rt_memcpy_w.o
       132          0          0          0          0         68   rt_memmove_v6.o
       122          0          0          0          0         80   rt_memmove_w.o
         0          0          0          0          0          0   rtentry.o
        12          0          0          0          0          0   rtentry2.o
         6          0          0          0          0          0   rtentry4.o
         2          0          0          0          0          0   rtexit.o
        10          0          0          0          0          0   rtexit2.o
        44          8          0          0          0         84   scanf_char.o
      1188         12          0          0          0        144   scanf_fp.o
       788         12          0          0          0         96   scanf_hexfp.o
       316         18          0          0          0         96   scanf_infnan.o
        70          0          0          0          0         80   setvbuf.o
        60          8          0          0          0         84   sscanf.o
       240          6          0          0          0        156   stdio.o
         0          0          0         12        252          0   stdio_streams.o
        24          0          0          0          0         68   strcat.o
        20          0          0          0          0         68   strchr.o
       128          0          0          0          0         68   strcmpv7m.o
        72          0          0          0          0         80   strcpy.o
        62          0          0          0          0         76   strlen.o
       150          0          0          0          0         80   strncmp.o
        86          0          0          0          0         76   strncpy.o
        36          0          0          0          0         80   strstr.o
        12          4          0          0          0         68   sys_exit.o
       102          0         12          0          0        240   sys_io.o
        74          0          0          0          0         80   sys_stackheap_outer.o
        14          0          0          0          0         76   sys_wrch.o
         2          0          0          0          0         68   use_no_semi.o
        12          4          0          0          0         68   vprintf.o
        98          4          0          0          0        140   d2f.o
        16          4          0          0          0        116   dcheck1.o
        24          0          0          0          0        116   dcmpi.o
       120          4          0          0          0        140   deqf.o
       120          4          0          0          0        140   dleqf.o
       340         12          0          0          0        152   dmul.o
       156          4          0          0          0        140   dnaninf.o
        12          0          0          0          0        116   dretinf.o
       108          0          0          0          0        128   drleqf.o
         0          0          8          0          0          0   fpconst.o
        10          0          0          0          0        116   fpinit.o
        10          0          0          0          0        116   fretinf.o
         4          0          0          0          0        116   printf1.o
         4          0          0          0          0        116   printf2.o
       100          0          0          0          0        116   retnan.o
        92          0          0          0          0        116   scalbn.o
         4          0          0          0          0        116   scanf1.o
         8          0          0          0          0        132   scanf2.o
        48          0          0          0          0        116   trapv.o
         0          0          0          0          0          0   usenofp.o
        32          8          0          0          0        124   dunder.o
        48          0          0          0          0        124   fpclassify.o
       156         22          0          0          0        132   frexp.o
       252         16          0          0          0        308   ldexp.o
       184         18          0          0          0        152   narrow.o

    ----------------------------------------------------------------------
     17892        624        576         12        348      12896   Library Totals
        30          0          5          0          0          0   (incl. Padding)

    ----------------------------------------------------------------------

      Code (inc. data)   RO Data    RW Data    ZI Data      Debug   Library Name

     15916        528        563         12        348       9808   c_w.l
      1274         32          8          0          0       2248   fz_wm.l
       672         64          0          0          0        840   m_wm.l

    ----------------------------------------------------------------------
     17892        624        576         12        348      12896   Library Totals

    ----------------------------------------------------------------------

==============================================================================


      Code (inc. data)   RO Data    RW Data    ZI Data      Debug   

     69352      11446       8832       2728       2800     417417   Grand Totals
     69352      11446       8832        544       2800     417417   ELF Image Totals (compressed)
     69352      11446       8832        544          0          0   ROM Totals

==============================================================================

    Total RO  Size (Code + RO Data)                78184 (  76.35kB)
    Total RW  Size (RW Data + ZI Data)              5528 (   5.40kB)
    Total ROM Size (Code + RO Data + RW Data)      78728 (  76.88kB)

==============================================================================

