Component: ARM Compiler 6.16 Tool: armlink [5dfeaa00]

==============================================================================

Removing Unused input sections from the image.

    Removing cell_api.o(.text), (0 bytes).
    Removing cell_api.o(.text.cell_init), (20 bytes).
    Removing cell_api.o(.ARM.exidx.text.cell_init), (8 bytes).
    Removing cell_api.o(.text.cell_deinit), (2 bytes).
    Removing cell_api.o(.ARM.exidx.text.cell_deinit), (8 bytes).
    Removing cell_api.o(.text.cell_connect), (22 bytes).
    Removing cell_api.o(.ARM.exidx.text.cell_connect), (8 bytes).
    Removing cell_api.o(.text.cell_context_create), (82 bytes).
    Removing cell_api.o(.ARM.exidx.text.cell_context_create), (8 bytes).
    Removing cell_api.o(.text.cell_PDP_config), (12 bytes).
    Removing cell_api.o(.ARM.exidx.text.cell_PDP_config), (8 bytes).
    Removing cell_api.o(.text.cell_DNS_config), (12 bytes).
    Removing cell_api.o(.ARM.exidx.text.cell_DNS_config), (8 bytes).
    Removing cell_api.o(.text.cell_simcard_info_get), (22 bytes).
    Removing cell_api.o(.ARM.exidx.text.cell_simcard_info_get), (8 bytes).
    Removing cell_api.o(.text.cell_simcard_swap_start), (12 bytes).
    Removing cell_api.o(.ARM.exidx.text.cell_simcard_swap_start), (8 bytes).
    Removing cell_api.o(.text.cell_simcard_swap_abort), (10 bytes).
    Removing cell_api.o(.ARM.exidx.text.cell_simcard_swap_abort), (8 bytes).
    Removing cell_api.o(.text.cell_modem_info_get), (22 bytes).
    Removing cell_api.o(.ARM.exidx.text.cell_modem_info_get), (8 bytes).
    Removing cell_api.o(.text.cell_cellular_info_get), (22 bytes).
    Removing cell_api.o(.ARM.exidx.text.cell_cellular_info_get), (8 bytes).
    Removing cell_api.o(.text.cell_service_status_get), (22 bytes).
    Removing cell_api.o(.ARM.exidx.text.cell_service_status_get), (8 bytes).
    Removing cell_api.o(.text.cell_network_info_get), (22 bytes).
    Removing cell_api.o(.ARM.exidx.text.cell_network_info_get), (8 bytes).
    Removing cell_api.o(.text.cell_reject_cause_get), (12 bytes).
    Removing cell_api.o(.ARM.exidx.text.cell_reject_cause_get), (8 bytes).
    Removing cell_api.o(.text.cell_psm_config), (12 bytes).
    Removing cell_api.o(.ARM.exidx.text.cell_psm_config), (8 bytes).
    Removing cell_api.o(.text.cell_psm_settings_get), (22 bytes).
    Removing cell_api.o(.ARM.exidx.text.cell_psm_settings_get), (8 bytes).
    Removing cell_api.o(.text.cell_edrx_config), (12 bytes).
    Removing cell_api.o(.ARM.exidx.text.cell_edrx_config), (8 bytes).
    Removing cell_api.o(.text.cell_edrx_settings_get), (12 bytes).
    Removing cell_api.o(.ARM.exidx.text.cell_edrx_settings_get), (8 bytes).
    Removing cell_api.o(.text.cell_ping_answer_config), (12 bytes).
    Removing cell_api.o(.ARM.exidx.text.cell_ping_answer_config), (8 bytes).
    Removing cell_api.o(.text.cell_socket_create), (22 bytes).
    Removing cell_api.o(.ARM.exidx.text.cell_socket_create), (8 bytes).
    Removing cell_api.o(.text.cell_socket_send), (22 bytes).
    Removing cell_api.o(.ARM.exidx.text.cell_socket_send), (8 bytes).
    Removing cell_api.o(.text.cell_socket_receive), (22 bytes).
    Removing cell_api.o(.ARM.exidx.text.cell_socket_receive), (8 bytes).
    Removing cell_api.o(.text.cell_socket_close), (18 bytes).
    Removing cell_api.o(.ARM.exidx.text.cell_socket_close), (8 bytes).
    Removing cell_api.o(.text.cell_socket_verify_data), (22 bytes).
    Removing cell_api.o(.ARM.exidx.text.cell_socket_verify_data), (8 bytes).
    Removing cell_api.o(.text.cell_time_sync), (12 bytes).
    Removing cell_api.o(.ARM.exidx.text.cell_time_sync), (8 bytes).
    Removing cell_api.o(.text.cell_time_get), (12 bytes).
    Removing cell_api.o(.ARM.exidx.text.cell_time_get), (8 bytes).
    Removing cell_api.o(.text.cell_dfota_start), (22 bytes).
    Removing cell_api.o(.ARM.exidx.text.cell_dfota_start), (8 bytes).
    Removing cell_api.o(.text.cell_dfota_write), (22 bytes).
    Removing cell_api.o(.ARM.exidx.text.cell_dfota_write), (8 bytes).
    Removing cell_api.o(.text.cell_dfota_activate), (18 bytes).
    Removing cell_api.o(.ARM.exidx.text.cell_dfota_activate), (8 bytes).
    Removing cell_api.o(.text.cell_dfota_abort), (18 bytes).
    Removing cell_api.o(.ARM.exidx.text.cell_dfota_abort), (8 bytes).
    Removing cell_api.o(.text.cell_log_config), (20 bytes).
    Removing cell_api.o(.ARM.exidx.text.cell_log_config), (8 bytes).
    Removing cell_api.o(.text.cell_tcp_config), (12 bytes).
    Removing cell_api.o(.ARM.exidx.text.cell_tcp_config), (8 bytes).
    Removing cell_api.o(.text.cell_test), (26 bytes).
    Removing cell_api.o(.ARM.exidx.text.cell_test), (8 bytes).
    Removing cell_log.o(.text), (0 bytes).
    Removing cell_log.o(.text.cell_log_set_level), (24 bytes).
    Removing cell_log.o(.ARM.exidx.text.cell_log_set_level), (8 bytes).
    Removing cell_log.o(.ARM.exidx.text.cell_log_print), (8 bytes).
    Removing cell_log.o(.ARM.exidx.text.cell_log_normal), (8 bytes).
[...]
    0x08008ad8   0x08008ad8   0x0000005c   Code   RO         1001    .text.common_signal_quality_report  cell_modem_common.o
    0x08008b34   0x08008b34   0x0000005c   Code   RO          949    .text.common_sim_readiness_check  cell_modem_common.o
    0x08008b90   0x08008b90   0x0000005c   Code   RO          987    .text.common_ue_functionality_get  cell_modem_common.o
    0x08008bec   0x08008bec   0x00000062   Code   RO          985    .text.common_ue_functionality_set  cell_modem_common.o
    0x08008c4e   0x08008c4e   0x00000002   PAD
    0x08008c50   0x08008c50   0x0000004a   Code   RO          983    .text.common_ue_reset  cell_modem_common.o
    0x08008c9a   0x08008c9a   0x00000002   PAD
    0x08008c9c   0x08008c9c   0x000000fc   Code   RO          207    .text.config        cell_connect.o
    0x08008d98   0x08008d98   0x0000004c   Code   RO          289    .text.config_operator_wrapper  cell_connect.o
    0x08008de4   0x08008de4   0x0000004c   Code   RO          287    .text.config_pdp_wrapper  cell_connect.o
    0x08008e30   0x08008e30   0x00000014   Code   RO          297    .text.config_psm_wrapper  cell_connect.o
    0x08008e44   0x08008e44   0x00000054   Code   RO          293    .text.config_rat_wrapper  cell_connect.o
    0x08008e98   0x08008e98   0x0000004c   Code   RO          295    .text.config_service_domain_wrapper  cell_connect.o
    0x08008ee4   0x08008ee4   0x0000004e   Code   RO          157    .text.connection_init  cell_connect.o
    0x08008f32   0x08008f32   0x00000002   PAD
    0x08008f34   0x08008f34   0x00000014   Code   RO          177    .text.connection_is_ready  cell_connect.o
    0x08008f48   0x08008f48   0x00000024   Code   RO          171    .text.connection_notify_action  cell_connect.o
    0x08008f6c   0x08008f6c   0x00000018   Code   RO          175    .text.connection_notify_timer_expired  cell_connect.o
    0x08008f84   0x08008f84   0x000000a4   Code   RO          173    .text.connection_notify_urc  cell_connect.o
    0x08009028   0x08009028   0x0000009e   Code   RO          161    .text.connection_process  cell_connect.o
    0x080090c6   0x080090c6   0x00000002   PAD
    0x080090c8   0x080090c8   0x0000000e   Code   RO          159    .text.connection_timer_callback  cell_connect.o
    0x080090d6   0x080090d6   0x00000002   PAD
    0x080090d8   0x080090d8   0x00000076   Code   RO         1023    .text.convert_ber_level_to_percent  cell_modem_common.o
    0x0800914e   0x0800914e   0x00000002   PAD
    0x08009150   0x08009150   0x000000ac   Code   RO         1339    .text.convert_ip_str  cell_urc.o
    0x080091fc   0x080091fc   0x0000007c   Code   RO         1021    .text.convert_rssi_level_to_dbm  cell_modem_common.o
    0x08009278   0x08009278   0x00000092   Code   RO         1025    .text.convert_rssi_to_bars  cell_modem_common.o
    0x0800930a   0x0800930a   0x00000002   PAD
    0x0800930c   0x0800930c   0x000000e2   Code   RO          143    .text.create_cellular_context  cell_task.o
    0x080093ee   0x080093ee   0x00000002   PAD
    0x080093f0   0x080093f0   0x0000004e   Code   RO          327    .text.deactivate_pdp_context_wrapper  cell_connect.o
    0x0800943e   0x0800943e   0x00000002   PAD
    0x08009440   0x08009440   0x00000068   Code   RO         1019    .text.decode_timer  cell_modem_common.o
    0x080094a8   0x080094a8   0x00000086   Code   RO          839    .text.define_pdp_context  cell_modem_semtech.o
    0x0800952e   0x0800952e   0x00000002   PAD
    0x08009530   0x08009530   0x0000004e   Code   RO          361    .text.dfota_init    cell_dfota.o
    0x0800957e   0x0800957e   0x00000002   PAD
    0x08009580   0x08009580   0x00000018   Code   RO          407    .text.dfota_notify_timer_expired  cell_dfota.o
    0x08009598   0x08009598   0x0000003c   Code   RO          405    .text.dfota_notify_urc  cell_dfota.o
    0x080095d4   0x080095d4   0x000001a2   Code   RO          365    .text.dfota_process  cell_dfota.o
    0x08009776   0x08009776   0x00000002   PAD
    0x08009778   0x08009778   0x00000010   Code   RO          367    .text.dfota_running_state_check  cell_dfota.o
    0x08009788   0x08009788   0x00000022   Code   RO          285    .text.disable_functionality  cell_connect.o
    0x080097aa   0x080097aa   0x00000002   PAD
    0x080097ac   0x080097ac   0x00000074   Code   RO         1051    .text.does_prefix_match  cell_at.o
    0x08009820   0x08009820   0x00000012   Code   RO          393    .text.download_cancel  cell_dfota.o
    0x08009832   0x08009832   0x00000002   PAD
    0x08009834   0x08009834   0x0000004c   Code   RO          417    .text.download_cancel_wrapper  cell_dfota.o
    0x08009880   0x08009880   0x0000001e   Code   RO         1519    .text.eg915u_modem_specific_features_set  cell_modem_eg915u.o
    0x0800989e   0x0800989e   0x00000002   PAD
    0x080098a0   0x080098a0   0x00000094   Code   RO         1521    .text.eg915u_rat_settings_get  cell_modem_eg915u.o
    0x08009934   0x08009934   0x00000052   Code   RO         1523    .text.eg915u_rat_settings_set  cell_modem_eg915u.o
    0x08009986   0x08009986   0x00000002   PAD
    0x08009988   0x08009988   0x00000014   Code   RO         1525    .text.eg915u_service_domain_get  cell_modem_eg915u.o
    0x0800999c   0x0800999c   0x00000014   Code   RO         1527    .text.eg915u_service_domain_set  cell_modem_eg915u.o
    0x080099b0   0x080099b0   0x00000074   Code   RO          305    .text.enable_functionality  cell_connect.o
    0x08009a24   0x08009a24   0x0000008c   Code   RO          981    .text.encode_timer  cell_modem_common.o
    0x08009ab0   0x08009ab0   0x0000003e   Code   RO          419    .text.event_notify  cell_dfota.o
    0x08009aee   0x08009aee   0x00000002   PAD
    0x08009af0   0x08009af0   0x0000002a   Code   RO          607    .text.event_notify  cell_test.o
    0x08009b1a   0x08009b1a   0x00000002   PAD
    0x08009b1c   0x08009b1c   0x0000008c   Code   RO          477    .text.execute       cell_monitoring.o
    0x08009ba8   0x08009ba8   0x00000046   Code   RO          249    .text.execute_command  cell_connect.o
    0x08009bee   0x08009bee   0x00000002   PAD
    0x08009bf0   0x08009bf0   0x0000004e   Code   RO          291    .text.execute_command_with_side_effect  cell_connect.o
    0x08009c3e   0x08009c3e   0x00000002   PAD
    0x08009c40   0x08009c40   0x00000034   Code   RO          337    .text.fast_reboot   cell_connect.o
    0x08009c74   0x08009c74   0x000000c4   Code   RO          569    .text.find_first_available_socket  cell_socket.o
    0x08009d38   0x08009d38   0x00000018   Code   RO          375    .text.fota_write    cell_dfota.o
    0x08009d50   0x08009d50   0x0000000e   Code   RO          379    .text.generic_error_handler  cell_dfota.o
    0x08009d5e   0x08009d5e   0x00000002   PAD
    0x08009d60   0x08009d60   0x00000080   Code   RO          457    .text.get_cellular_info  cell_monitoring.o
    0x08009de0   0x08009de0   0x0000004c   Code   RO          497    .text.get_cellular_info_wrapper  cell_monitoring.o
    0x08009e2c   0x08009e2c   0x000000c2   Code   RO         1337    .text.get_class_type  cell_urc.o
    0x08009eee   0x08009eee   0x00000002   PAD
    0x08009ef0   0x08009ef0   0x00000014   Code   RO          501    .text.get_cs_network_reg_status_wrapper  cell_monitoring.o
    0x08009f04   0x08009f04   0x00000014   Code   RO          505    .text.get_eps_network_reg_status_wrapper  cell_monitoring.o
    0x08009f18   0x08009f18   0x00000014   Code   RO          315    .text.get_eps_registration_status_wrapper  cell_connect.o
    0x08009f2c   0x08009f2c   0x0000005a   Code   RO          489    .text.get_fw_ver_wrapper  cell_monitoring.o
    0x08009f86   0x08009f86   0x00000002   PAD
    0x08009f88   0x08009f88   0x00000014   Code   RO          507    .text.get_gprs_network_reg_status_wrapper  cell_monitoring.o
    0x08009f9c   0x08009f9c   0x00000014   Code   RO          317    .text.get_gprs_registration_status_wrapper  cell_connect.o
    0x08009fb0   0x08009fb0   0x0000004c   Code   RO          481    .text.get_iccid_wrapper  cell_monitoring.o
    0x08009ffc   0x08009ffc   0x00000014   Code   RO          491    .text.get_imei_wrapper  cell_monitoring.o
    0x0800a010   0x0800a010   0x00000014   Code   RO          479    .text.get_imsi_wrapper  cell_monitoring.o
    0x0800a024   0x0800a024   0x0000008c   Code   RO         1335    .text.get_ip_type   cell_urc.o
    0x0800a0b0   0x0800a0b0   0x00000014   Code   RO          261    .text.get_manufacturer_id_wrapper  cell_connect.o
    0x0800a0c4   0x0800a0c4   0x00000014   Code   RO          485    .text.get_manufacturer_info_wrapper  cell_monitoring.o
    0x0800a0d8   0x0800a0d8   0x00000050   Code   RO         1533    .text.get_mode_from_seq  cell_modem_eg915u.o
    0x0800a128   0x0800a128   0x00000014   Code   RO          263    .text.get_model_id_wrapper  cell_connect.o
    0x0800a13c   0x0800a13c   0x00000014   Code   RO          487    .text.get_model_id_wrapper  cell_monitoring.o
    0x0800a150   0x0800a150   0x000000a8   Code   RO          453    .text.get_modem_info  cell_monitoring.o
    0x0800a1f8   0x0800a1f8   0x0000005a   Code   RO          265    .text.get_modem_version_wrapper  cell_connect.o
    0x0800a252   0x0800a252   0x00000002   PAD
    0x0800a254   0x0800a254   0x0000005e   Code   RO          461    .text.get_network_info  cell_monitoring.o
    0x0800a2b2   0x0800a2b2   0x00000002   PAD
    0x0800a2b4   0x0800a2b4   0x00000022   Code   RO          253    .text.get_next_reboot_timeout  cell_connect.o
    0x0800a2d6   0x0800a2d6   0x00000002   PAD
    0x0800a2d8   0x0800a2d8   0x0000004c   Code   RO          503    .text.get_operator_info_wrapper  cell_monitoring.o
    0x0800a324   0x0800a324   0x0000004c   Code   RO          323    .text.get_pdp_status_wrapper  cell_connect.o
    0x0800a370   0x0800a370   0x0000004c   Code   RO          509    .text.get_pdp_status_wrapper  cell_monitoring.o
    0x0800a3bc   0x0800a3bc   0x00000014   Code   RO          495    .text.get_psm_config_wrapper  cell_monitoring.o
    0x0800a3d0   0x0800a3d0   0x0000005e   Code   RO          455    .text.get_psm_setting  cell_monitoring.o
    0x0800a42e   0x0800a42e   0x00000002   PAD
    0x0800a430   0x0800a430   0x00000058   Code   RO         1341    .text.get_rat_type  cell_urc.o
    0x0800a488   0x0800a488   0x0000005a   Code   RO         1504    .text.get_rat_type  cell_modem_quectel.o
    0x0800a4e2   0x0800a4e2   0x00000002   PAD
    0x0800a4e4   0x0800a4e4   0x0000012c   Code   RO          309    .text.get_registration_status  cell_connect.o
    0x0800a610   0x0800a610   0x00000080   Code   RO          563    .text.get_server_id_from_connect_id  cell_socket.o
    0x0800a690   0x0800a690   0x000000d4   Code   RO          459    .text.get_service_status  cell_monitoring.o
    0x0800a764   0x0800a764   0x00000014   Code   RO          499    .text.get_signal_quality_report_wrapper  cell_monitoring.o
    0x0800a778   0x0800a778   0x0000005a   Code   RO         1017    .text.get_sim_lock_status  cell_modem_common.o
    0x0800a7d2   0x0800a7d2   0x00000002   PAD
    0x0800a7d4   0x0800a7d4   0x0000004c   Code   RO          301    .text.get_sim_readiness_wrapper  cell_connect.o
    0x0800a820   0x0800a820   0x00000096   Code   RO          451    .text.get_simcard_info  cell_monitoring.o
    0x0800a8b6   0x0800a8b6   0x00000002   PAD
    0x0800a8b8   0x0800a8b8   0x0000007c   Code   RO          859    .text.get_tcp_socket_status  cell_modem_semtech.o
    0x0800a934   0x0800a934   0x0000003c   Code   RO          255    .text.get_timeout_ms  cell_connect.o
    0x0800a970   0x0800a970   0x00000098   Code   RO         1083    .text.get_urc_index  cell_urc.o
    0x0800aa08   0x0800aa08   0x00000090   Code   RO         1327    .text.get_urc_mem_type  cell_urc.o
    0x0800aa98   0x0800aa98   0x00000032   Code   RO          331    .text.handle_CME_error  cell_connect.o
    0x0800aaca   0x0800aaca   0x00000002   PAD
    0x0800aacc   0x0800aacc   0x00000014   Code   RO          333    .text.handle_CMS_error  cell_connect.o
    0x0800aae0   0x0800aae0   0x00000012   Code   RO          235    .text.handle_rejection  cell_connect.o
    0x0800aaf2   0x0800aaf2   0x00000002   PAD
    0x0800aaf4   0x0800aaf4   0x00000066   Code   RO         1470    .text.handle_urc_reg  cell_modem_quectel.o
    0x0800ab5a   0x0800ab5a   0x00000002   PAD
    0x0800ab5c   0x0800ab5c   0x0000007e   Code   RO         1359    .text.helper_binary_string_to_uint8  cell_modem_helper.o
    0x0800abda   0x0800abda   0x00000002   PAD
    0x0800abdc   0x0800abdc   0x000001a0   Code   RO         1375    .text.helper_bytes_to_hex_string  cell_modem_helper.o
    0x0800ad7c   0x0800ad7c   0x000000d4   Code   RO         1373    .text.helper_calculate_band_mask  cell_modem_helper.o
    0x0800ae50   0x0800ae50   0x000000f6   Code   RO         1389    .text.helper_extract_quoted_string  cell_modem_helper.o
    0x0800af46   0x0800af46   0x00000002   PAD
    0x0800af48   0x0800af48   0x00000062   Code   RO         1387    .text.helper_ip_convert  cell_modem_helper.o
    0x0800afaa   0x0800afaa   0x00000002   PAD
    0x0800afac   0x0800afac   0x000000d0   Code   RO         1383    .text.helper_ip_to_str  cell_modem_helper.o
    0x0800b07c   0x0800b07c   0x000000ac   Code   RO         1377    .text.helper_ipv4_parse  cell_modem_helper.o
    0x0800b128   0x0800b128   0x000000ce   Code   RO         1379    .text.helper_ipv6_parse  cell_modem_helper.o
    0x0800b1f6   0x0800b1f6   0x00000002   PAD
    0x0800b1f8   0x0800b1f8   0x0000008a   Code   RO         1381    .text.helper_is_hex_digit  cell_modem_helper.o
    0x0800b282   0x0800b282   0x00000002   PAD
    0x0800b284   0x0800b284   0x00000016   Code   RO         1365    .text.helper_is_valid_gsm_band  cell_modem_helper.o
    0x0800b29a   0x0800b29a   0x00000002   PAD
    0x0800b29c   0x0800b29c   0x00000016   Code   RO         1371    .text.helper_is_valid_lte_band  cell_modem_helper.o
    0x0800b2b2   0x0800b2b2   0x00000002   PAD
    0x0800b2b4   0x0800b2b4   0x00000142   Code   RO         1363    .text.helper_parse_gsm_band  cell_modem_helper.o
    0x0800b3f6   0x0800b3f6   0x00000002   PAD
    0x0800b3f8   0x0800b3f8   0x00000196   Code   RO         1367    .text.helper_parse_lte_band  cell_modem_helper.o
    0x0800b58e   0x0800b58e   0x00000002   PAD
    0x0800b590   0x0800b590   0x00000084   Code   RO         1385    .text.helper_str_to_ip  cell_modem_helper.o
    0x0800b614   0x0800b614   0x0000004c   Code   RO         1361    .text.helper_uint8_to_binary  cell_modem_helper.o
    0x0800b660   0x0800b660   0x00000076   Code   RO         1369    .text.hex_char_to_val  cell_modem_helper.o
    0x0800b6d6   0x0800b6d6   0x00000002   PAD
    0x0800b6d8   0x0800b6d8   0x00000022   Code   RO          922    .text.hl7900_cellular_info_get  cell_modem_semtech_hl7900.o
    0x0800b6fa   0x0800b6fa   0x00000002   PAD
    0x0800b6fc   0x0800b6fc   0x0000005e   Code   RO          924    .text.hl7900_serving_cell_get  cell_modem_semtech_hl7900.o
    0x0800b75a   0x0800b75a   0x00000002   PAD
    0x0800b75c   0x0800b75c   0x0000008e   Code   RO          521    .text.inactive_timer_callback  cell_socket.o
    0x0800b7ea   0x0800b7ea   0x00000002   PAD
    0x0800b7ec   0x0800b7ec   0x00000080   Code   RO          191    .text.initialize    cell_connect.o
    0x0800b86c   0x0800b86c   0x0000004e   Code   RO          369    .text.initialize    cell_dfota.o
    0x0800b8ba   0x0800b8ba   0x00000002   PAD
    0x0800b8bc   0x0800b8bc   0x00000094   Code   RO          187    .text.is_band_different  cell_connect.o
    0x0800b950   0x0800b950   0x00000008   Code   RO          493    .text.is_connected  cell_monitoring.o
    0x0800b958   0x0800b958   0x0000000c   Code   RO          475    .text.is_dfota_not_running  cell_monitoring.o
    0x0800b964   0x0800b964   0x0000001a   Code   RO          335    .text.is_fast_reboot  cell_connect.o
    0x0800b97e   0x0800b97e   0x00000002   PAD
    0x0800b980   0x0800b980   0x00000012   Code   RO          275    .text.is_gsm_rat    cell_connect.o
    0x0800b992   0x0800b992   0x00000002   PAD
    0x0800b994   0x0800b994   0x00000072   Code   RO         1055    .text.is_line_final_resp  cell_at.o
    0x0800ba06   0x0800ba06   0x00000002   PAD
    0x0800ba08   0x0800ba08   0x00000042   Code   RO          273    .text.is_lte_rat    cell_connect.o
    0x0800ba4a   0x0800ba4a   0x00000002   PAD
    0x0800ba4c   0x0800ba4c   0x00000078   Code   RO          243    .text.is_modem_ready  cell_connect.o
    0x0800bac4   0x0800bac4   0x0000005a   Code   RO         1049    .text.is_prefix_present  cell_at.o
    0x0800bb1e   0x0800bb1e   0x00000002   PAD
    0x0800bb20   0x0800bb20   0x000000d6   Code   RO          185    .text.is_rat_different  cell_connect.o
    0x0800bbf6   0x0800bbf6   0x00000002   PAD
    0x0800bbf8   0x0800bbf8   0x0000004c   Code   RO          277    .text.is_rat_supports  cell_connect.o
    0x0800bc44   0x0800bc44   0x0000002e   Code   RO          321    .text.is_registered  cell_connect.o
    0x0800bc72   0x0800bc72   0x00000002   PAD
    0x0800bc74   0x0800bc74   0x00000010   Code   RO          179    .text.is_settings_valid  cell_connect.o
    0x0800bc84   0x0800bc84   0x0000002e   Code   RO          549    .text.is_socket_service_server  cell_socket.o
    0x0800bcb2   0x0800bcb2   0x00000002   PAD
    0x0800bcb4   0x0800bcb4   0x000000a4   Code   RO          195    .text.load_modem_driver  cell_connect.o
    0x0800bd58   0x0800bd58   0x00000018   Code   RO          421    .text.local_init    cell_dfota.o
    0x0800bd70   0x0800bd70   0x0000004c   Code   RO          425    .text.local_init_wrapper  cell_dfota.o
    0x0800bdbc   0x0800bdbc   0x0000004c   Code   RO          413    .text.local_trigger_wrapper  cell_dfota.o
    0x0800be08   0x0800be08   0x0000004c   Code   RO          411    .text.local_write_wrapper  cell_dfota.o
    0x0800be54   0x0800be54   0x0000001a   Code   RO         1555    .text.main          main.o
    0x0800be6e   0x0800be6e   0x00000002   PAD
    0x0800be70   0x0800be70   0x00000064   Code   RO          891    .text.match_rat_to_sequence  cell_modem_semtech.o
    0x0800bed4   0x0800bed4   0x00000064   Code   RO          895    .text.match_seq_to_rat  cell_modem_semtech.o
    0x0800bf38   0x0800bf38   0x0000004a   Code   RO          345    .text.modem_power_off_software_wrapper  cell_connect.o
    0x0800bf82   0x0800bf82   0x00000002   PAD
    0x0800bf84   0x0800bf84   0x00000076   Code   RO          449    .text.monitoring_process  cell_monitoring.o
    0x0800bffa   0x0800bffa   0x00000002   PAD
    0x0800bffc   0x0800bffc   0x0000010c   Code   RO          183    .text.need_to_re_config  cell_connect.o
    0x0800c108   0x0800c108   0x00000074   Code   RO          712    .text.net_category_set  cell_modem_bg95.o
    0x0800c17c   0x0800c17c   0x00000026   Code   RO          433    .text.network_reconnect  cell_dfota.o
    0x0800c1a2   0x0800c1a2   0x00000002   PAD
    0x0800c1a4   0x0800c1a4   0x00000036   Code   RO          223    .text.next_action_ACTIVATE_PDP  cell_connect.o
    0x0800c1da   0x0800c1da   0x00000002   PAD
    0x0800c1dc   0x0800c1dc   0x00000056   Code   RO          205    .text.next_action_CHECK_CONFIG  cell_connect.o
    0x0800c232   0x0800c232   0x00000002   PAD
    0x0800c234   0x0800c234   0x00000036   Code   RO          209    .text.next_action_CONFIG  cell_connect.o
    0x0800c26a   0x0800c26a   0x00000002   PAD
    0x0800c26c   0x0800c26c   0x000000ea   Code   RO          231    .text.next_action_DEFAULT  cell_connect.o
    0x0800c356   0x0800c356   0x00000002   PAD
    0x0800c358   0x0800c358   0x00000036   Code   RO          237    .text.next_action_HANDLE_REJECTION  cell_connect.o
    0x0800c38e   0x0800c38e   0x00000002   PAD
    0x0800c390   0x0800c390   0x0000004e   Code   RO          193    .text.next_action_INIT  cell_connect.o
    0x0800c3de   0x0800c3de   0x00000002   PAD
    0x0800c3e0   0x0800c3e0   0x00000052   Code   RO          197    .text.next_action_LOAD_MODEM_DRIVER  cell_connect.o
    0x0800c432   0x0800c432   0x00000002   PAD
    0x0800c434   0x0800c434   0x00000036   Code   RO          213    .text.next_action_PREPARE_SIMCARD  cell_connect.o
    0x0800c46a   0x0800c46a   0x00000002   PAD
    0x0800c46c   0x0800c46c   0x00000036   Code   RO          227    .text.next_action_READ_NETWORK_STATUS  cell_connect.o
    0x0800c4a2   0x0800c4a2   0x00000002   PAD
    0x0800c4a4   0x0800c4a4   0x00000036   Code   RO          201    .text.next_action_SETUP_MODEM  cell_connect.o
    0x0800c4da   0x0800c4da   0x00000002   PAD
    0x0800c4dc   0x0800c4dc   0x00000056   Code   RO          219    .text.next_action_START_REGISTRATION  cell_connect.o
    0x0800c532   0x0800c532   0x00000002   PAD
    0x0800c534   0x0800c534   0x0000002a   Code   RO          387    .text.notify_ACTIVATE_result  cell_dfota.o
    0x0800c55e   0x0800c55e   0x00000002   PAD
    0x0800c560   0x0800c560   0x00000024   Code   RO          373    .text.notify_START_reject  cell_dfota.o
    0x0800c584   0x0800c584   0x00000026   Code   RO          371    .text.notify_START_result  cell_dfota.o
    0x0800c5aa   0x0800c5aa   0x00000002   PAD
    0x0800c5ac   0x0800c5ac   0x0000002a   Code   RO          377    .text.notify_WRITE_result  cell_dfota.o
    0x0800c5d6   0x0800c5d6   0x00000002   PAD
    0x0800c5d8   0x0800c5d8   0x000000a8   Code   RO          137    .text.notify_all_context_on_modem_event  cell_task.o
    0x0800c680   0x0800c680   0x00000034   Code   RO          483    .text.notify_application  cell_monitoring.o
    0x0800c6b4   0x0800c6b4   0x00000028   Code   RO          551    .text.notify_event_wrapper  cell_socket.o
    0x0800c6dc   0x0800c6dc   0x0000001a   Code   RO          567    .text.notify_remote_close  cell_socket.o
    0x0800c6f6   0x0800c6f6   0x00000002   PAD
    0x0800c6f8   0x0800c6f8   0x00000068   Code   RO         1539    .text.parse_and_update_mode  cell_modem_eg915u.o
    0x0800c760   0x0800c760   0x00000114   Code   RO          752    .text.parse_and_update_rat_seq  cell_modem_bg95.o
    0x0800c874   0x0800c874   0x000000dc   Code   RO         1063    .text.parse_final_resp  cell_at.o
    0x0800c950   0x0800c950   0x000000aa   Code   RO         1508    .text.parse_socket_recv_info  cell_modem_quectel.o
    0x0800c9fa   0x0800c9fa   0x00000002   PAD
    0x0800c9fc   0x0800c9fc   0x00000008   Code   RO         1109    .text.parse_urc_cbm_pdu  cell_urc.o
    0x0800ca04   0x0800ca04   0x00000008   Code   RO         1119    .text.parse_urc_ccwa  cell_urc.o
    0x0800ca0c   0x0800ca0c   0x00000008   Code   RO         1111    .text.parse_urc_cds_pdu  cell_urc.o
    0x0800ca14   0x0800ca14   0x0000006a   Code   RO         1113    .text.parse_urc_cdsi  cell_urc.o
    0x0800ca7e   0x0800ca7e   0x00000002   PAD
    0x0800ca80   0x0800ca80   0x00000126   Code   RO         1125    .text.parse_urc_cedrxp  cell_urc.o
    0x0800cba6   0x0800cba6   0x00000002   PAD
    0x0800cba8   0x0800cba8   0x0000006c   Code   RO         1149    .text.parse_urc_cereg  cell_urc.o
    0x0800cc14   0x0800cc14   0x00000066   Code   RO         1139    .text.parse_urc_cgev_me_class  cell_urc.o
    0x0800cc7a   0x0800cc7a   0x00000002   PAD
    0x0800cc7c   0x0800cc7c   0x000000aa   Code   RO         1135    .text.parse_urc_cgev_me_deact  cell_urc.o
    0x0800cd26   0x0800cd26   0x00000002   PAD
    0x0800cd28   0x0800cd28   0x00000066   Code   RO         1137    .text.parse_urc_cgev_nw_class  cell_urc.o
    0x0800cd8e   0x0800cd8e   0x00000002   PAD
    0x0800cd90   0x0800cd90   0x000000aa   Code   RO         1133    .text.parse_urc_cgev_nw_deact  cell_urc.o
    0x0800ce3a   0x0800ce3a   0x00000002   PAD
    0x0800ce3c   0x0800ce3c   0x000000aa   Code   RO         1131    .text.parse_urc_cgev_nw_react  cell_urc.o
    0x0800cee6   0x0800cee6   0x00000002   PAD
    0x0800cee8   0x0800cee8   0x0000004c   Code   RO         1141    .text.parse_urc_cgev_pdp_act  cell_urc.o
    0x0800cf34   0x0800cf34   0x0000004c   Code   RO         1143    .text.parse_urc_cgev_pdp_deact  cell_urc.o
    0x0800cf80   0x0800cf80   0x000000ac   Code   RO         1129    .text.parse_urc_cgev_reject  cell_urc.o
    0x0800d02c   0x0800d02c   0x00000072   Code   RO         1147    .text.parse_urc_cgreg  cell_urc.o
    0x0800d09e   0x0800d09e   0x00000002   PAD
    0x0800d0a0   0x0800d0a0   0x00000008   Code   RO         1117    .text.parse_urc_clip  cell_urc.o
    0x0800d0a8   0x0800d0a8   0x00000008   Code   RO         1107    .text.parse_urc_cmt_pdu  cell_urc.o
    0x0800d0b0   0x0800d0b0   0x00000072   Code   RO         1105    .text.parse_urc_cmti  cell_urc.o
    0x0800d122   0x0800d122   0x00000002   PAD
    0x0800d124   0x0800d124   0x00000008   Code   RO         1115    .text.parse_urc_colp  cell_urc.o
    0x0800d12c   0x0800d12c   0x000000b6   Code   RO         1091    .text.parse_urc_cpin  cell_urc.o
    0x0800d1e2   0x0800d1e2   0x00000002   PAD
    0x0800d1e4   0x0800d1e4   0x00000066   Code   RO         1145    .text.parse_urc_creg  cell_urc.o
    0x0800d24a   0x0800d24a   0x00000002   PAD
    0x0800d24c   0x0800d24c   0x000000ea   Code   RO         1095    .text.parse_urc_cring  cell_urc.o
    0x0800d336   0x0800d336   0x00000002   PAD
    0x0800d338   0x0800d338   0x000000b8   Code   RO         1311    .text.parse_urc_crtdcp  cell_urc.o
    0x0800d3f0   0x0800d3f0   0x0000004e   Code   RO         1121    .text.parse_urc_cssi  cell_urc.o
    0x0800d43e   0x0800d43e   0x00000002   PAD
    0x0800d440   0x0800d440   0x0000004e   Code   RO         1123    .text.parse_urc_cssu  cell_urc.o
    0x0800d48e   0x0800d48e   0x00000002   PAD
    0x0800d490   0x0800d490   0x000000b4   Code   RO         1103    .text.parse_urc_ctze  cell_urc.o
    0x0800d544   0x0800d544   0x00000076   Code   RO         1101    .text.parse_urc_ctzv  cell_urc.o
    0x0800d5ba   0x0800d5ba   0x00000002   PAD
    0x0800d5bc   0x0800d5bc   0x00000054   Code   RO         1087    .text.parse_urc_default  cell_urc.o
    0x0800d610   0x0800d610   0x0000005a   Code   RO         1181    .text.parse_urc_fota_coapend  cell_urc.o
    0x0800d66a   0x0800d66a   0x00000002   PAD
    0x0800d66c   0x0800d66c   0x00000040   Code   RO         1179    .text.parse_urc_fota_coapstart  cell_urc.o
    0x0800d6ac   0x0800d6ac   0x0000005a   Code   RO         1183    .text.parse_urc_fota_downloaded  cell_urc.o
    0x0800d706   0x0800d706   0x00000002   PAD
    0x0800d708   0x0800d708   0x0000005a   Code   RO         1175    .text.parse_urc_fota_downloading  cell_urc.o
    0x0800d762   0x0800d762   0x00000002   PAD
    0x0800d764   0x0800d764   0x0000005a   Code   RO         1191    .text.parse_urc_fota_end  cell_urc.o
    0x0800d7be   0x0800d7be   0x00000002   PAD
    0x0800d7c0   0x0800d7c0   0x0000005e   Code   RO         1193    .text.parse_urc_fota_ftpend  cell_urc.o
    0x0800d81e   0x0800d81e   0x00000002   PAD
    0x0800d820   0x0800d820   0x00000040   Code   RO         1185    .text.parse_urc_fota_ftpstart  cell_urc.o
    0x0800d860   0x0800d860   0x0000005a   Code   RO         1177    .text.parse_urc_fota_httpend  cell_urc.o
    0x0800d8ba   0x0800d8ba   0x00000002   PAD
    0x0800d8bc   0x0800d8bc   0x00000040   Code   RO         1173    .text.parse_urc_fota_httpstart  cell_urc.o
    0x0800d8fc   0x0800d8fc   0x00000040   Code   RO         1187    .text.parse_urc_fota_start_updating  cell_urc.o
    0x0800d93c   0x0800d93c   0x0000005a   Code   RO         1189    .text.parse_urc_fota_updating  cell_urc.o
    0x0800d996   0x0800d996   0x00000002   PAD
    0x0800d998   0x0800d998   0x0000005c   Code   RO         1315    .text.parse_urc_jamming_ind  cell_urc.o
    0x0800d9f4   0x0800d9f4   0x00000188   Code   RO         1317    .text.parse_urc_kcnx_ind  cell_urc.o
    0x0800db7c   0x0800db7c   0x00000050   Code   RO         1323    .text.parse_urc_ktcp_data  cell_urc.o
    0x0800dbcc   0x0800dbcc   0x00000050   Code   RO         1321    .text.parse_urc_ktcp_ind  cell_urc.o
    0x0800dc1c   0x0800dc1c   0x00000058   Code   RO         1319    .text.parse_urc_ktcp_notif  cell_urc.o
    0x0800dc74   0x0800dc74   0x00000066   Code   RO         1325    .text.parse_urc_ktcp_srvreq  cell_urc.o
    0x0800dcda   0x0800dcda   0x00000002   PAD
    0x0800dcdc   0x0800dcdc   0x00000050   Code   RO         1307    .text.parse_urc_psm_timer  cell_urc.o
    0x0800dd2c   0x0800dd2c   0x000001c4   Code   RO         1309    .text.parse_urc_qcellscan  cell_urc.o
    0x0800def0   0x0800def0   0x00000066   Code   RO         1267    .text.parse_urc_qcoapack  cell_urc.o
    0x0800df56   0x0800df56   0x00000002   PAD
    0x0800df58   0x0800df58   0x00000054   Code   RO         1265    .text.parse_urc_qcoapclose  cell_urc.o
    0x0800dfac   0x0800dfac   0x0000006a   Code   RO         1271    .text.parse_urc_qcoapind  cell_urc.o
    0x0800e016   0x0800e016   0x00000002   PAD
    0x0800e018   0x0800e018   0x00000054   Code   RO         1263    .text.parse_urc_qcoapopen  cell_urc.o
    0x0800e06c   0x0800e06c   0x00000008   Code   RO         1269    .text.parse_urc_qcoaprecv  cell_urc.o
    0x0800e074   0x0800e074   0x00000092   Code   RO         1099    .text.parse_urc_qcscon  cell_urc.o
    0x0800e106   0x0800e106   0x00000002   PAD
    0x0800e108   0x0800e108   0x00000050   Code   RO         1275    .text.parse_urc_qftpclose  cell_urc.o
    0x0800e158   0x0800e158   0x00000050   Code   RO         1285    .text.parse_urc_qftpcwd  cell_urc.o
    0x0800e1a8   0x0800e1a8   0x00000050   Code   RO         1283    .text.parse_urc_qftpdel  cell_urc.o
    0x0800e1f8   0x0800e1f8   0x0000006c   Code   RO         1279    .text.parse_urc_qftpget  cell_urc.o
    0x0800e264   0x0800e264   0x0000006c   Code   RO         1305    .text.parse_urc_qftplen  cell_urc.o
    0x0800e2d0   0x0800e2d0   0x0000006c   Code   RO         1297    .text.parse_urc_qftplist  cell_urc.o
    0x0800e33c   0x0800e33c   0x000001de   Code   RO         1295    .text.parse_urc_qftpmdtm  cell_urc.o
    0x0800e51a   0x0800e51a   0x00000002   PAD
    0x0800e51c   0x0800e51c   0x00000050   Code   RO         1287    .text.parse_urc_qftpmkdir  cell_urc.o
    0x0800e56c   0x0800e56c   0x0000006c   Code   RO         1301    .text.parse_urc_qftpmlsd  cell_urc.o
    0x0800e5d8   0x0800e5d8   0x0000006c   Code   RO         1299    .text.parse_urc_qftpnlst  cell_urc.o
    0x0800e644   0x0800e644   0x00000050   Code   RO         1273    .text.parse_urc_qftpopen  cell_urc.o
    0x0800e694   0x0800e694   0x0000006c   Code   RO         1281    .text.parse_urc_qftpput  cell_urc.o
    0x0800e700   0x0800e700   0x000000d4   Code   RO         1291    .text.parse_urc_qftppwd  cell_urc.o
    0x0800e7d4   0x0800e7d4   0x00000050   Code   RO         1293    .text.parse_urc_qftprename  cell_urc.o
    0x0800e824   0x0800e824   0x00000050   Code   RO         1289    .text.parse_urc_qftprmdir  cell_urc.o
    0x0800e874   0x0800e874   0x0000006c   Code   RO         1277    .text.parse_urc_qftpsize  cell_urc.o
    0x0800e8e0   0x0800e8e0   0x00000052   Code   RO         1303    .text.parse_urc_qftpstat  cell_urc.o
    0x0800e932   0x0800e932   0x00000002   PAD
    0x0800e934   0x0800e934   0x0000005e   Code   RO         1195    .text.parse_urc_qhttp_get  cell_urc.o
    0x0800e992   0x0800e992   0x00000002   PAD
    0x0800e994   0x0800e994   0x0000005e   Code   RO         1197    .text.parse_urc_qhttp_post  cell_urc.o
    0x0800e9f2   0x0800e9f2   0x00000002   PAD
    0x0800e9f4   0x0800e9f4   0x0000005e   Code   RO         1199    .text.parse_urc_qhttp_postfile  cell_urc.o
    0x0800ea52   0x0800ea52   0x00000002   PAD
    0x0800ea54   0x0800ea54   0x0000005e   Code   RO         1201    .text.parse_urc_qhttp_put  cell_urc.o
    0x0800eab2   0x0800eab2   0x00000002   PAD
    0x0800eab4   0x0800eab4   0x0000005e   Code   RO         1203    .text.parse_urc_qhttp_putfile  cell_urc.o
    0x0800eb12   0x0800eb12   0x00000002   PAD
    0x0800eb14   0x0800eb14   0x00000052   Code   RO         1205    .text.parse_urc_qhttp_read  cell_urc.o
    0x0800eb66   0x0800eb66   0x00000002   PAD
    0x0800eb68   0x0800eb68   0x00000052   Code   RO         1207    .text.parse_urc_qhttp_readfile  cell_urc.o
    0x0800ebba   0x0800ebba   0x00000002   PAD
    0x0800ebbc   0x0800ebbc   0x00000050   Code   RO         1097    .text.parse_urc_qind_csq  cell_urc.o
    0x0800ec0c   0x0800ec0c   0x000000de   Code   RO         1259    .text.parse_urc_qind_geofence  cell_urc.o
    0x0800ecea   0x0800ecea   0x00000002   PAD
    0x0800ecec   0x0800ecec   0x00000052   Code   RO         1257    .text.parse_urc_qind_open  cell_urc.o
    0x0800ed3e   0x0800ed3e   0x00000002   PAD
    0x0800ed40   0x0800ed40   0x00000050   Code   RO         1151    .text.parse_urc_qiopen  cell_urc.o
    0x0800ed90   0x0800ed90   0x0000004c   Code   RO         1153    .text.parse_urc_qiurc_closed  cell_urc.o
    0x0800eddc   0x0800eddc   0x00000124   Code   RO         1161    .text.parse_urc_qiurc_dnsgip  cell_urc.o
    0x0800ef00   0x0800ef00   0x000000bc   Code   RO         1157    .text.parse_urc_qiurc_incoming  cell_urc.o
    0x0800efbc   0x0800efbc   0x0000004c   Code   RO         1159    .text.parse_urc_qiurc_pdp_deact  cell_urc.o
    0x0800f008   0x0800f008   0x00000050   Code   RO         1155    .text.parse_urc_qiurc_recv_buffer_mode  cell_urc.o
    0x0800f058   0x0800f058   0x00000052   Code   RO         1255    .text.parse_urc_qlwdereg  cell_urc.o
    0x0800f0aa   0x0800f0aa   0x00000002   PAD
    0x0800f0ac   0x0800f0ac   0x00000052   Code   RO         1253    .text.parse_urc_qlwreg  cell_urc.o
    0x0800f0fe   0x0800f0fe   0x00000002   PAD
    0x0800f100   0x0800f100   0x00000050   Code   RO         1245    .text.parse_urc_qlwurc_event  cell_urc.o
    0x0800f150   0x0800f150   0x000000ea   Code   RO         1247    .text.parse_urc_qlwurc_observe  cell_urc.o
    0x0800f23a   0x0800f23a   0x00000002   PAD
    0x0800f23c   0x0800f23c   0x000000e2   Code   RO         1251    .text.parse_urc_qlwurc_recv  cell_urc.o
    0x0800f31e   0x0800f31e   0x00000002   PAD
    0x0800f320   0x0800f320   0x000000ea   Code   RO         1249    .text.parse_urc_qlwurc_uldata  cell_urc.o
    0x0800f40a   0x0800f40a   0x00000002   PAD
    0x0800f40c   0x0800f40c   0x00000054   Code   RO         1227    .text.parse_urc_qmtclose  cell_urc.o
    0x0800f460   0x0800f460   0x00000060   Code   RO         1231    .text.parse_urc_qmtconn  cell_urc.o
    0x0800f4c0   0x0800f4c0   0x00000054   Code   RO         1241    .text.parse_urc_qmtdisc  cell_urc.o
    0x0800f514   0x0800f514   0x00000054   Code   RO         1225    .text.parse_urc_qmtopen  cell_urc.o
    0x0800f568   0x0800f568   0x00000054   Code   RO         1243    .text.parse_urc_qmtping  cell_urc.o
    0x0800f5bc   0x0800f5bc   0x00000066   Code   RO         1237    .text.parse_urc_qmtpub  cell_urc.o
    0x0800f622   0x0800f622   0x00000002   PAD
    0x0800f624   0x0800f624   0x0000005e   Code   RO         1235    .text.parse_urc_qmtpuns  cell_urc.o
    0x0800f682   0x0800f682   0x00000002   PAD
    0x0800f684   0x0800f684   0x00000066   Code   RO         1219    .text.parse_urc_qmtsn_pub  cell_urc.o
    0x0800f6ea   0x0800f6ea   0x00000002   PAD
    0x0800f6ec   0x0800f6ec   0x00000056   Code   RO         1211    .text.parse_urc_qmtsn_recv  cell_urc.o
    0x0800f742   0x0800f742   0x00000002   PAD
    0x0800f744   0x0800f744   0x0000005e   Code   RO         1217    .text.parse_urc_qmtsn_reg  cell_urc.o
    0x0800f7a2   0x0800f7a2   0x00000002   PAD
    0x0800f7a4   0x0800f7a4   0x00000056   Code   RO         1223    .text.parse_urc_qmtsn_sleep  cell_urc.o
    0x0800f7fa   0x0800f7fa   0x00000002   PAD
    0x0800f7fc   0x0800f7fc   0x00000050   Code   RO         1209    .text.parse_urc_qmtsn_stat  cell_urc.o
    0x0800f84c   0x0800f84c   0x00000066   Code   RO         1213    .text.parse_urc_qmtsn_sub  cell_urc.o
    0x0800f8b2   0x0800f8b2   0x00000002   PAD
    0x0800f8b4   0x0800f8b4   0x0000005e   Code   RO         1215    .text.parse_urc_qmtsn_uns  cell_urc.o
    0x0800f912   0x0800f912   0x00000002   PAD
    0x0800f914   0x0800f914   0x00000056   Code   RO         1221    .text.parse_urc_qmtsn_willupd  cell_urc.o
    0x0800f96a   0x0800f96a   0x00000002   PAD
    0x0800f96c   0x0800f96c   0x00000054   Code   RO         1229    .text.parse_urc_qmtstat  cell_urc.o
    0x0800f9c0   0x0800f9c0   0x00000066   Code   RO         1233    .text.parse_urc_qmtsub  cell_urc.o
    0x0800fa26   0x0800fa26   0x00000002   PAD
    0x0800fa28   0x0800fa28   0x000000ca   Code   RO         1163    .text.parse_urc_qntp  cell_urc.o
    0x0800faf2   0x0800faf2   0x00000002   PAD
    0x0800faf4   0x0800faf4   0x0000019c   Code   RO         1165    .text.parse_urc_qping  cell_urc.o
    0x0800fc90   0x0800fc90   0x0000016a   Code   RO         1127    .text.parse_urc_qptwedrxp  cell_urc.o
    0x0800fdfa   0x0800fdfa   0x00000002   PAD
    0x0800fdfc   0x0800fdfc   0x00000052   Code   RO         1261    .text.parse_urc_qscrub_end  cell_urc.o
    0x0800fe4e   0x0800fe4e   0x00000002   PAD
    0x0800fe50   0x0800fe50   0x0000004e   Code   RO         1093    .text.parse_urc_qsimstat  cell_urc.o
    0x0800fe9e   0x0800fe9e   0x00000002   PAD
    0x0800fea0   0x0800fea0   0x0000004e   Code   RO         1169    .text.parse_urc_qssl_buffer_mode  cell_urc.o
    0x0800feee   0x0800feee   0x00000002   PAD
    0x0800fef0   0x0800fef0   0x0000004e   Code   RO         1171    .text.parse_urc_qssl_closed  cell_urc.o
    0x0800ff3e   0x0800ff3e   0x00000002   PAD
    0x0800ff40   0x0800ff40   0x0000004e   Code   RO         1167    .text.parse_urc_qssl_open  cell_urc.o
    0x0800ff8e   0x0800ff8e   0x00000002   PAD
    0x0800ff90   0x0800ff90   0x00000052   Code   RO         1089    .text.parse_urc_qusim  cell_urc.o
    0x0800ffe2   0x0800ffe2   0x00000002   PAD
    0x0800ffe4   0x0800ffe4   0x00000008   Code   RO         1239    .text.parse_urc_recv  cell_urc.o
    0x0800ffec   0x0800ffec   0x00000056   Code   RO         1313    .text.parse_urc_xtra_dl  cell_urc.o
    0x08010042   0x08010042   0x00000002   PAD
    0x08010044   0x08010044   0x00000074   Code   RO          889    .text.pdp_type_from_str  cell_modem_semtech.o
    0x080100b8   0x080100b8   0x0000005c   Code   RO          887    .text.pdp_type_to_str  cell_modem_semtech.o
    0x08010114   0x08010114   0x000002dc   Code   RO          169    .text.perform_action  cell_connect.o
    0x080103f0   0x080103f0   0x00000018   Code   RO          245    .text.power_modem_up_down_gpio  cell_connect.o
    0x08010408   0x08010408   0x0000007a   Code   RO          211    .text.prepare_simcard  cell_connect.o
    0x08010482   0x08010482   0x00000002   PAD
    0x08010484   0x08010484   0x00000078   Code   RO          129    .text.process_message  cell_task.o
    0x080104fc   0x080104fc   0x0000002e   Code   RO         1041    .text.process_remaining_data  cell_at.o
    0x0801052a   0x0801052a   0x00000002   PAD
    0x0801052c   0x0801052c   0x0000003a   Code   RO         1446    .text.quectel_cellular_info_get  cell_modem_quectel.o
    0x08010566   0x08010566   0x00000002   PAD
    0x08010568   0x08010568   0x00000064   Code   RO         1406    .text.quectel_enable_functionality  cell_modem_quectel.o
    0x080105cc   0x080105cc   0x00000054   Code   RO         1418    .text.quectel_firmware_version_get  cell_modem_quectel.o
    0x08010620   0x08010620   0x0000001a   Code   RO         1468    .text.quectel_handle_urc_cereg  cell_modem_quectel.o
    0x0801063a   0x0801063a   0x00000002   PAD
    0x0801063c   0x0801063c   0x0000001a   Code   RO         1472    .text.quectel_handle_urc_cgreg  cell_modem_quectel.o
    0x08010656   0x08010656   0x00000002   PAD
    0x08010658   0x08010658   0x0000005e   Code   RO         1480    .text.quectel_handle_urc_cpin  cell_modem_quectel.o
    0x080106b6   0x080106b6   0x00000002   PAD
    0x080106b8   0x080106b8   0x00000010   Code   RO         1482    .text.quectel_handle_urc_qiurc_pdpdeact  cell_modem_quectel.o
    0x080106c8   0x080106c8   0x0000003a   Code   RO         1466    .text.quectel_handle_urc_qusim  cell_modem_quectel.o
    0x08010702   0x08010702   0x00000002   PAD
    0x08010704   0x08010704   0x00000022   Code   RO         1476    .text.quectel_handle_urc_socket_closed  cell_modem_quectel.o
    0x08010726   0x08010726   0x00000002   PAD
    0x08010728   0x08010728   0x0000002e   Code   RO         1478    .text.quectel_handle_urc_socket_incoming  cell_modem_quectel.o
    0x08010756   0x08010756   0x00000002   PAD
    0x08010758   0x08010758   0x00000036   Code   RO         1474    .text.quectel_handle_urc_socket_open  cell_modem_quectel.o
    0x0801078e   0x0801078e   0x00000002   PAD
    0x08010790   0x08010790   0x00000022   Code   RO         1464    .text.quectel_handle_urc_socket_recv  cell_modem_quectel.o
    0x080107b2   0x080107b2   0x00000002   PAD
    0x080107b4   0x080107b4   0x0000005c   Code   RO         1400    .text.quectel_iccid_get  cell_modem_quectel.o
    0x08010810   0x08010810   0x0000003c   Code   RO         1484    .text.quectel_map_cme_error  cell_modem_quectel.o
    0x0801084c   0x0801084c   0x00000014   Code   RO         1486    .text.quectel_map_cms_error  cell_modem_quectel.o
    0x08010860   0x08010860   0x0000004a   Code   RO         1422    .text.quectel_module_poweroff  cell_modem_quectel.o
    0x080108aa   0x080108aa   0x00000002   PAD
    0x080108ac   0x080108ac   0x0000005e   Code   RO         1450    .text.quectel_neighbour_cell_get  cell_modem_quectel.o
    0x0801090a   0x0801090a   0x00000002   PAD
    0x0801090c   0x0801090c   0x00000060   Code   RO         1430    .text.quectel_operator_info_get  cell_modem_quectel.o
    0x0801096c   0x0801096c   0x00000074   Code   RO         1434    .text.quectel_operator_settings_set  cell_modem_quectel.o
    0x080109e0   0x080109e0   0x00000066   Code   RO         1410    .text.quectel_pdp_activate  cell_modem_quectel.o
    0x08010a46   0x08010a46   0x00000002   PAD
    0x08010a48   0x08010a48   0x00000062   Code   RO         1412    .text.quectel_pdp_deactivate  cell_modem_quectel.o
    0x08010aaa   0x08010aaa   0x00000002   PAD
    0x08010aac   0x08010aac   0x00000072   Code   RO         1424    .text.quectel_pdp_settings_get  cell_modem_quectel.o
    0x08010b1e   0x08010b1e   0x00000002   PAD
    0x08010b20   0x08010b20   0x00000096   Code   RO         1428    .text.quectel_pdp_settings_set  cell_modem_quectel.o
    0x08010bb6   0x08010bb6   0x00000002   PAD
    0x08010bb8   0x08010bb8   0x0000005c   Code   RO         1414    .text.quectel_pdp_status_get  cell_modem_quectel.o
    0x08010c14   0x08010c14   0x0000005e   Code   RO         1448    .text.quectel_serving_cell_get  cell_modem_quectel.o
    0x08010c72   0x08010c72   0x00000002   PAD
    0x08010c74   0x08010c74   0x000000a2   Code   RO         1408    .text.quectel_sim_pin_enter  cell_modem_quectel.o
    0x08010d16   0x08010d16   0x00000002   PAD
    0x08010d18   0x08010d18   0x00000038   Code   RO         1404    .text.quectel_sim_readiness_get  cell_modem_quectel.o
    0x08010d50   0x08010d50   0x00000082   Code   RO         1498    .text.quectel_socket_check_usability  cell_modem_quectel.o
    0x08010dd2   0x08010dd2   0x00000002   PAD
    0x08010dd4   0x08010dd4   0x00000066   Code   RO         1492    .text.quectel_socket_close  cell_modem_quectel.o
    0x08010e3a   0x08010e3a   0x00000002   PAD
    0x08010e3c   0x08010e3c   0x00000066   Code   RO         1488    .text.quectel_socket_create  cell_modem_quectel.o
    0x08010ea2   0x08010ea2   0x00000002   PAD
    0x08010ea4   0x08010ea4   0x00000076   Code   RO         1442    .text.quectel_socket_get_data_verify  cell_modem_quectel.o
    0x08010f1a   0x08010f1a   0x00000002   PAD
    0x08010f1c   0x08010f1c   0x0000007a   Code   RO         1494    .text.quectel_socket_query_service_status  cell_modem_quectel.o
    0x08010f96   0x08010f96   0x00000002   PAD
    0x08010f98   0x08010f98   0x000000f4   Code   RO         1454    .text.quectel_socket_receive  cell_modem_quectel.o
    0x0801108c   0x0801108c   0x0000007c   Code   RO         1456    .text.quectel_socket_recv_unread_len_get  cell_modem_quectel.o
    0x08011108   0x08011108   0x00000094   Code   RO         1436    .text.quectel_socket_send  cell_modem_quectel.o
    0x0801119c   0x0801119c   0x0000004a   Code   RO         1452    .text.quectel_urc_port_config  cell_modem_quectel.o
    0x080111e6   0x080111e6   0x00000002   PAD
    0x080111e8   0x080111e8   0x0000004c   Code   RO          313    .text.query_operator_info_wrapper  cell_connect.o
    0x08011234   0x08011234   0x0000004c   Code   RO          279    .text.query_pdp_settings_wrapper  cell_connect.o
    0x08011280   0x08011280   0x00000014   Code   RO          329    .text.query_psm_settings_wrapper  cell_connect.o
    0x08011294   0x08011294   0x0000004c   Code   RO          281    .text.query_rat_settings_wrapper  cell_connect.o
    0x080112e0   0x080112e0   0x0000004c   Code   RO          283    .text.query_service_domain_wrapper  cell_connect.o
    0x0801132c   0x0801132c   0x00000012   Code   RO          257    .text.random_int_wrapper  cell_connect.o
    0x0801133e   0x0801133e   0x00000002   PAD
    0x08011340   0x08011340   0x0000005c   Code   RO         1535    .text.rat_mode_set  cell_modem_eg915u.o
    0x0801139c   0x0801139c   0x000000f0   Code   RO          710    .text.rat_seq_set   cell_modem_bg95.o
    0x0801148c   0x0801148c   0x00000098   Code   RO          805    .text.rat_set       cell_modem_semtech.o
    0x08011524   0x08011524   0x00000008   Code   RO          141    .text.read_and_parse_urc  cell_task.o
    0x0801152c   0x0801152c   0x000000d0   Code   RO          203    .text.read_config   cell_connect.o
    0x080115fc   0x080115fc   0x000000da   Code   RO          225    .text.read_network_status  cell_connect.o
    0x080116d6   0x080116d6   0x00000002   PAD
    0x080116d8   0x080116d8   0x0000004a   Code   RO          233    .text.reboot_modem  cell_connect.o
    0x08011722   0x08011722   0x00000002   PAD
    0x08011724   0x08011724   0x00000022   Code   RO          391    .text.refresh       cell_dfota.o
    0x08011746   0x08011746   0x00000002   PAD
    0x08011748   0x08011748   0x00000064   Code   RO          599    .text.request_prepare  cell_test.o
    0x080117ac   0x080117ac   0x00000014   Code   RO          575    .text.reset_inactive_timer  cell_socket.o
    0x080117c0   0x080117c0   0x00000018   Code   RO          343    .text.reset_modem_gpio  cell_connect.o
    0x080117d8   0x080117d8   0x00000012   Code   RO          341    .text.reset_modem_software_wrapper  cell_connect.o
    0x080117ea   0x080117ea   0x00000002   PAD
    0x080117ec   0x080117ec   0x0000000e   Code   RO          229    .text.reset_reboot_counter  cell_connect.o
    0x080117fa   0x080117fa   0x00000002   PAD
    0x080117fc   0x080117fc   0x0000004c   Code   RO          603    .text.result_process  cell_test.o
    0x08011848   0x08011848   0x0000005a   Code   RO         1065    .text.seek_and_parse_error_resp  cell_at.o
    0x080118a2   0x080118a2   0x00000002   PAD
    0x080118a4   0x080118a4   0x00000048   Code   RO         1045    .text.seek_and_parse_final_resp  cell_at.o
    0x080118ec   0x080118ec   0x00000042   Code   RO         1061    .text.seek_one_line_and_parse_final_resp  cell_at.o
    0x0801192e   0x0801192e   0x00000002   PAD
    0x08011930   0x08011930   0x0000005a   Code   RO          893    .text.semtech_band_mapping_rat  cell_modem_semtech.o
    0x0801198a   0x0801198a   0x00000002   PAD
    0x0801198c   0x0801198c   0x00000122   Code   RO          803    .text.semtech_band_set  cell_modem_semtech.o
    0x08011aae   0x08011aae   0x00000002   PAD
    0x08011ab0   0x08011ab0   0x0000003c   Code   RO          847    .text.semtech_enable_sim_functionality  cell_modem_semtech.o
    0x08011aec   0x08011aec   0x00000054   Code   RO          789    .text.semtech_firmware_version_get  cell_modem_semtech.o
    0x08011b40   0x08011b40   0x00000084   Code   RO          851    .text.semtech_gprs_connection_set  cell_modem_semtech.o
    0x08011bc4   0x08011bc4   0x00000068   Code   RO          773    .text.semtech_handle_urc_cereg  cell_modem_semtech.o
    0x08011c2c   0x08011c2c   0x0000002c   Code   RO          779    .text.semtech_handle_urc_ktcp_data  cell_modem_semtech.o
    0x08011c58   0x08011c58   0x0000002e   Code   RO          777    .text.semtech_handle_urc_ktcp_ind  cell_modem_semtech.o
    0x08011c86   0x08011c86   0x00000002   PAD
    0x08011c88   0x08011c88   0x00000038   Code   RO          775    .text.semtech_handle_urc_ktcp_notif  cell_modem_semtech.o
    0x08011cc0   0x08011cc0   0x0000002e   Code   RO          781    .text.semtech_handle_urc_ktcp_srvreq  cell_modem_semtech.o
    0x08011cee   0x08011cee   0x00000002   PAD
    0x08011cf0   0x08011cf0   0x0000005c   Code   RO          785    .text.semtech_iccid_get  cell_modem_semtech.o
    0x08011d4c   0x08011d4c   0x0000003c   Code   RO          883    .text.semtech_map_cme_error  cell_modem_semtech.o
    0x08011d88   0x08011d88   0x00000014   Code   RO          885    .text.semtech_map_cms_error  cell_modem_semtech.o
    0x08011d9c   0x08011d9c   0x0000004a   Code   RO          793    .text.semtech_modem_specific_features_set  cell_modem_semtech.o
    0x08011de6   0x08011de6   0x00000002   PAD
    0x08011de8   0x08011de8   0x0000004a   Code   RO          783    .text.semtech_module_poweroff  cell_modem_semtech.o
    0x08011e32   0x08011e32   0x00000002   PAD
    0x08011e34   0x08011e34   0x00000060   Code   RO          807    .text.semtech_operator_info_get  cell_modem_semtech.o
    0x08011e94   0x08011e94   0x00000082   Code   RO          811    .text.semtech_operator_settings_set  cell_modem_semtech.o
    0x08011f16   0x08011f16   0x00000002   PAD
    0x08011f18   0x08011f18   0x00000062   Code   RO          827    .text.semtech_pdp_activate  cell_modem_semtech.o
    0x08011f7a   0x08011f7a   0x00000002   PAD
    0x08011f7c   0x08011f7c   0x0000005c   Code   RO          825    .text.semtech_pdp_address_get  cell_modem_semtech.o
    0x08011fd8   0x08011fd8   0x00000086   Code   RO          841    .text.semtech_pdp_authentication_set  cell_modem_semtech.o
    0x0801205e   0x0801205e   0x00000002   PAD
    0x08012060   0x08012060   0x0000005c   Code   RO          823    .text.semtech_pdp_context_info_get  cell_modem_semtech.o
    0x080120bc   0x080120bc   0x00000062   Code   RO          829    .text.semtech_pdp_deactivate  cell_modem_semtech.o
    0x0801211e   0x0801211e   0x00000002   PAD
    0x08012120   0x08012120   0x0000009c   Code   RO          831    .text.semtech_pdp_settings_get  cell_modem_semtech.o
    0x080121bc   0x080121bc   0x0000003a   Code   RO          837    .text.semtech_pdp_settings_set  cell_modem_semtech.o
    0x080121f6   0x080121f6   0x00000002   PAD
    0x080121f8   0x080121f8   0x00000044   Code   RO          821    .text.semtech_pdp_status_get  cell_modem_semtech.o
    0x0801223c   0x0801223c   0x000000a0   Code   RO          795    .text.semtech_rat_settings_get  cell_modem_semtech.o
    0x080122dc   0x080122dc   0x0000004e   Code   RO          801    .text.semtech_rat_settings_set  cell_modem_semtech.o
    0x0801232a   0x0801232a   0x00000002   PAD
    0x0801232c   0x0801232c   0x0000005c   Code   RO          813    .text.semtech_service_domain_get  cell_modem_semtech.o
    0x08012388   0x08012388   0x00000086   Code   RO          817    .text.semtech_service_domain_set  cell_modem_semtech.o
    0x0801240e   0x0801240e   0x00000002   PAD
    0x08012410   0x08012410   0x000000a2   Code   RO          843    .text.semtech_sim_enter_pin  cell_modem_semtech.o
    0x080124b2   0x080124b2   0x00000002   PAD
    0x080124b4   0x080124b4   0x00000042   Code   RO          845    .text.semtech_sim_readiness_info_get  cell_modem_semtech.o
    0x080124f6   0x080124f6   0x00000002   PAD
    0x080124f8   0x080124f8   0x000000c6   Code   RO          865    .text.semtech_socket_check_usability  cell_modem_semtech.o
    0x080125be   0x080125be   0x00000002   PAD
    0x080125c0   0x080125c0   0x00000092   Code   RO          857    .text.semtech_socket_close  cell_modem_semtech.o
    0x08012652   0x08012652   0x00000002   PAD
    0x08012654   0x08012654   0x0000008c   Code   RO          849    .text.semtech_socket_create  cell_modem_semtech.o
    0x080126e0   0x080126e0   0x000000ec   Code   RO          875    .text.semtech_socket_receive  cell_modem_semtech.o
    0x080127cc   0x080127cc   0x0000007c   Code   RO          877    .text.semtech_socket_recv_unread_len_get  cell_modem_semtech.o
    0x08012848   0x08012848   0x000000b8   Code   RO          869    .text.semtech_socket_send  cell_modem_semtech.o
    0x08012900   0x08012900   0x000000f4   Code   RO          853    .text.semtech_tcp_config_socket  cell_modem_semtech.o
    0x080129f4   0x080129f4   0x0000008c   Code   RO          601    .text.send_custom_at_command  cell_test.o
    0x08012a80   0x08012a80   0x00000008   Code   RO          239    .text.send_custom_at_list  cell_connect.o
    0x08012a88   0x08012a88   0x0000007e   Code   RO          135    .text.send_msg_with_data  cell_task.o
    0x08012b06   0x08012b06   0x00000002   PAD
    0x08012b08   0x08012b08   0x00000076   Code   RO          139    .text.send_msg_with_value  cell_task.o
    0x08012b7e   0x08012b7e   0x00000002   PAD
    0x08012b80   0x08012b80   0x00000078   Code   RO          873    .text.send_socket_data_wait_connect  cell_modem_semtech.o
    0x08012bf8   0x08012bf8   0x00000124   Code   RO         1440    .text.send_socket_data_wait_prefix  cell_modem_quectel.o
    0x08012d1c   0x08012d1c   0x0000006e   Code   RO          819    .text.service_domain_mapping_cemode  cell_modem_semtech.o
    0x08012d8a   0x08012d8a   0x00000002   PAD
    0x08012d8c   0x08012d8c   0x0000001e   Code   RO         1331    .text.set_bit       cell_urc.o
    0x08012daa   0x08012daa   0x00000002   PAD
    0x08012dac   0x08012dac   0x00000012   Code   RO          267    .text.set_error_display_format_wrapper  cell_connect.o
    0x08012dbe   0x08012dbe   0x00000002   PAD
    0x08012dc0   0x08012dc0   0x00000046   Code   RO          269    .text.set_registration_urcs_format_wrapper  cell_connect.o
    0x08012e06   0x08012e06   0x00000002   PAD
    0x08012e08   0x08012e08   0x00000016   Code   RO          299    .text.set_ue_functionality_wrapper  cell_connect.o
    0x08012e1e   0x08012e1e   0x00000002   PAD
    0x08012e20   0x08012e20   0x00000096   Code   RO          199    .text.setup_modem   cell_connect.o
    0x08012eb6   0x08012eb6   0x00000002   PAD
    0x08012eb8   0x08012eb8   0x0000004a   Code   RO          271    .text.setup_modem_specific_feature_wrapper  cell_connect.o
    0x08012f02   0x08012f02   0x00000002   PAD
    0x08012f04   0x08012f04   0x0000009e   Code   RO          303    .text.sim_enter_pin_wrapper  cell_connect.o
    0x08012fa2   0x08012fa2   0x00000002   PAD
    0x08012fa4   0x08012fa4   0x00000034   Code   RO          339    .text.slow_reboot   cell_connect.o
    0x08012fd8   0x08012fd8   0x00000058   Code   RO          573    .text.socket_check_usability_wrapper  cell_socket.o
    0x08013030   0x08013030   0x000000c8   Code   RO          541    .text.socket_close  cell_socket.o
    0x080130f8   0x080130f8   0x00000038   Code   RO          583    .text.socket_close_incoming  cell_socket.o
    0x08013130   0x08013130   0x0000004c   Code   RO          559    .text.socket_close_wrapper  cell_socket.o
    0x0801317c   0x0801317c   0x000000be   Code   RO          535    .text.socket_create  cell_socket.o
    0x0801323a   0x0801323a   0x00000002   PAD
    0x0801323c   0x0801323c   0x00000058   Code   RO          571    .text.socket_create_wrapper  cell_socket.o
    0x08013294   0x08013294   0x0000004e   Code   RO          519    .text.socket_init   cell_socket.o
    0x080132e2   0x080132e2   0x00000002   PAD
    0x080132e4   0x080132e4   0x000000c0   Code   RO          533    .text.socket_process  cell_socket.o
    0x080133a4   0x080133a4   0x00000010   Code   RO          565    .text.socket_process_urc_closed  cell_socket.o
    0x080133b4   0x080133b4   0x000000b4   Code   RO          555    .text.socket_process_urc_incoming_connection  cell_socket.o
    0x08013468   0x08013468   0x0000005a   Code   RO          561    .text.socket_process_urc_incoming_data  cell_socket.o
    0x080134c2   0x080134c2   0x00000002   PAD
    0x080134c4   0x080134c4   0x0000001e   Code   RO          553    .text.socket_process_urc_open_failed  cell_socket.o
    0x080134e2   0x080134e2   0x00000002   PAD
    0x080134e4   0x080134e4   0x0000006e   Code   RO          547    .text.socket_process_urc_opened_success  cell_socket.o
    0x08013552   0x08013552   0x00000002   PAD
    0x08013554   0x08013554   0x00000064   Code   RO          539    .text.socket_receive  cell_socket.o
    0x080135b8   0x080135b8   0x00000056   Code   RO          581    .text.socket_receive_wrapper  cell_socket.o
    0x0801360e   0x0801360e   0x00000002   PAD
    0x08013610   0x08013610   0x0000009a   Code   RO          545    .text.socket_remote_close  cell_socket.o
    0x080136aa   0x080136aa   0x00000002   PAD
    0x080136ac   0x080136ac   0x00000064   Code   RO          537    .text.socket_send   cell_socket.o
    0x08013710   0x08013710   0x00000056   Code   RO          577    .text.socket_send_wrapper  cell_socket.o
    0x08013766   0x08013766   0x00000002   PAD
    0x08013768   0x08013768   0x00000050   Code   RO          585    .text.socket_sent_info_get_wrapper  cell_socket.o
    0x080137b8   0x080137b8   0x0000003c   Code   RO          543    .text.socket_verify_data  cell_socket.o
    0x080137f4   0x080137f4   0x0000001a   Code   RO          557    .text.start_inactive_timer  cell_socket.o
    0x0801380e   0x0801380e   0x00000002   PAD
    0x08013810   0x08013810   0x00000054   Code   RO          217    .text.start_registration  cell_connect.o
    0x08013864   0x08013864   0x0000001a   Code   RO          215    .text.start_timer   cell_connect.o
    0x0801387e   0x0801387e   0x00000002   PAD
    0x08013880   0x08013880   0x00000012   Code   RO          579    .text.stop_inactive_timer  cell_socket.o
    0x08013892   0x08013892   0x00000002   PAD
    0x08013894   0x08013894   0x00000012   Code   RO          189    .text.stop_timer    cell_connect.o
    0x080138a6   0x080138a6   0x00000002   PAD
    0x080138a8   0x080138a8   0x00000022   Code   RO          429    .text.success_handler  cell_dfota.o
    0x080138ca   0x080138ca   0x00000002   PAD
    0x080138cc   0x080138cc   0x00000066   Code   RO          861    .text.tcp_close     cell_modem_semtech.o
    0x08013932   0x08013932   0x00000002   PAD
    0x08013934   0x08013934   0x00000066   Code   RO          855    .text.tcp_connect   cell_modem_semtech.o
    0x0801399a   0x0801399a   0x00000002   PAD
    0x0801399c   0x0801399c   0x00000066   Code   RO          863    .text.tcp_delete    cell_modem_semtech.o
    0x08013a02   0x08013a02   0x00000002   PAD
    0x08013a04   0x08013a04   0x0000000e   Code   RO          363    .text.timer_callback  cell_dfota.o
    0x08013a12   0x08013a12   0x00000002   PAD
    0x08013a14   0x08013a14   0x0000002c   Code   RO          385    .text.timer_start   cell_dfota.o
    0x08013a40   0x08013a40   0x00000024   Code   RO          431    .text.timer_stop    cell_dfota.o
    0x08013a64   0x08013a64   0x00000098   Code   RO         1059    .text.trim_and_validate_line  cell_at.o
    0x08013afc   0x08013afc   0x00000012   Code   RO          251    .text.turn_off_echo_mode_wrapper  cell_connect.o
    0x08013b0e   0x08013b0e   0x00000002   PAD
    0x08013b10   0x08013b10   0x0000003c   Code   RO          241    .text.update_reboot_timeout  cell_connect.o
    0x08013b4c   0x08013b4c   0x000000ca   Code   RO          750    .text.update_scan_seq_from_iotop_mode  cell_modem_bg95.o
    0x08013c16   0x08013c16   0x00000002   PAD
    0x08013c18   0x08013c18   0x000000c0   Code   RO         1085    .text.urc_is_without_prefix  cell_urc.o
    0x08013cd8   0x08013cd8   0x00000072   Code   RO         1081    .text.urc_parse_unsolicited_response  cell_urc.o
    0x08013d4a   0x08013d4a   0x00000002   PAD
    0x08013d4c   0x08013d4c   0x00000014   Code   RO         1079    .text.urc_set_handler_table  cell_urc.o
    0x08013d60   0x08013d60   0x00000018   Code   RO          423    .text.wireless_init  cell_dfota.o
    0x08013d78   0x08013d78   0x0000004c   Code   RO          427    .text.wireless_init_wrapper  cell_dfota.o
    0x08013dc4   0x08013dc4   0x0000004c   Code   RO          415    .text.wireless_start_wrapper  cell_dfota.o
    0x08013e10   0x08013e10   0x0000003e   Code   RO         1903    CL$$btod_d2e        c_w.l(btod.o)
    0x08013e4e   0x08013e4e   0x00000046   Code   RO         1905    CL$$btod_d2e_denorm_low  c_w.l(btod.o)
    0x08013e94   0x08013e94   0x00000060   Code   RO         1904    CL$$btod_d2e_norm_op1  c_w.l(btod.o)
    0x08013ef4   0x08013ef4   0x00000338   Code   RO         1913    CL$$btod_div_common  c_w.l(btod.o)
    0x0801422c   0x0801422c   0x00000084   Code   RO         1911    CL$$btod_e2d        c_w.l(btod.o)
    0x080142b0   0x080142b0   0x000000dc   Code   RO         1910    CL$$btod_e2e        c_w.l(btod.o)
    0x0801438c   0x0801438c   0x0000002a   Code   RO         1907    CL$$btod_ediv       c_w.l(btod.o)
    0x080143b6   0x080143b6   0x0000002a   Code   RO         1909    CL$$btod_edivd      c_w.l(btod.o)
    0x080143e0   0x080143e0   0x0000002a   Code   RO         1906    CL$$btod_emul       c_w.l(btod.o)
    0x0801440a   0x0801440a   0x0000002a   Code   RO         1908    CL$$btod_emuld      c_w.l(btod.o)
    0x08014434   0x08014434   0x00000244   Code   RO         1912    CL$$btod_mult_common  c_w.l(btod.o)
    0x08014678   0x08014678   0x00000030   Code   RO         2034    i.__ARM_fpclassify  m_wm.l(fpclassify.o)
    0x080146a8   0x080146a8   0x000000f8   Code   RO         2036    i.__hardfp___mathlib_tofloat  m_wm.l(narrow.o)
    0x080147a0   0x080147a0   0x000000d0   Code   RO         2186    i.__hardfp_ldexp    m_wm.l(ldexp.o)
    0x08014870   0x08014870   0x00000020   Code   RO         2221    i.__mathlib_dbl_overflow  m_wm.l(dunder.o)
    0x08014890   0x08014890   0x00000020   Code   RO         2223    i.__mathlib_dbl_underflow  m_wm.l(dunder.o)
    0x080148b0   0x080148b0   0x00000012   Code   RO         2037    i.__mathlib_narrow  m_wm.l(narrow.o)
    0x080148c2   0x080148c2   0x00000014   Code   RO         2188    i.__support_ldexp   m_wm.l(ldexp.o)
    0x080148d6   0x080148d6   0x0000000e   Code   RO         1691    i._is_digit         c_w.l(__printf_wp.o)
    0x080148e4   0x080148e4   0x0000001a   Code   RO         1806    i.fputc             c_w.l(fputc.o)
    0x080148fe   0x080148fe   0x00000002   PAD
    0x08014900   0x08014900   0x0000008c   Code   RO         2119    i.frexp             m_wm.l(frexp.o)
    0x0801498c   0x0801498c   0x0000002c   Code   RO         1944    locale$$code        c_w.l(lc_numeric_c.o)
    0x080149b8   0x080149b8   0x0000002c   Code   RO         2099    locale$$code        c_w.l(lc_ctype_c.o)
    0x080149e4   0x080149e4   0x00000062   Code   RO         2109    x$fpl$d2f           fz_wm.l(d2f.o)
    0x08014a46   0x08014a46   0x00000002   PAD
    0x08014a48   0x08014a48   0x00000010   Code   RO         2255    x$fpl$dcheck1       fz_wm.l(dcheck1.o)
    0x08014a58   0x08014a58   0x00000018   Code   RO         2176    x$fpl$dcmpinf       fz_wm.l(dcmpi.o)
    0x08014a70   0x08014a70   0x00000078   Code   RO         2111    x$fpl$deqf          fz_wm.l(deqf.o)
    0x08014ae8   0x08014ae8   0x00000078   Code   RO         2178    x$fpl$dleqf         fz_wm.l(dleqf.o)
    0x08014b60   0x08014b60   0x00000154   Code   RO         2180    x$fpl$dmul          fz_wm.l(dmul.o)
    0x08014cb4   0x08014cb4   0x0000009c   Code   RO         2182    x$fpl$dnaninf       fz_wm.l(dnaninf.o)
    0x08014d50   0x08014d50   0x0000000c   Code   RO         2213    x$fpl$dretinf       fz_wm.l(dretinf.o)
    0x08014d5c   0x08014d5c   0x0000006c   Code   RO         2113    x$fpl$drleqf        fz_wm.l(drleqf.o)
    0x08014dc8   0x08014dc8   0x0000001a   Code   RO         2115    x$fpl$fpinit        fz_wm.l(fpinit.o)
    0x08014de2   0x08014de2   0x0000000a   Code   RO         2184    x$fpl$fretinf       fz_wm.l(fretinf.o)
    0x08014dec   0x08014dec   0x00000006   Code   RO         2025    x$fpl$ieeestatus    fz_wm.l(istatus.o)
    0x08014df2   0x08014df2   0x00000004   Code   RO         1748    x$fpl$printf1       fz_wm.l(printf1.o)
    0x08014df6   0x08014df6   0x00000004   Code   RO         1750    x$fpl$printf2       fz_wm.l(printf2.o)
    0x08014dfa   0x08014dfa   0x00000064   Code   RO         2261    x$fpl$retnan        fz_wm.l(retnan.o)
    0x08014e5e   0x08014e5e   0x0000005c   Code   RO         2215    x$fpl$scalbn        fz_wm.l(scalbn.o)
    0x08014eba   0x08014eba   0x00000004   Code   RO         1756    x$fpl$scanf1        fz_wm.l(scanf1.o)
    0x08014ebe   0x08014ebe   0x00000008   Code   RO         2027    x$fpl$scanf2        fz_wm.l(scanf2.o)
    0x08014ec6   0x08014ec6   0x00000030   Code   RO         2263    x$fpl$trapveneer    fz_wm.l(trapv.o)
    0x08014ef6   0x08014ef6   0x00000000   Code   RO         2033    x$fpl$usenofp       fz_wm.l(usenofp.o)
    0x08014ef6   0x08014ef6   0x00000002   PAD
    0x08014ef8   0x08014ef8   0x00000008   Data   RO         1650    .constdata          c_w.l(_printf_wctomb.o)
    0x08014f00   0x08014f00   0x00000028   Data   RO         1679    .constdata          c_w.l(_printf_hex_int_ll_ptr.o)
    0x08014f28   0x08014f28   0x00000011   Data   RO         1699    .constdata          c_w.l(__printf_flags_ss_wp.o)
    0x08014f39   0x08014f39   0x00000026   Data   RO         1784    .constdata          c_w.l(_printf_fp_hex.o)
    0x08014f5f   0x08014f5f   0x00000004   Data   RO         1821    .constdata          c_w.l(sys_io_names.o)
    0x08014f63   0x08014f63   0x00000004   Data   RO         1822    .constdata          c_w.l(sys_io_names.o)
    0x08014f67   0x08014f67   0x00000004   Data   RO         1823    .constdata          c_w.l(sys_io_names.o)
    0x08014f6b   0x08014f6b   0x00000001   PAD
    0x08014f6c   0x08014f6c   0x00000094   Data   RO         1901    .constdata          c_w.l(bigflt0.o)
    0x08015000   0x08015000   0x00000002   Data   RO          763    .rodata..L.str.40   cell_modem_bg95.o
    0x08015002   0x08015002   0x00000002   PAD
    0x08015004   0x08015004   0x00000028   Data   RO         1348    .rodata..L__const.get_class_type.mappings  cell_urc.o
    0x0801502c   0x0801502c   0x00000020   Data   RO         1347    .rodata..L__const.get_urc_mem_type.mappings  cell_urc.o
    0x0801504c   0x0801504c   0x00000030   Data   RO         1346    .rodata..L__const.parse_urc_cring.mappings  cell_urc.o
    0x0801507c   0x0801507c   0x00000028   Data   RO          760    .rodata.catm1_band_map  cell_modem_bg95.o
    0x080150a4   0x080150a4   0x00000010   Data   RO         1349    .rodata.cst16       cell_urc.o
    0x080150b4   0x080150b4   0x00000008   Data   RO          352    .rodata.cst8        cell_connect.o
    0x080150bc   0x080150bc   0x00000058   Data   RO         1350    .rodata.cst8        cell_urc.o
    0x08015114   0x08015114   0x00000008   Data   RO          758    .rodata.gsm_band_map  cell_modem_bg95.o
    0x0801511c   0x0801511c   0x00000008   Data   RO         1545    .rodata.gsm_band_map  cell_modem_eg915u.o
    0x08015124   0x08015124   0x00000011   Data   RO         1392    .rodata.helper_bytes_to_hex_string.hex_lut  cell_modem_helper.o
    0x08015135   0x08015135   0x00000003   PAD
    0x08015138   0x08015138   0x00000068   Data   RO         1031    .rodata.lock_map    cell_modem_common.o
    0x080151a0   0x080151a0   0x0000001e   Data   RO         1547    .rodata.lte_band_map  cell_modem_eg915u.o
    0x080151be   0x080151be   0x00000026   Data   RO          761    .rodata.nbiot_band_map  cell_modem_bg95.o
    0x080151e4   0x080151e4   0x00000018   Data   RO          909    .rodata.pdp_type_map  cell_modem_semtech.o
    0x080151fc   0x080151fc   0x00000030   Data   RO         1029    .rodata.psm_rau_tau_map  cell_modem_common.o
    0x0801522c   0x0801522c   0x00000020   Data   RO         1030    .rodata.psm_ready_active_map  cell_modem_common.o
    0x0801524c   0x0801524c   0x00000018   Data   RO         1351    .rodata.rat_map     cell_urc.o
    0x08015264   0x08015264   0x00000020   Data   RO         1511    .rodata.rat_map     cell_modem_quectel.o
    0x08015284   0x08015284   0x00000015   Data   RO          765    .rodata.scanmode_iotopmode_map  cell_modem_bg95.o
    0x08015299   0x08015299   0x00000003   PAD
    0x0801529c   0x0801529c   0x00000030   Data   RO          762    .rodata.scanseq_set_map  cell_modem_bg95.o
    0x080152cc   0x080152cc   0x00000004   Data   RO          910    .rodata.sd_map      cell_modem_semtech.o
    0x080152d0   0x080152d0   0x00000034   Data   RO          912    .rodata.semtech_catm_band_map  cell_modem_semtech.o
    0x08015304   0x08015304   0x00000034   Data   RO          913    .rodata.semtech_nbiot_band_map  cell_modem_semtech.o
    0x08015338   0x08015338   0x00000004   Data   RO          911    .rodata.semtech_rat_map  cell_modem_semtech.o
    0x0801533c   0x0801533c   0x00000023   Data   RO           86    .rodata.str1.1      cell_log.o
    0x0801535f   0x0801535f   0x000000bf   Data   RO          146    .rodata.str1.1      cell_task.o
    0x0801541e   0x0801541e   0x000004a8   Data   RO          348    .rodata.str1.1      cell_connect.o
    0x080158c6   0x080158c6   0x00000186   Data   RO          436    .rodata.str1.1      cell_dfota.o
    0x08015a4c   0x08015a4c   0x00000016   Data   RO          511    .rodata.str1.1      cell_monitoring.o
    0x08015a62   0x08015a62   0x0000010a   Data   RO          588    .rodata.str1.1      cell_socket.o
    0x08015b6c   0x08015b6c   0x0000002f   Data   RO          612    .rodata.str1.1      cell_test.o
    0x08015b9b   0x08015b9b   0x00000037   Data   RO          643    .rodata.str1.1      cell_com.o
    0x08015bd2   0x08015bd2   0x000003b9   Data   RO          755    .rodata.str1.1      cell_modem_bg95.o
    0x08015f8b   0x08015f8b   0x000003b1   Data   RO          908    .rodata.str1.1      cell_modem_semtech.o
    0x0801633c   0x0801633c   0x00000075   Data   RO          933    .rodata.str1.1      cell_modem_semtech_hl7900.o
    0x080163b1   0x080163b1   0x00000278   Data   RO         1028    .rodata.str1.1      cell_modem_common.o
    0x08016629   0x08016629   0x0000009d   Data   RO         1071    .rodata.str1.1      cell_at.o
    0x080166c6   0x080166c6   0x000014cf   Data   RO         1345    .rodata.str1.1      cell_urc.o
    0x08017b95   0x08017b95   0x00000056   Data   RO         1391    .rodata.str1.1      cell_modem_helper.o
    0x08017beb   0x08017beb   0x00000410   Data   RO         1510    .rodata.str1.1      cell_modem_quectel.o
    0x08017ffb   0x08017ffb   0x00000084   Data   RO         1542    .rodata.str1.1      cell_modem_eg915u.o
    0x0801807f   0x0801807f   0x00000001   PAD
    0x08018080   0x08018080   0x00000570   Data   RO         1344    .rodata.urc_parser_table  cell_urc.o
    0x080185f0   0x080185f0   0x00000020   Data   RO         2266    Region$$Table       anon$$obj.o
    0x08018610   0x08018610   0x00000008   Data   RO         2021    c$$dinf             fz_wm.l(fpconst.o)
    0x08018618   0x08018618   0x00000008   Data   RO         2024    c$$dmax             fz_wm.l(fpconst.o)
    0x08018620   0x08018620   0x0000001c   Data   RO         1943    locale$$data        c_w.l(lc_numeric_c.o)
    0x0801863c   0x0801863c   0x00000110   Data   RO         2098    locale$$data        c_w.l(lc_ctype_c.o)


    Execution Region RW_IRAM1 (Exec base: 0x20000000, Load base: 0x08018750, Size: 0x00001598, Max: 0x00050000, ABSOLUTE, COMPRESSED[0x00000220])

    Exec Addr    Load Addr    Size         Type   Attr      Idx    E Section Name        Object

    0x20000000   COMPRESSED   0x00000004   Data   RW         1743    .data               c_w.l(stdio_streams.o)
    0x20000004   COMPRESSED   0x00000004   Data   RW         1744    .data               c_w.l(stdio_streams.o)
    0x20000008   COMPRESSED   0x00000004   Data   RW         1745    .data               c_w.l(stdio_streams.o)
    0x2000000c   COMPRESSED   0x0000008c   Data   RW          754    .data.bg95_driver   cell_modem_bg95.o
    0x20000098   COMPRESSED   0x000002b8   Data   RW          757    .data.bg95_urc_handler  cell_modem_bg95.o
    0x20000350   COMPRESSED   0x0000008c   Data   RW         1541    .data.eg915u_driver  cell_modem_eg915u.o
    0x200003dc   COMPRESSED   0x000002b8   Data   RW         1543    .data.eg915u_urc_handler  cell_modem_eg915u.o
    0x20000694   COMPRESSED   0x00000010   Data   RW         1070    .data.error_tokens  cell_at.o
    0x200006a4   COMPRESSED   0x00000006   Data   RW          353    .data.g_command_retry_timeout_settings  cell_connect.o
    0x200006aa   COMPRESSED   0x00000001   Data   RW          759    .data.gsm_band_map_size  cell_modem_bg95.o
    0x200006ab   COMPRESSED   0x00000001   Data   RW         1546    .data.gsm_band_map_size  cell_modem_eg915u.o
    0x200006ac   COMPRESSED   0x00000021   Data   RW          764    .data.lte_band_index_map  cell_modem_bg95.o
    0x200006cd   COMPRESSED   0x00000021   Data   RW         1544    .data.lte_band_index_map  cell_modem_eg915u.o
    0x200006ee   COMPRESSED   0x00000021   Data   RW          914    .data.lte_semtech_band_hex_map  cell_modem_semtech.o
    0x2000070f   COMPRESSED   0x00000001   PAD
    0x20000710   COMPRESSED   0x0000008c   Data   RW          932    .data.semtech_hl7900_driver  cell_modem_semtech_hl7900.o
    0x2000079c   COMPRESSED   0x000002b8   Data   RW          907    .data.semtech_urc_handler  cell_modem_semtech.o
    0x20000a54   COMPRESSED   0x00000010   Data   RW         1069    .data.success_tokens  cell_at.o
    0x20000a64   COMPRESSED   0x00000004   PAD
    0x20000a68        -       0x00000054   Zero   RW         1740    .bss                c_w.l(stdio_streams.o)
    0x20000abc        -       0x00000054   Zero   RW         1741    .bss                c_w.l(stdio_streams.o)
    0x20000b10        -       0x00000054   Zero   RW         1742    .bss                c_w.l(stdio_streams.o)
    0x20000b64        -       0x00000060   Zero   RW         2049    .bss                c_w.l(libspace.o)
    0x20000bc4        -       0x000001a0   Zero   RW          349    .bss.connection_process.settings  cell_connect.o
    0x20000d64        -       0x00000004   Zero   RW          148    .bss.g_current_context_idx  cell_task.o
    0x20000d68        -       0x00000004   Zero   RW          756    .bss.g_fota_file_handle  cell_modem_bg95.o
    0x20000d6c        -       0x00000001   Zero   RW          440    .bss.g_is_timer_activated  cell_dfota.o
    0x20000d6d        -       0x00000001   Zero   RW           85    .bss.g_log_level    cell_log.o
    0x20000d6e        -       0x00000001   Zero   RW          119    .bss.g_queue_handle_dummy  cell_os.o
    0x20000d6f   COMPRESSED   0x00000001   PAD
    0x20000d70        -       0x00000002   Zero   RW          351    .bss.g_reboot_count  cell_connect.o
    0x20000d72        -       0x00000001   Zero   RW          350    .bss.g_status       cell_connect.o
    0x20000d73        -       0x00000001   Zero   RW          118    .bss.g_task_handle_dummy  cell_os.o
    0x20000d74        -       0x00000004   Zero   RW          347    .bss.g_timer_id     cell_connect.o
    0x20000d78        -       0x00000004   Zero   RW          435    .bss.g_timer_id     cell_dfota.o
    0x20000d7c        -       0x00000004   Zero   RW          587    .bss.g_timer_id     cell_socket.o
    0x20000d80        -       0x00000001   Zero   RW          437    .bss.gb_is_dfota_running  cell_dfota.o
    0x20000d81   COMPRESSED   0x00000003   PAD
    0x20000d84        -       0x00000004   Zero   RW          147    .bss.gh_cell_task_handle  cell_task.o
    0x20000d88        -       0x00000004   Zero   RW          145    .bss.gh_cell_task_queue  cell_task.o
    0x20000d8c        -       0x00000018   Zero   RW          149    .bss.gp_context     cell_task.o
    0x20000da4        -       0x00000004   Zero   RW          438    .bss.gp_ctx         cell_dfota.o
    0x20000da8        -       0x00000004   Zero   RW         1027    .bss.gp_modem_driver  cell_modem_common.o
    0x20000dac        -       0x00000004   Zero   RW          611    .bss.gp_response    cell_test.o
    0x20000db0        -       0x00000004   Zero   RW          439    .bss.gp_settings    cell_dfota.o
    0x20000db4        -       0x00000030   Zero   RW          589    .bss.gp_socket      cell_socket.o
    0x20000de4        -       0x000001a0   Zero   RW          441    .bss.network_reconnect.reconnect  cell_dfota.o
    0x20000f84        -       0x00000004   Zero   RW         1343    .bss.p_urc_handlers_table  cell_urc.o
    0x20000f88        -       0x0000000c   Zero   RW          642    .bss.rx_buffer      cell_com.o
    0x20000f94   COMPRESSED   0x00000004   PAD
    0x20000f98        -       0x00000200   Zero   RW         1564    HEAP                startup_stm32f413xx.o
    0x20001198        -       0x00000400   Zero   RW         1563    STACK               startup_stm32f413xx.o


==============================================================================

Image component sizes


      Code (inc. data)   RO Data    RW Data    ZI Data      Debug   Object Name

      1848          0        157         32          0       5980   cell_at.o
       460          0         55          0         12       2842   cell_com.o
      8558         52       1200          6        423      31982   cell_connect.o
      1920         12        390          0        430      14306   cell_dfota.o
        36          0          0          0          0       1819   cell_driver_interface.o
       234          0         35          0          1       1618   cell_log.o
      5550         12       1110        870          4      24193   cell_modem_bg95.o
      5062          8        816          0          4      23795   cell_modem_common.o
      1180          0        170        870          0      13229   cell_modem_eg915u.o
      2920          0        103          0          0       9500   cell_modem_helper.o
      7696         20       1072          0          0      25638   cell_modem_quectel.o
      9014          6       1081        729          0      30325   cell_modem_semtech.o
       570          0        117        140          0      11231   cell_modem_semtech_hl7900.o
      1750          6         22          0          0      12306   cell_monitoring.o
       152          0          0          0          2       2787   cell_os.o
      2702          6        266          0         52      11344   cell_socket.o
      1024          8        191          0         36       6078   cell_task.o
       638          0         47          0          4       5405   cell_test.o
     15168          8       6967          0          4      56975   cell_urc.o
        26          0          0          0          0        329   main.o
        64         26        472          0       1536        864   startup_stm32f413xx.o
        18          0          0          0          0       2678   system_stm32f4xx.o

    ----------------------------------------------------------------------
     67196        164      14312       2648       2520     295224   Object Totals
         0          0         32          0          0          0   (incl. Generated)
       606          0          9          1         12          0   (incl. Padding)

    ----------------------------------------------------------------------

      Code (inc. data)   RO Data    RW Data    ZI Data      Debug   Library Member Name

        90          0          0          0          0          0   __dczerorl2.o
         8          0          0          0          0         68   __main.o
       392          4         17          0          0         92   __printf_flags_ss_wp.o
        14          0          0          0          0         68   __printf_wp.o
         0          0          0          0          0          0   __rtentry.o
        12          0          0          0          0          0   __rtentry2.o
         6          0          0          0          0          0   __rtentry4.o
        52          8          0          0          0          0   __scatter.o
        28          0          0          0          0          0   __scatter_zi.o
        72          0          0          0          0         96   _c16rtomb.o
        28          0          0          0          0         68   _chval.o
        64          0          0          0          0         84   _mbrtoc16.o
         6          0          0          0          0          0   _printf_a.o
         6          0          0          0          0          0   _printf_c.o
        44          0          0          0          0        108   _printf_char.o
        48          6          0          0          0         96   _printf_char_common.o
        36          4          0          0          0         80   _printf_char_file.o
        40          0          0          0          0         68   _printf_charcount.o
         6          0          0          0          0          0   _printf_d.o
       120         16          0          0          0         92   _printf_dec.o
         6          0          0          0          0          0   _printf_e.o
         6          0          0          0          0          0   _printf_f.o
      1052          0          0          0          0        148   _printf_fp_dec.o
       764          8         38          0          0        100   _printf_fp_hex.o
       128         16          0          0          0         84   _printf_fp_infnan.o
         6          0          0          0          0          0   _printf_g.o
       148          4         40          0          0        160   _printf_hex_int_ll_ptr.o
         6          0          0          0          0          0   _printf_i.o
       178          0          0          0          0         88   _printf_intcommon.o
        10          0          0          0          0          0   _printf_l.o
         6          0          0          0          0          0   _printf_lc.o
        10          0          0          0          0          0   _printf_ll.o
         6          0          0          0          0          0   _printf_lld.o
         6          0          0          0          0          0   _printf_lli.o
         6          0          0          0          0          0   _printf_llo.o
         6          0          0          0          0          0   _printf_llu.o
         6          0          0          0          0          0   _printf_llx.o
       124         16          0          0          0         92   _printf_longlong_dec.o
         6          0          0          0          0          0   _printf_ls.o
         6          0          0          0          0          0   _printf_n.o
         6          0          0          0          0          0   _printf_o.o
       112          8          0          0          0        124   _printf_oct_int_ll.o
         6          0          0          0          0          0   _printf_p.o
        78          0          0          0          0        108   _printf_pad.o
         0          0          0          0          0          0   _printf_percent.o
         4          0          0          0          0          0   _printf_percent_end.o
         6          0          0          0          0          0   _printf_s.o
        82          0          0          0          0         80   _printf_str.o
        36          0          0          0          0         84   _printf_truncate.o
         6          0          0          0          0          0   _printf_u.o
        44          0          0          0          0        108   _printf_wchar.o
       188          6          8          0          0         92   _printf_wctomb.o
         6          0          0          0          0          0   _printf_x.o
        22          0          0          0          0        100   _rserrno.o
       884          6          0          0          0        100   _scanf.o
       332          0          0          0          0         96   _scanf_int.o
       342          0          0          0          0        100   _scanf_longlong.o
       276          0          0          0          0        100   _scanf_mbtowc.o
       224          0          0          0          0         96   _scanf_str.o
        30          0          0          0          0         76   _scanf_wcharmap.o
       232          0          0          0          0        100   _scanf_wctomb.o
       208          0          0          0          0         96   _scanf_wstr.o
        64          0          0          0          0         84   _sgetc.o
        16          0          0          0          0         68   _snputc.o
        10          0          0          0          0         68   _sputc.o
       228          4        148          0          0         96   bigflt0.o
      2152        136          0          0          0        956   btod.o
        10          0          0          0          0         68   defsig_exit.o
        50          0          0          0          0         88   defsig_general.o
        80         58          0          0          0         76   defsig_rtmem_inner.o
        14          0          0          0          0         80   defsig_rtmem_outer.o
        52         38          0          0          0         76   defsig_rtred_inner.o
        14          0          0          0          0         80   defsig_rtred_outer.o
        18          0          0          0          0         80   exit.o
        76          0          0          0          0         88   fclose.o
         8          0          0          0          0         68   ferror.o
       470          0          0          0          0         88   flsbuf.o
       240          6          0          0          0        128   fopen.o
        26          0          0          0          0         68   fputc.o
       248          6          0          0          0         84   fseek.o
        66          0          0          0          0         76   ftell.o
        94          0          0          0          0         80   h1_alloc.o
        52          0          0          0          0         68   h1_extend.o
        78          0          0          0          0         80   h1_free.o
        14          0          0          0          0         84   h1_init.o
         6          0          0          0          0        152   heapauxi.o
         4          0          0          0          0        136   hguard.o
         0          0          0          0          0          0   indicate_semi.o
       138          0          0          0          0        168   init_alloc.o
       312         46          0          0          0        112   initio.o
        18          0          0          0          0         76   isspace.o
        44         10        272          0          0         76   lc_ctype_c.o
        44         10         28          0          0         76   lc_numeric_c.o
         2          0          0          0          0          0   libinit.o
        46          0          0          0          0          0   libinit2.o
         2          0          0          0          0          0   libshutdown.o
         6          0          0          0          0          0   libshutdown2.o
         8          4          0          0         96         68   libspace.o
        38          0          0          0          0         68   llshl.o
       138          0          0          0          0         80   lludiv10.o
         0          0          0          0          0          0   maybetermalloc1.o
        88          0          0          0          0         76   memcmp.o
        24          4          0          0          0         84   printf.o
        16          4          0          0          0         76   rt_ctype_table.o
         8          4          0          0          0         68   rt_errno_addr_intlibspace.o
         8          4          0          0          0         68   rt_heap_descriptor_intlibspace.o
         8          4          0          0          0         68   rt_locale_intlibspace.o
        68          0          0          0          0         68   rt_memclr.o
        78          0          0          0          0         80   rt_memclr_w.o
       138          0          0          0          0         68   rt_memcpy_v6.o
       100          0          0          0          0         80   rt_memcpy_w.o
       132          0          0          0          0         68   rt_memmove_v6.o
       122          0          0          0          0         80   rt_memmove_w.o
         2          0          0          0          0          0   rtexit.o
        10          0          0          0          0          0   rtexit2.o
        44          8          0          0          0         84   scanf_char.o
      1272         16          0          0          0        168   scanf_fp.o
       800         14          0          0          0        100   scanf_hexfp.o
       308         16          0          0          0        100   scanf_infnan.o
        70          0          0          0          0         80   setvbuf.o
        56          6          0          0          0         88   snprintf.o
        60          8          0          0          0         84   sscanf.o
       240          6          0          0          0        156   stdio.o
         0          0          0         12        252          0   stdio_streams.o
        24          0          0          0          0         68   strcat.o
        20          0          0          0          0         68   strchr.o
       124          0          0          0          0         88   strcmpv7em.o
        72          0          0          0          0         80   strcpy.o
        62          0          0          0          0         76   strlen.o
       150          0          0          0          0         80   strncmp.o
        86          0          0          0          0         76   strncpy.o
        36          0          0          0          0         80   strstr.o
        12          4          0          0          0         68   sys_exit.o
       102          0          0          0          0        240   sys_io.o
         0          0         12          0          0          0   sys_io_names.o
        74          0          0          0          0         80   sys_stackheap_outer.o
        14          0          0          0          0         76   sys_wrch.o
         2          0          0          0          0         68   use_no_semi.o
        12          4          0          0          0         68   vprintf.o
        98          4          0          0          0        140   d2f.o
        16          4          0          0          0        116   dcheck1.o
        24          0          0          0          0        116   dcmpi.o
       120          4          0          0          0        140   deqf.o
       120          4          0          0          0        140   dleqf.o
       340         12          0          0          0        152   dmul.o
       156          4          0          0          0        140   dnaninf.o
        12          0          0          0          0        116   dretinf.o
       108          0          0          0          0        128   drleqf.o
         0          0         16          0          0          0   fpconst.o
        26          0          0          0          0        116   fpinit.o
        10          0          0          0          0        116   fretinf.o
         6          0          0          0          0        116   istatus.o
         4          0          0          0          0        116   printf1.o
         4          0          0          0          0        116   printf2.o
       100          0          0          0          0        116   retnan.o
        92          0          0          0          0        116   scalbn.o
         4          0          0          0          0        116   scanf1.o
         8          0          0          0          0        132   scanf2.o
        48          0          0          0          0        116   trapv.o
         0          0          0          0          0          0   usenofp.o
        64         16          0          0          0        248   dunder.o
        48          0          0          0          0        124   fpclassify.o
       140         22          0          0          0        132   frexp.o
       228          8          0          0          0        308   ldexp.o
       266         16          0          0          0        308   narrow.o

    ----------------------------------------------------------------------
     18084        616        580         12        348      13240   Library Totals
        32          0          1          0          0          0   (incl. Padding)

    ----------------------------------------------------------------------

      Code (inc. data)   RO Data    RW Data    ZI Data      Debug   Library Name

     16010        522        563         12        348       9756   c_w.l
      1296         32         16          0          0       2364   fz_wm.l
       746         62          0          0          0       1120   m_wm.l

    ----------------------------------------------------------------------
     18084        616        580         12        348      13240   Library Totals

    ----------------------------------------------------------------------

==============================================================================


      Code (inc. data)   RO Data    RW Data    ZI Data      Debug   

     85280        780      14892       2660       2868     300132   Grand Totals
     85280        780      14892        544       2868     300132   ELF Image Totals (compressed)
     85280        780      14892        544          0          0   ROM Totals

==============================================================================

    Total RO  Size (Code + RO Data)               100172 (  97.82kB)
    Total RW  Size (RW Data + ZI Data)              5528 (   5.40kB)
    Total ROM Size (Code + RO Data + RW Data)     100716 (  98.36kB)

==============================================================================

