Component: ARM Compiler 6.16 Tool: armlink [5dfeaa00]

==============================================================================

Removing Unused input sections from the image.

    Removing cell_api.o(.text), (0 bytes).
    Removing cell_api.o(.text.cell_init), (4 bytes).
    Removing cell_api.o(.ARM.exidx.text.cell_init), (8 bytes).
    Removing cell_api.o(.text.cell_deinit), (2 bytes).
    Removing cell_api.o(.ARM.exidx.text.cell_deinit), (8 bytes).
    Removing cell_api.o(.text.cell_connect), (10 bytes).
    Removing cell_api.o(.ARM.exidx.text.cell_connect), (8 bytes).
    Removing cell_api.o(.text.cell_context_create), (50 bytes).
    Removing cell_api.o(.ARM.exidx.text.cell_context_create), (8 bytes).
    Removing cell_api.o(.text.cell_PDP_config), (4 bytes).
    Removing cell_api.o(.ARM.exidx.text.cell_PDP_config), (8 bytes).
    Removing cell_api.o(.text.cell_DNS_config), (4 bytes).
    Removing cell_api.o(.ARM.exidx.text.cell_DNS_config), (8 bytes).
    Removing cell_api.o(.text.cell_simcard_info_get), (10 bytes).
    Removing cell_api.o(.ARM.exidx.text.cell_simcard_info_get), (8 bytes).
    Removing cell_api.o(.text.cell_simcard_swap_start), (4 bytes).
    Removing cell_api.o(.ARM.exidx.text.cell_simcard_swap_start), (8 bytes).
    Removing cell_api.o(.text.cell_simcard_swap_abort), (4 bytes).
    Removing cell_api.o(.ARM.exidx.text.cell_simcard_swap_abort), (8 bytes).
    Removing cell_api.o(.text.cell_modem_info_get), (10 bytes).
    Removing cell_api.o(.ARM.exidx.text.cell_modem_info_get), (8 bytes).
    Removing cell_api.o(.text.cell_cellular_info_get), (10 bytes).
    Removing cell_api.o(.ARM.exidx.text.cell_cellular_info_get), (8 bytes).
    Removing cell_api.o(.text.cell_service_status_get), (10 bytes).
    Removing cell_api.o(.ARM.exidx.text.cell_service_status_get), (8 bytes).
    Removing cell_api.o(.text.cell_network_info_get), (10 bytes).
    Removing cell_api.o(.ARM.exidx.text.cell_network_info_get), (8 bytes).
    Removing cell_api.o(.text.cell_reject_cause_get), (4 bytes).
    Removing cell_api.o(.ARM.exidx.text.cell_reject_cause_get), (8 bytes).
    Removing cell_api.o(.text.cell_psm_config), (4 bytes).
    Removing cell_api.o(.ARM.exidx.text.cell_psm_config), (8 bytes).
    Removing cell_api.o(.text.cell_psm_settings_get), (10 bytes).
    Removing cell_api.o(.ARM.exidx.text.cell_psm_settings_get), (8 bytes).
    Removing cell_api.o(.text.cell_edrx_config), (4 bytes).
    Removing cell_api.o(.ARM.exidx.text.cell_edrx_config), (8 bytes).
    Removing cell_api.o(.text.cell_edrx_settings_get), (4 bytes).
    Removing cell_api.o(.ARM.exidx.text.cell_edrx_settings_get), (8 bytes).
    Removing cell_api.o(.text.cell_ping_answer_config), (4 bytes).
    Removing cell_api.o(.ARM.exidx.text.cell_ping_answer_config), (8 bytes).
    Removing cell_api.o(.text.cell_socket_create), (10 bytes).
    Removing cell_api.o(.ARM.exidx.text.cell_socket_create), (8 bytes).
    Removing cell_api.o(.text.cell_socket_send), (10 bytes).
    Removing cell_api.o(.ARM.exidx.text.cell_socket_send), (8 bytes).
    Removing cell_api.o(.text.cell_socket_receive), (10 bytes).
    Removing cell_api.o(.ARM.exidx.text.cell_socket_receive), (8 bytes).
    Removing cell_api.o(.text.cell_socket_close), (10 bytes).
    Removing cell_api.o(.ARM.exidx.text.cell_socket_close), (8 bytes).
    Removing cell_api.o(.text.cell_socket_verify_data), (10 bytes).
    Removing cell_api.o(.ARM.exidx.text.cell_socket_verify_data), (8 bytes).
    Removing cell_api.o(.text.cell_time_sync), (4 bytes).
    Removing cell_api.o(.ARM.exidx.text.cell_time_sync), (8 bytes).
    Removing cell_api.o(.text.cell_time_get), (4 bytes).
    Removing cell_api.o(.ARM.exidx.text.cell_time_get), (8 bytes).
    Removing cell_api.o(.text.cell_dfota_start), (10 bytes).
    Removing cell_api.o(.ARM.exidx.text.cell_dfota_start), (8 bytes).
    Removing cell_api.o(.text.cell_dfota_write), (10 bytes).
    Removing cell_api.o(.ARM.exidx.text.cell_dfota_write), (8 bytes).
    Removing cell_api.o(.text.cell_dfota_activate), (10 bytes).
    Removing cell_api.o(.ARM.exidx.text.cell_dfota_activate), (8 bytes).
    Removing cell_api.o(.text.cell_dfota_abort), (10 bytes).
    Removing cell_api.o(.ARM.exidx.text.cell_dfota_abort), (8 bytes).
    Removing cell_api.o(.text.cell_log_config), (12 bytes).
    Removing cell_api.o(.ARM.exidx.text.cell_log_config), (8 bytes).
    Removing cell_api.o(.text.cell_tcp_config), (4 bytes).
    Removing cell_api.o(.ARM.exidx.text.cell_tcp_config), (8 bytes).
    Removing cell_api.o(.text.cell_test), (10 bytes).
    Removing cell_api.o(.ARM.exidx.text.cell_test), (8 bytes).
    Removing cell_log.o(.text), (0 bytes).
    Removing cell_log.o(.text.cell_log_set_level), (12 bytes).
    Removing cell_log.o(.ARM.exidx.text.cell_log_set_level), (8 bytes).
    Removing cell_log.o(.ARM.exidx.text.cell_log_print), (8 bytes).
    Removing cell_log.o(.ARM.exidx.text.cell_log_normal), (8 bytes).
[...]
    0x0800028c   0x0800028c   0x00000006   Code   RO         1259    .ARM.Collect$$_printf_percent$$00000001  c_w.l(_printf_n.o)
    0x08000292   0x08000292   0x00000006   Code   RO         1260    .ARM.Collect$$_printf_percent$$00000002  c_w.l(_printf_p.o)
    0x08000298   0x08000298   0x00000006   Code   RO         1263    .ARM.Collect$$_printf_percent$$00000003  c_w.l(_printf_f.o)
    0x0800029e   0x0800029e   0x00000006   Code   RO         1264    .ARM.Collect$$_printf_percent$$00000004  c_w.l(_printf_e.o)
    0x080002a4   0x080002a4   0x00000006   Code   RO         1265    .ARM.Collect$$_printf_percent$$00000005  c_w.l(_printf_g.o)
    0x080002aa   0x080002aa   0x00000006   Code   RO         1266    .ARM.Collect$$_printf_percent$$00000006  c_w.l(_printf_a.o)
    0x080002b0   0x080002b0   0x0000000a   Code   RO         1271    .ARM.Collect$$_printf_percent$$00000007  c_w.l(_printf_ll.o)
    0x080002ba   0x080002ba   0x00000006   Code   RO         1262    .ARM.Collect$$_printf_percent$$00000008  c_w.l(_printf_i.o)
    0x080002c0   0x080002c0   0x00000006   Code   RO         1183    .ARM.Collect$$_printf_percent$$00000009  c_w.l(_printf_d.o)
    0x080002c6   0x080002c6   0x00000006   Code   RO         1184    .ARM.Collect$$_printf_percent$$0000000A  c_w.l(_printf_u.o)
    0x080002cc   0x080002cc   0x00000006   Code   RO         1261    .ARM.Collect$$_printf_percent$$0000000B  c_w.l(_printf_o.o)
    0x080002d2   0x080002d2   0x00000006   Code   RO         1182    .ARM.Collect$$_printf_percent$$0000000C  c_w.l(_printf_x.o)
    0x080002d8   0x080002d8   0x00000006   Code   RO         1268    .ARM.Collect$$_printf_percent$$0000000D  c_w.l(_printf_lli.o)
    0x080002de   0x080002de   0x00000006   Code   RO         1269    .ARM.Collect$$_printf_percent$$0000000E  c_w.l(_printf_lld.o)
    0x080002e4   0x080002e4   0x00000006   Code   RO         1270    .ARM.Collect$$_printf_percent$$0000000F  c_w.l(_printf_llu.o)
    0x080002ea   0x080002ea   0x00000006   Code   RO         1275    .ARM.Collect$$_printf_percent$$00000010  c_w.l(_printf_llo.o)
    0x080002f0   0x080002f0   0x00000006   Code   RO         1276    .ARM.Collect$$_printf_percent$$00000011  c_w.l(_printf_llx.o)
    0x080002f6   0x080002f6   0x0000000a   Code   RO         1272    .ARM.Collect$$_printf_percent$$00000012  c_w.l(_printf_l.o)
    0x08000300   0x08000300   0x00000006   Code   RO         1258    .ARM.Collect$$_printf_percent$$00000013  c_w.l(_printf_c.o)
    0x08000306   0x08000306   0x00000006   Code   RO         1181    .ARM.Collect$$_printf_percent$$00000014  c_w.l(_printf_s.o)
    0x0800030c   0x0800030c   0x00000006   Code   RO         1273    .ARM.Collect$$_printf_percent$$00000015  c_w.l(_printf_lc.o)
    0x08000312   0x08000312   0x00000006   Code   RO         1274    .ARM.Collect$$_printf_percent$$00000016  c_w.l(_printf_ls.o)
    0x08000318   0x08000318   0x00000004   Code   RO         1267    .ARM.Collect$$_printf_percent$$00000017  c_w.l(_printf_percent_end.o)
    0x0800031c   0x0800031c   0x00000002   Code   RO         1546    .ARM.Collect$$libinit$$00000000  c_w.l(libinit.o)
    0x0800031e   0x0800031e   0x00000004   Code   RO         1547    .ARM.Collect$$libinit$$00000001  c_w.l(libinit2.o)
    0x08000322   0x08000322   0x00000000   Code   RO         1550    .ARM.Collect$$libinit$$00000004  c_w.l(libinit2.o)
    0x08000322   0x08000322   0x00000008   Code   RO         1551    .ARM.Collect$$libinit$$00000005  c_w.l(libinit2.o)
    0x0800032a   0x0800032a   0x00000000   Code   RO         1553    .ARM.Collect$$libinit$$0000000A  c_w.l(libinit2.o)
    0x0800032a   0x0800032a   0x00000000   Code   RO         1555    .ARM.Collect$$libinit$$0000000C  c_w.l(libinit2.o)
    0x0800032a   0x0800032a   0x00000000   Code   RO         1557    .ARM.Collect$$libinit$$0000000E  c_w.l(libinit2.o)
    0x0800032a   0x0800032a   0x00000006   Code   RO         1558    .ARM.Collect$$libinit$$0000000F  c_w.l(libinit2.o)
    0x08000330   0x08000330   0x00000000   Code   RO         1560    .ARM.Collect$$libinit$$00000011  c_w.l(libinit2.o)
    0x08000330   0x08000330   0x0000000c   Code   RO         1561    .ARM.Collect$$libinit$$00000012  c_w.l(libinit2.o)
    0x0800033c   0x0800033c   0x00000000   Code   RO         1562    .ARM.Collect$$libinit$$00000013  c_w.l(libinit2.o)
    0x0800033c   0x0800033c   0x00000000   Code   RO         1564    .ARM.Collect$$libinit$$00000015  c_w.l(libinit2.o)
    0x0800033c   0x0800033c   0x0000000a   Code   RO         1565    .ARM.Collect$$libinit$$00000016  c_w.l(libinit2.o)
    0x08000346   0x08000346   0x00000000   Code   RO         1566    .ARM.Collect$$libinit$$00000017  c_w.l(libinit2.o)
    0x08000346   0x08000346   0x00000000   Code   RO         1568    .ARM.Collect$$libinit$$00000019  c_w.l(libinit2.o)
    0x08000346   0x08000346   0x00000000   Code   RO         1570    .ARM.Collect$$libinit$$0000001B  c_w.l(libinit2.o)
    0x08000346   0x08000346   0x00000000   Code   RO         1572    .ARM.Collect$$libinit$$0000001D  c_w.l(libinit2.o)
    0x08000346   0x08000346   0x00000000   Code   RO         1574    .ARM.Collect$$libinit$$0000001F  c_w.l(libinit2.o)
    0x08000346   0x08000346   0x00000000   Code   RO         1576    .ARM.Collect$$libinit$$00000021  c_w.l(libinit2.o)
    0x08000346   0x08000346   0x00000000   Code   RO         1578    .ARM.Collect$$libinit$$00000023  c_w.l(libinit2.o)
    0x08000346   0x08000346   0x00000004   Code   RO         1579    .ARM.Collect$$libinit$$00000024  c_w.l(libinit2.o)
    0x0800034a   0x0800034a   0x00000000   Code   RO         1580    .ARM.Collect$$libinit$$00000025  c_w.l(libinit2.o)
    0x0800034a   0x0800034a   0x00000000   Code   RO         1584    .ARM.Collect$$libinit$$0000002C  c_w.l(libinit2.o)
    0x0800034a   0x0800034a   0x00000000   Code   RO         1586    .ARM.Collect$$libinit$$0000002E  c_w.l(libinit2.o)
    0x0800034a   0x0800034a   0x00000000   Code   RO         1588    .ARM.Collect$$libinit$$00000030  c_w.l(libinit2.o)
    0x0800034a   0x0800034a   0x00000000   Code   RO         1590    .ARM.Collect$$libinit$$00000032  c_w.l(libinit2.o)
    0x0800034a   0x0800034a   0x00000002   Code   RO         1591    .ARM.Collect$$libinit$$00000033  c_w.l(libinit2.o)
    0x0800034c   0x0800034c   0x00000002   Code   RO         1762    .ARM.Collect$$libshutdown$$00000000  c_w.l(libshutdown.o)
    0x0800034e   0x0800034e   0x00000000   Code   RO         1593    .ARM.Collect$$libshutdown$$00000002  c_w.l(libshutdown2.o)
    0x0800034e   0x0800034e   0x00000004   Code   RO         1594    .ARM.Collect$$libshutdown$$00000003  c_w.l(libshutdown2.o)
    0x08000352   0x08000352   0x00000000   Code   RO         1595    .ARM.Collect$$libshutdown$$00000004  c_w.l(libshutdown2.o)
    0x08000352   0x08000352   0x00000000   Code   RO         1598    .ARM.Collect$$libshutdown$$00000007  c_w.l(libshutdown2.o)
    0x08000352   0x08000352   0x00000000   Code   RO         1601    .ARM.Collect$$libshutdown$$0000000A  c_w.l(libshutdown2.o)
    0x08000352   0x08000352   0x00000000   Code   RO         1603    .ARM.Collect$$libshutdown$$0000000C  c_w.l(libshutdown2.o)
    0x08000352   0x08000352   0x00000000   Code   RO         1606    .ARM.Collect$$libshutdown$$0000000F  c_w.l(libshutdown2.o)
    0x08000352   0x08000352   0x00000002   Code   RO         1607    .ARM.Collect$$libshutdown$$00000010  c_w.l(libshutdown2.o)
    0x08000354   0x08000354   0x00000000   Code   RO         1230    .ARM.Collect$$rtentry$$00000000  c_w.l(__rtentry.o)
    0x08000354   0x08000354   0x00000000   Code   RO         1312    .ARM.Collect$$rtentry$$00000002  c_w.l(__rtentry2.o)
    0x08000354   0x08000354   0x00000006   Code   RO         1324    .ARM.Collect$$rtentry$$00000004  c_w.l(__rtentry4.o)
    0x0800035a   0x0800035a   0x00000000   Code   RO         1314    .ARM.Collect$$rtentry$$00000009  c_w.l(__rtentry2.o)
    0x0800035a   0x0800035a   0x00000004   Code   RO         1315    .ARM.Collect$$rtentry$$0000000A  c_w.l(__rtentry2.o)
    0x0800035e   0x0800035e   0x00000000   Code   RO         1317    .ARM.Collect$$rtentry$$0000000C  c_w.l(__rtentry2.o)
    0x0800035e   0x0800035e   0x00000008   Code   RO         1318    .ARM.Collect$$rtentry$$0000000D  c_w.l(__rtentry2.o)
    0x08000366   0x08000366   0x00000002   Code   RO         1625    .ARM.Collect$$rtexit$$00000000  c_w.l(rtexit.o)
    0x08000368   0x08000368   0x00000000   Code   RO         1701    .ARM.Collect$$rtexit$$00000002  c_w.l(rtexit2.o)
    0x08000368   0x08000368   0x00000004   Code   RO         1702    .ARM.Collect$$rtexit$$00000003  c_w.l(rtexit2.o)
    0x0800036c   0x0800036c   0x00000006   Code   RO         1703    .ARM.Collect$$rtexit$$00000004  c_w.l(rtexit2.o)
    0x08000372   0x08000372   0x00000002   PAD
    0x08000374   0x08000374   0x00000040   Code   RO         1099    .text               startup_stm32f413xx.o
    0x080003b4   0x080003b4   0x0000000c   Code   RO         1122    .text               c_w.l(vprintf.o)
    0x080003c0   0x080003c0   0x00000018   Code   RO         1124    .text               c_w.l(__2printf.o)
    0x080003d8   0x080003d8   0x00000038   Code   RO         1126    .text               c_w.l(__2snprintf.o)
    0x08000410   0x08000410   0x0000004e   Code   RO         1134    .text               c_w.l(_printf_pad.o)
    0x0800045e   0x0800045e   0x00000052   Code   RO         1136    .text               c_w.l(_printf_str.o)
    0x080004b0   0x080004b0   0x00000078   Code   RO         1138    .text               c_w.l(_printf_dec.o)
    0x08000528   0x08000528   0x00000094   Code   RO         1158    .text               c_w.l(_printf_hex_int_ll_ptr.o)
    0x080005bc   0x080005bc   0x00000188   Code   RO         1178    .text               c_w.l(__printf_flags_ss_wp.o)
    0x08000744   0x08000744   0x0000003c   Code   RO         1186    .text               c_w.l(__0sscanf.o)
    0x08000780   0x08000780   0x0000014c   Code   RO         1188    .text               c_w.l(_scanf_int.o)
    0x080008cc   0x080008cc   0x000000e0   Code   RO         1190    .text               c_w.l(_scanf_str.o)
    0x080009ac   0x080009ac   0x00000114   Code   RO         1192    .text               c_w.l(_scanf_mbtowc.o)
    0x08000ac0   0x08000ac0   0x0000000c   Code   RO         1194    .text               c_w.l(putchar.o)
    0x08000acc   0x08000acc   0x00000014   Code   RO         1196    .text               c_w.l(strchr.o)
    0x08000ae0   0x08000ae0   0x00000024   Code   RO         1198    .text               c_w.l(strstr.o)
    0x08000b04   0x08000b04   0x00000058   Code   RO         1200    .text               c_w.l(memcmp.o)
    0x08000b5c   0x08000b5c   0x0000003e   Code   RO         1202    .text               c_w.l(strlen.o)
    0x08000b9a   0x08000b9a   0x00000096   Code   RO         1204    .text               c_w.l(strncmp.o)
    0x08000c30   0x08000c30   0x00000018   Code   RO         1206    .text               c_w.l(strcat.o)
    0x08000c48   0x08000c48   0x0000008a   Code   RO         1208    .text               c_w.l(rt_memcpy_v6.o)
    0x08000cd2   0x08000cd2   0x00000084   Code   RO         1210    .text               c_w.l(rt_memmove_v6.o)
    0x08000d56   0x08000d56   0x00000064   Code   RO         1212    .text               c_w.l(rt_memcpy_w.o)
    0x08000dba   0x08000dba   0x00000010   Code   RO         1214    .text               c_w.l(aeabi_memset.o)
    0x08000dca   0x08000dca   0x00000044   Code   RO         1216    .text               c_w.l(rt_memclr.o)
    0x08000e0e   0x08000e0e   0x0000004e   Code   RO         1218    .text               c_w.l(rt_memclr_w.o)
    0x08000e5c   0x08000e5c   0x00000056   Code   RO         1220    .text               c_w.l(strncpy.o)
    0x08000eb2   0x08000eb2   0x00000006   PAD
    0x08000eb8   0x08000eb8   0x0000007c   Code   RO         1222    .text               c_w.l(strcmpv7em.o)
    0x08000f34   0x08000f34   0x00000006   Code   RO         1224    .text               c_w.l(heapauxi.o)
    0x08000f3a   0x08000f3a   0x00000024   Code   RO         1231    .text               c_w.l(_printf_truncate.o)
    0x08000f5e   0x08000f5e   0x000000b2   Code   RO         1233    .text               c_w.l(_printf_intcommon.o)
    0x08001010   0x08001010   0x00000028   Code   RO         1235    .text               c_w.l(_printf_charcount.o)
    0x08001038   0x08001038   0x00000030   Code   RO         1237    .text               c_w.l(_printf_char_common.o)
    0x08001068   0x08001068   0x0000000a   Code   RO         1239    .text               c_w.l(_sputc.o)
    0x08001072   0x08001072   0x00000010   Code   RO         1241    .text               c_w.l(_snputc.o)
    0x08001082   0x08001082   0x0000002c   Code   RO         1243    .text               c_w.l(_printf_char.o)
    0x080010ae   0x080010ae   0x00000002   PAD
    0x080010b0   0x080010b0   0x00000024   Code   RO         1245    .text               c_w.l(_printf_char_file.o)
    0x080010d4   0x080010d4   0x000000bc   Code   RO         1247    .text               c_w.l(_printf_wctomb.o)
    0x08001190   0x08001190   0x0000007c   Code   RO         1250    .text               c_w.l(_printf_longlong_dec.o)
    0x0800120c   0x0800120c   0x00000070   Code   RO         1256    .text               c_w.l(_printf_oct_int_ll.o)
    0x0800127c   0x0800127c   0x0000001c   Code   RO         1277    .text               c_w.l(_chval.o)
    0x08001298   0x08001298   0x000004f8   Code   RO         1279    .text               c_w.l(scanf_fp.o)
    0x08001790   0x08001790   0x0000002c   Code   RO         1283    .text               c_w.l(scanf_char.o)
    0x080017bc   0x080017bc   0x00000040   Code   RO         1285    .text               c_w.l(_sgetc.o)
    0x080017fc   0x080017fc   0x00000040   Code   RO         1299    .text               c_w.l(_mbrtoc16.o)
    0x0800183c   0x0800183c   0x0000007a   Code   RO         1301    .text               c_w.l(rt_memmove_w.o)
    0x080018b6   0x080018b6   0x00000002   PAD
    0x080018b8   0x080018b8   0x00000010   Code   RO         1326    .text               c_w.l(rt_ctype_table.o)
    0x080018c8   0x080018c8   0x00000008   Code   RO         1331    .text               c_w.l(rt_locale_intlibspace.o)
    0x080018d0   0x080018d0   0x00000008   Code   RO         1336    .text               c_w.l(rt_errno_addr_intlibspace.o)
    0x080018d8   0x080018d8   0x00000026   Code   RO         1338    .text               c_w.l(llshl.o)
    0x080018fe   0x080018fe   0x0000008a   Code   RO         1340    .text               c_w.l(lludiv10.o)
    0x08001988   0x08001988   0x00000012   Code   RO         1342    .text               c_w.l(isspace.o)
    0x0800199a   0x0800199a   0x0000041c   Code   RO         1344    .text               c_w.l(_printf_fp_dec.o)
    0x08001db6   0x08001db6   0x00000002   PAD
    0x08001db8   0x08001db8   0x000002fc   Code   RO         1348    .text               c_w.l(_printf_fp_hex.o)
    0x080020b4   0x080020b4   0x0000002c   Code   RO         1353    .text               c_w.l(_printf_wchar.o)
    0x080020e0   0x080020e0   0x00000374   Code   RO         1355    .text               c_w.l(_scanf.o)
    0x08002454   0x08002454   0x000000e4   Code   RO         1357    .text               c_w.l(bigflt0.o)
    0x08002538   0x08002538   0x00000008   Code   RO         1385    .text               c_w.l(ferror.o)
    0x08002540   0x08002540   0x000001d6   Code   RO         1387    .text               c_w.l(flsbuf.o)
    0x08002716   0x08002716   0x00000002   PAD
    0x08002718   0x08002718   0x00000138   Code   RO         1389    .text               c_w.l(initio.o)
    0x08002850   0x08002850   0x00000048   Code   RO         1395    .text               c_w.l(_c16rtomb.o)
    0x08002898   0x08002898   0x00000066   Code   RO         1423    .text               c_w.l(sys_io.o)
    0x080028fe   0x080028fe   0x00000002   PAD
    0x08002900   0x08002900   0x00000008   Code   RO         1430    .text               c_w.l(libspace.o)
    0x08002908   0x08002908   0x0000004a   Code   RO         1435    .text               c_w.l(sys_stackheap_outer.o)
    0x08002952   0x08002952   0x0000005e   Code   RO         1441    .text               c_w.l(h1_alloc.o)
    0x080029b0   0x080029b0   0x0000004e   Code   RO         1443    .text               c_w.l(h1_free.o)
    0x080029fe   0x080029fe   0x00000016   Code   RO         1499    .text               c_w.l(_rserrno.o)
    0x08002a14   0x08002a14   0x00000080   Code   RO         1501    .text               c_w.l(_printf_fp_infnan.o)
    0x08002a94   0x08002a94   0x00000320   Code   RO         1505    .text               c_w.l(scanf_hexfp.o)
    0x08002db4   0x08002db4   0x00000134   Code   RO         1507    .text               c_w.l(scanf_infnan.o)
    0x08002ee8   0x08002ee8   0x00000046   Code   RO         1513    .text               c_w.l(setvbuf.o)
    0x08002f2e   0x08002f2e   0x00000002   PAD
    0x08002f30   0x08002f30   0x000000f0   Code   RO         1515    .text               c_w.l(stdio.o)
    0x08003020   0x08003020   0x000000f0   Code   RO         1520    .text               c_w.l(fopen.o)
    0x08003110   0x08003110   0x0000004c   Code   RO         1522    .text               c_w.l(fclose.o)
    0x0800315c   0x0800315c   0x00000012   Code   RO         1533    .text               c_w.l(exit.o)
    0x0800316e   0x0800316e   0x0000000e   Code   RO         1535    .text               c_w.l(defsig_rtred_outer.o)
    0x0800317c   0x0800317c   0x00000002   Code   RO         1622    .text               c_w.l(use_no_semi.o)
    0x0800317e   0x0800317e   0x00000000   Code   RO         1624    .text               c_w.l(indicate_semi.o)
    0x0800317e   0x0800317e   0x00000002   PAD
    0x08003180   0x08003180   0x00000008   Code   RO         1632    .text               c_w.l(rt_heap_descriptor_intlibspace.o)
    0x08003188   0x08003188   0x00000004   Code   RO         1634    .text               c_w.l(hguard.o)
    0x0800318c   0x0800318c   0x0000008a   Code   RO         1636    .text               c_w.l(init_alloc.o)
    0x08003216   0x08003216   0x0000000e   Code   RO         1640    .text               c_w.l(h1_init.o)
    0x08003224   0x08003224   0x000000f8   Code   RO         1658    .text               c_w.l(fseek.o)
    0x0800331c   0x0800331c   0x0000000a   Code   RO         1664    .text               c_w.l(defsig_exit.o)
    0x08003326   0x08003326   0x00000002   PAD
    0x08003328   0x08003328   0x00000034   Code   RO         1666    .text               c_w.l(defsig_rtred_inner.o)
    0x0800335c   0x0800335c   0x0000000c   Code   RO         1694    .text               c_w.l(sys_exit.o)
    0x08003368   0x08003368   0x00000000   Code   RO         1709    .text               c_w.l(maybetermalloc1.o)
    0x08003368   0x08003368   0x00000034   Code   RO         1711    .text               c_w.l(h1_extend.o)
    0x0800339c   0x0800339c   0x00000042   Code   RO         1715    .text               c_w.l(ftell.o)
    0x080033de   0x080033de   0x00000032   Code   RO         1719    .text               c_w.l(defsig_general.o)
    0x08003410   0x08003410   0x0000000e   Code   RO         1721    .text               c_w.l(defsig_rtmem_outer.o)
    0x0800341e   0x0800341e   0x0000000e   Code   RO         1750    .text               c_w.l(sys_wrch.o)
    0x0800342c   0x0800342c   0x00000050   Code   RO         1756    .text               c_w.l(defsig_rtmem_inner.o)
    0x0800347c   0x0800347c   0x00000012   Code   RO         1106    .text.SystemInit    system_stm32f4xx.o
    0x0800348e   0x0800348e   0x00000002   PAD
    0x08003490   0x08003490   0x000001ae   Code   RO          633    .text.at_command_request  cell_at.o
    0x0800363e   0x0800363e   0x00000002   PAD
    0x08003640   0x08003640   0x000000b8   Code   RO          375    .text.at_parser_band_get  cell_modem_bg95.o
    0x080036f8   0x080036f8   0x000000c8   Code   RO         1073    .text.at_parser_band_get  cell_modem_eg915u.o
    0x080037c0   0x080037c0   0x00000060   Code   RO          612    .text.at_parser_cs_network_reg_status_get  cell_modem_common.o
    0x08003820   0x08003820   0x00000058   Code   RO          283    .text.at_parser_custom_at  cell_test.o
    0x08003878   0x08003878   0x00000064   Code   RO          389    .text.at_parser_dfota_write  cell_modem_bg95.o
    0x080038dc   0x080038dc   0x00000060   Code   RO          616    .text.at_parser_eps_network_reg_status_get  cell_modem_common.o
    0x0800393c   0x0800393c   0x0000005c   Code   RO          387    .text.at_parser_file_open  cell_modem_bg95.o
    0x08003998   0x08003998   0x00000058   Code   RO          576    .text.at_parser_firmware_version  cell_modem_common.o
    0x080039f0   0x080039f0   0x000001d2   Code   RO          514    .text.at_parser_get_tcp_socket_status  cell_modem_semtech.o
    0x08003bc2   0x08003bc2   0x00000002   PAD
    0x08003bc4   0x08003bc4   0x00000060   Code   RO          620    .text.at_parser_gprs_network_reg_status_get  cell_modem_common.o
    0x08003c24   0x08003c24   0x00000060   Code   RO          960    .text.at_parser_iccid_get  cell_modem_quectel.o
    0x08003c84   0x08003c84   0x00000054   Code   RO          564    .text.at_parser_imei_get  cell_modem_common.o
    0x08003cd8   0x08003cd8   0x00000054   Code   RO          580    .text.at_parser_imsi_get  cell_modem_common.o
    0x08003d2c   0x08003d2c   0x00000058   Code   RO          568    .text.at_parser_manufacturer_info  cell_modem_common.o
    0x08003d84   0x08003d84   0x00000058   Code   RO          572    .text.at_parser_model_info  cell_modem_common.o
    0x08003ddc   0x08003ddc   0x00000060   Code   RO          409    .text.at_parser_nb1_cap_feature_bitmap_get  cell_modem_bg95.o
    0x08003e3c   0x08003e3c   0x0000022c   Code   RO         1048    .text.at_parser_neighbour_cell_get  cell_modem_quectel.o
    0x08004068   0x08004068   0x0000012c   Code   RO          373    .text.at_parser_net_category_get  cell_modem_bg95.o
    0x08004194   0x08004194   0x000000c4   Code   RO          988    .text.at_parser_operator_info_get  cell_modem_quectel.o
    0x08004258   0x08004258   0x000000a8   Code   RO          972    .text.at_parser_pdp_get  cell_modem_quectel.o
    0x08004300   0x08004300   0x000000fc   Code   RO          982    .text.at_parser_pdp_settings_get  cell_modem_quectel.o
    0x080043fc   0x080043fc   0x000001e4   Code   RO          584    .text.at_parser_psm_get  cell_modem_common.o
    0x080045e0   0x080045e0   0x00000058   Code   RO          976    .text.at_parser_quectel_firmware_version  cell_modem_quectel.o
    0x08004638   0x08004638   0x000000a8   Code   RO          454    .text.at_parser_rat_get  cell_modem_semtech.o
    0x080046e0   0x080046e0   0x0000008c   Code   RO         1071    .text.at_parser_rat_mode_get  cell_modem_eg915u.o
    0x0800476c   0x0800476c   0x00000118   Code   RO          371    .text.at_parser_rat_seq_get  cell_modem_bg95.o
    0x08004884   0x08004884   0x0000007c   Code   RO          395    .text.at_parser_scrub_direction_get  cell_modem_bg95.o
    0x08004900   0x08004900   0x00000114   Code   RO          456    .text.at_parser_semtech_band_get  cell_modem_semtech.o
    0x08004a14   0x08004a14   0x00000058   Code   RO          448    .text.at_parser_semtech_firmware_version  cell_modem_semtech.o
    0x08004a6c   0x08004a6c   0x00000060   Code   RO          444    .text.at_parser_semtech_iccid_get  cell_modem_semtech.o
    0x08004acc   0x08004acc   0x000000d4   Code   RO          462    .text.at_parser_semtech_operator_info_get  cell_modem_semtech.o
    0x08004ba0   0x08004ba0   0x00000094   Code   RO          482    .text.at_parser_semtech_pdp_authentication_get  cell_modem_semtech.o
    0x08004c34   0x08004c34   0x00000074   Code   RO          508    .text.at_parser_semtech_pdp_context_info_get  cell_modem_semtech.o
    0x08004ca8   0x08004ca8   0x000000dc   Code   RO          480    .text.at_parser_semtech_pdp_settings_get  cell_modem_semtech.o
    0x08004d84   0x08004d84   0x000000f4   Code   RO          510    .text.at_parser_semtech_pdp_stat_get  cell_modem_semtech.o
    0x08004e78   0x08004e78   0x0000007c   Code   RO          468    .text.at_parser_semtech_service_domain_get  cell_modem_semtech.o
    0x08004ef4   0x08004ef4   0x00000070   Code   RO          377    .text.at_parser_service_domain_get  cell_modem_bg95.o
    0x08004f64   0x08004f64   0x00000120   Code   RO          536    .text.at_parser_serving_cell_get  cell_modem_semtech_hl7900.o
    0x08005084   0x08005084   0x00000248   Code   RO         1046    .text.at_parser_serving_cell_get  cell_modem_quectel.o
    0x080052cc   0x080052cc   0x00000130   Code   RO          608    .text.at_parser_signal_quality_report  cell_modem_common.o
    0x080053fc   0x080053fc   0x000001b4   Code   RO          558    .text.at_parser_sim_readiness_check  cell_modem_common.o
    0x080055b0   0x080055b0   0x000001a8   Code   RO          496    .text.at_parser_socket_check_exist  cell_modem_semtech.o
    0x08005758   0x08005758   0x0000009c   Code   RO         1044    .text.at_parser_socket_check_usability  cell_modem_quectel.o
    0x080057f4   0x080057f4   0x0000006c   Code   RO          998    .text.at_parser_socket_get_data_verify  cell_modem_quectel.o
    0x08005860   0x08005860   0x00000084   Code   RO          516    .text.at_parser_socket_get_unread_recv_len  cell_modem_semtech.o
    0x080058e4   0x080058e4   0x0000006c   Code   RO         1010    .text.at_parser_socket_get_unread_recv_len  cell_modem_quectel.o
    0x08005950   0x08005950   0x00000054   Code   RO          512    .text.at_parser_socket_id  cell_modem_semtech.o
    0x080059a4   0x080059a4   0x00000064   Code   RO         1040    .text.at_parser_socket_query_service_status  cell_modem_quectel.o
    0x08005a08   0x08005a08   0x000000f6   Code   RO          502    .text.at_parser_socket_receive  cell_modem_semtech.o
    0x08005afe   0x08005afe   0x00000002   PAD
    0x08005b00   0x08005b00   0x00000100   Code   RO         1008    .text.at_parser_socket_receive  cell_modem_quectel.o
    0x08005c00   0x08005c00   0x00000064   Code   RO          383    .text.at_parser_storage_space_get  cell_modem_bg95.o
    0x08005c64   0x08005c64   0x0000005c   Code   RO          594    .text.at_parset_ue_functionality_get  cell_modem_common.o
    0x08005cc0   0x08005cc0   0x000000f8   Code   RO          649    .text.at_read_line  cell_at.o
    0x08005db8   0x08005db8   0x00000064   Code   RO          367    .text.bg95_dfota_download_cancel  cell_modem_bg95.o
    0x08005e1c   0x08005e1c   0x00000160   Code   RO          359    .text.bg95_dfota_local_init  cell_modem_bg95.o
    0x08005f7c   0x08005f7c   0x000001bc   Code   RO          361    .text.bg95_dfota_local_update  cell_modem_bg95.o
    0x08006138   0x08006138   0x0000008e   Code   RO          363    .text.bg95_dfota_wireless_init  cell_modem_bg95.o
    0x080061c6   0x080061c6   0x00000002   PAD
    0x080061c8   0x080061c8   0x00000068   Code   RO          365    .text.bg95_dfota_wireless_start  cell_modem_bg95.o
    0x08006230   0x08006230   0x000000bc   Code   RO          369    .text.bg95_dfota_write  cell_modem_bg95.o
    0x080062ec   0x080062ec   0x000000a8   Code   RO          405    .text.bg95_fota_apn_config  cell_modem_bg95.o
    0x08006394   0x08006394   0x000000f8   Code   RO          349    .text.bg95_modem_specific_features_set  cell_modem_bg95.o
    0x0800648c   0x0800648c   0x000000b8   Code   RO          351    .text.bg95_rat_settings_get  cell_modem_bg95.o
    0x08006544   0x08006544   0x000002ac   Code   RO          353    .text.bg95_rat_settings_set  cell_modem_bg95.o
    0x080067f0   0x080067f0   0x00000054   Code   RO          355    .text.bg95_service_domain_get  cell_modem_bg95.o
    0x08006844   0x08006844   0x00000070   Code   RO          357    .text.bg95_service_domain_set  cell_modem_bg95.o
    0x080068b4   0x080068b4   0x00000044   Code   RO          407    .text.bg95_urc_dfota_handler  cell_modem_bg95.o
    0x080068f8   0x080068f8   0x0000008c   Code   RO          994    .text.build_socket_send_command  cell_modem_quectel.o
    0x08006984   0x08006984   0x0000000c   Code   RO          298    .text.cell_com_enable_rxne_irq  cell_com.o
    0x08006990   0x08006990   0x00000018   Code   RO          300    .text.cell_com_is_char_available  cell_com.o
    0x080069a8   0x080069a8   0x00000078   Code   RO          296    .text.cell_com_read_last_bytes  cell_com.o
    0x08006a20   0x08006a20   0x00000034   Code   RO          302    .text.cell_com_send_buffer  cell_com.o
    0x08006a54   0x08006a54   0x0000002c   Code   RO          306    .text.cell_com_set_baudrate  cell_com.o
    0x08006a80   0x08006a80   0x00000028   Code   RO          308    .text.cell_com_set_power_pin  cell_com.o
    0x08006aa8   0x08006aa8   0x00000002   Code   RO          329    .text.cell_driver_disable_uart_irq  cell_driver_interface.o
    0x08006aaa   0x08006aaa   0x00000002   PAD
    0x08006aac   0x08006aac   0x00000002   Code   RO          327    .text.cell_driver_enable_uart_irq  cell_driver_interface.o
    0x08006aae   0x08006aae   0x00000002   PAD
    0x08006ab0   0x08006ab0   0x00000004   Code   RO          331    .text.cell_driver_get_dma_index  cell_driver_interface.o
    0x08006ab4   0x08006ab4   0x00000002   Code   RO          339    .text.cell_driver_set_power_pin  cell_driver_interface.o
    0x08006ab6   0x08006ab6   0x00000002   PAD
    0x08006ab8   0x08006ab8   0x0000003c   Code   RO           82    .text.cell_log_debug  cell_log.o
    0x08006af4   0x08006af4   0x00000038   Code   RO           80    .text.cell_log_normal  cell_log.o
    0x08006b2c   0x08006b2c   0x00000030   Code   RO           78    .text.cell_log_print  cell_log.o
    0x08006b5c   0x08006b5c   0x0000003c   Code   RO           84    .text.cell_log_verbose  cell_log.o
    0x08006b98   0x08006b98   0x00000002   Code   RO          115    .text.cell_os_feed_wdg  cell_os.o
    0x08006b9a   0x08006b9a   0x00000002   PAD
    0x08006b9c   0x08006b9c   0x00000006   Code   RO          117    .text.cell_os_get_time_ms  cell_os.o
    0x08006ba2   0x08006ba2   0x00000002   PAD
    0x08006ba4   0x08006ba4   0x0000000a   Code   RO          105    .text.cell_os_msg_create  cell_os.o
    0x08006bae   0x08006bae   0x00000002   PAD
    0x08006bb0   0x08006bb0   0x00000004   Code   RO          111    .text.cell_os_msg_read  cell_os.o
    0x08006bb4   0x08006bb4   0x00000004   Code   RO          107    .text.cell_os_msg_write  cell_os.o
    0x08006bb8   0x08006bb8   0x00000004   Code   RO          109    .text.cell_os_msg_write_from_isr  cell_os.o
    0x08006bbc   0x08006bbc   0x00000002   Code   RO          113    .text.cell_os_sleep_ms  cell_os.o
    0x08006bbe   0x08006bbe   0x00000002   PAD
    0x08006bc0   0x08006bc0   0x0000000a   Code   RO          103    .text.cell_os_task_create  cell_os.o
    0x08006bca   0x08006bca   0x00000002   PAD
    0x08006bcc   0x08006bcc   0x00000004   Code   RO           95    .text.cell_os_timer_create  cell_os.o
    0x08006bd0   0x08006bd0   0x00000004   Code   RO           97    .text.cell_os_timer_start  cell_os.o
    0x08006bd4   0x08006bd4   0x00000004   Code   RO           99    .text.cell_os_timer_stop  cell_os.o
    0x08006bd8   0x08006bd8   0x000000c4   Code   RO          131    .text.cell_startup  cell_task.o
    0x08006c9c   0x08006c9c   0x00000160   Code   RO          129    .text.cell_task     cell_task.o
    0x08006dfc   0x08006dfc   0x00000130   Code   RO          279    .text.cell_test_process  cell_test.o
    0x08006f2c   0x08006f2c   0x00000002   Code   RO          335    .text.cell_uart_send_buffer  cell_driver_interface.o
    0x08006f2e   0x08006f2e   0x00000002   PAD
    0x08006f30   0x08006f30   0x00000002   Code   RO          337    .text.cell_uart_set_baudrate  cell_driver_interface.o
    0x08006f32   0x08006f32   0x00000002   PAD
    0x08006f34   0x08006f34   0x00000030   Code   RO          552    .text.common_at_readiness_check  cell_modem_common.o
    0x08006f64   0x08006f64   0x00000048   Code   RO          610    .text.common_cs_network_reg_status_get  cell_modem_common.o
    0x08006fac   0x08006fac   0x00000034   Code   RO          554    .text.common_echo_turn_off  cell_modem_common.o
    0x08006fe0   0x08006fe0   0x00000048   Code   RO          614    .text.common_eps_network_reg_status_get  cell_modem_common.o
    0x08007028   0x08007028   0x00000038   Code   RO          602    .text.common_eps_network_registration_urc_enable  cell_modem_common.o
    0x08007060   0x08007060   0x00000040   Code   RO          574    .text.common_firmware_version_get  cell_modem_common.o
    0x080070a0   0x080070a0   0x0000002c   Code   RO          550    .text.common_get_modem_driver  cell_modem_common.o
    0x080070cc   0x080070cc   0x000000a4   Code   RO          548    .text.common_get_modem_type  cell_modem_common.o
    0x08007170   0x08007170   0x00000048   Code   RO          618    .text.common_gprs_network_reg_status_get  cell_modem_common.o
    0x080071b8   0x080071b8   0x00000038   Code   RO          604    .text.common_gprs_network_registration_urc_enable  cell_modem_common.o
    0x080071f0   0x080071f0   0x00000040   Code   RO          562    .text.common_imei_get  cell_modem_common.o
    0x08007230   0x08007230   0x00000040   Code   RO          578    .text.common_imsi_get  cell_modem_common.o
    0x08007270   0x08007270   0x00000040   Code   RO          566    .text.common_manufacturer_info_get  cell_modem_common.o
    0x080072b0   0x080072b0   0x00000040   Code   RO          570    .text.common_model_id_get  cell_modem_common.o
    0x080072f0   0x080072f0   0x00000074   Code   RO          560    .text.common_pin_enter  cell_modem_common.o
    0x08007364   0x08007364   0x00000048   Code   RO          582    .text.common_psm_config_get  cell_modem_common.o
    0x080073ac   0x080073ac   0x00000440   Code   RO          586    .text.common_psm_config_set  cell_modem_common.o
    0x080077ec   0x080077ec   0x00000038   Code   RO          600    .text.common_reporting_cme_error_enable  cell_modem_common.o
    0x08007824   0x08007824   0x00000044   Code   RO          606    .text.common_signal_quality_report  cell_modem_common.o
    0x08007868   0x08007868   0x00000048   Code   RO          556    .text.common_sim_readiness_check  cell_modem_common.o
    0x080078b0   0x080078b0   0x00000048   Code   RO          592    .text.common_ue_functionality_get  cell_modem_common.o
    0x080078f8   0x080078f8   0x00000054   Code   RO          590    .text.common_ue_functionality_set  cell_modem_common.o
    0x0800794c   0x0800794c   0x0000003c   Code   RO          588    .text.common_ue_reset  cell_modem_common.o
    0x08007988   0x08007988   0x00000094   Code   RO          153    .text.connection_init  cell_connect.o
    0x08007a1c   0x08007a1c   0x00000014   Code   RO          165    .text.connection_is_ready  cell_connect.o
    0x08007a30   0x08007a30   0x00000020   Code   RO          159    .text.connection_notify_action  cell_connect.o
    0x08007a50   0x08007a50   0x00000094   Code   RO          161    .text.connection_notify_urc  cell_connect.o
    0x08007ae4   0x08007ae4   0x000016a6   Code   RO          157    .text.connection_process  cell_connect.o
    0x0800918a   0x0800918a   0x00000002   PAD
    0x0800918c   0x0800918c   0x0000001c   Code   RO          155    .text.connection_timer_callback  cell_connect.o
    0x080091a8   0x080091a8   0x00000080   Code   RO          184    .text.dfota_init    cell_dfota.o
    0x08009228   0x08009228   0x00000058   Code   RO          200    .text.dfota_notify_urc  cell_dfota.o
    0x08009280   0x08009280   0x00000434   Code   RO          188    .text.dfota_process  cell_dfota.o
    0x080096b4   0x080096b4   0x0000000c   Code   RO          190    .text.dfota_running_state_check  cell_dfota.o
    0x080096c0   0x080096c0   0x00000004   Code   RO         1061    .text.eg915u_modem_specific_features_set  cell_modem_eg915u.o
    0x080096c4   0x080096c4   0x00000084   Code   RO         1063    .text.eg915u_rat_settings_get  cell_modem_eg915u.o
    0x08009748   0x08009748   0x0000013c   Code   RO         1065    .text.eg915u_rat_settings_set  cell_modem_eg915u.o
    0x08009884   0x08009884   0x00000004   Code   RO         1067    .text.eg915u_service_domain_get  cell_modem_eg915u.o
    0x08009888   0x08009888   0x00000004   Code   RO         1069    .text.eg915u_service_domain_set  cell_modem_eg915u.o
    0x0800988c   0x0800988c   0x0000008a   Code   RO          927    .text.helper_binary_string_to_uint8  cell_modem_helper.o
    0x08009916   0x08009916   0x00000002   PAD
    0x08009918   0x08009918   0x00000232   Code   RO          935    .text.helper_calculate_band_mask  cell_modem_helper.o
    0x08009b4a   0x08009b4a   0x00000002   PAD
    0x08009b4c   0x08009b4c   0x00000078   Code   RO          947    .text.helper_extract_quoted_string  cell_modem_helper.o
    0x08009bc4   0x08009bc4   0x0000007e   Code   RO          945    .text.helper_ip_convert  cell_modem_helper.o
    0x08009c42   0x08009c42   0x00000002   PAD
    0x08009c44   0x08009c44   0x000000c0   Code   RO          941    .text.helper_ip_to_str  cell_modem_helper.o
    0x08009d04   0x08009d04   0x0000013a   Code   RO          939    .text.helper_ipv6_parse  cell_modem_helper.o
    0x08009e3e   0x08009e3e   0x00000002   PAD
    0x08009e40   0x08009e40   0x000001c0   Code   RO          931    .text.helper_parse_gsm_band  cell_modem_helper.o
    0x0800a000   0x0800a000   0x00000300   Code   RO          933    .text.helper_parse_lte_band  cell_modem_helper.o
    0x0800a300   0x0800a300   0x0000009c   Code   RO          943    .text.helper_str_to_ip  cell_modem_helper.o
    0x0800a39c   0x0800a39c   0x0000006c   Code   RO          929    .text.helper_uint8_to_binary  cell_modem_helper.o
    0x0800a408   0x0800a408   0x00000050   Code   RO          534    .text.hl7900_cellular_info_get  cell_modem_semtech_hl7900.o
    0x0800a458   0x0800a458   0x0000012a   Code   RO          244    .text.inactive_timer_callback  cell_socket.o
    0x0800a582   0x0800a582   0x00000002   PAD
    0x0800a584   0x0800a584   0x000000c0   Code   RO          647    .text.is_line_final_resp  cell_at.o
    0x0800a644   0x0800a644   0x00000010   Code   RO         1088    .text.main          main.o
    0x0800a654   0x0800a654   0x00000436   Code   RO          219    .text.monitoring_process  cell_monitoring.o
    0x0800aa8a   0x0800aa8a   0x00000002   PAD
    0x0800aa8c   0x0800aa8c   0x00000288   Code   RO          167    .text.need_to_re_config  cell_connect.o
    0x0800ad14   0x0800ad14   0x00000074   Code   RO          137    .text.notify_all_context_on_modem_event  cell_task.o
    0x0800ad88   0x0800ad88   0x000000ec   Code   RO          655    .text.parse_final_resp  cell_at.o
    0x0800ae74   0x0800ae74   0x00000002   Code   RO          696    .text.parse_urc_cbm_pdu  cell_urc.o
    0x0800ae76   0x0800ae76   0x00000002   PAD
    0x0800ae78   0x0800ae78   0x00000002   Code   RO          706    .text.parse_urc_ccwa  cell_urc.o
    0x0800ae7a   0x0800ae7a   0x00000002   PAD
    0x0800ae7c   0x0800ae7c   0x00000002   Code   RO          698    .text.parse_urc_cds_pdu  cell_urc.o
    0x0800ae7e   0x0800ae7e   0x00000002   PAD
    0x0800ae80   0x0800ae80   0x00000096   Code   RO          700    .text.parse_urc_cdsi  cell_urc.o
    0x0800af16   0x0800af16   0x00000002   PAD
    0x0800af18   0x0800af18   0x00000158   Code   RO          712    .text.parse_urc_cedrxp  cell_urc.o
    0x0800b070   0x0800b070   0x0000004e   Code   RO          736    .text.parse_urc_cereg  cell_urc.o
    0x0800b0be   0x0800b0be   0x00000002   PAD
    0x0800b0c0   0x0800b0c0   0x00000076   Code   RO          726    .text.parse_urc_cgev_me_class  cell_urc.o
    0x0800b136   0x0800b136   0x00000002   PAD
    0x0800b138   0x0800b138   0x000000ec   Code   RO          722    .text.parse_urc_cgev_me_deact  cell_urc.o
    0x0800b224   0x0800b224   0x00000076   Code   RO          724    .text.parse_urc_cgev_nw_class  cell_urc.o
    0x0800b29a   0x0800b29a   0x00000002   PAD
    0x0800b29c   0x0800b29c   0x000000ec   Code   RO          720    .text.parse_urc_cgev_nw_deact  cell_urc.o
    0x0800b388   0x0800b388   0x000000ec   Code   RO          718    .text.parse_urc_cgev_nw_react  cell_urc.o
    0x0800b474   0x0800b474   0x00000040   Code   RO          728    .text.parse_urc_cgev_pdp_act  cell_urc.o
    0x0800b4b4   0x0800b4b4   0x00000040   Code   RO          730    .text.parse_urc_cgev_pdp_deact  cell_urc.o
    0x0800b4f4   0x0800b4f4   0x000000c8   Code   RO          716    .text.parse_urc_cgev_reject  cell_urc.o
    0x0800b5bc   0x0800b5bc   0x00000052   Code   RO          734    .text.parse_urc_cgreg  cell_urc.o
    0x0800b60e   0x0800b60e   0x00000002   PAD
    0x0800b610   0x0800b610   0x00000002   Code   RO          704    .text.parse_urc_clip  cell_urc.o
    0x0800b612   0x0800b612   0x00000002   PAD
    0x0800b614   0x0800b614   0x00000002   Code   RO          694    .text.parse_urc_cmt_pdu  cell_urc.o
    0x0800b616   0x0800b616   0x00000002   PAD
    0x0800b618   0x0800b618   0x00000096   Code   RO          692    .text.parse_urc_cmti  cell_urc.o
    0x0800b6ae   0x0800b6ae   0x00000002   PAD
    0x0800b6b0   0x0800b6b0   0x00000002   Code   RO          702    .text.parse_urc_colp  cell_urc.o
    0x0800b6b2   0x0800b6b2   0x00000002   PAD
    0x0800b6b4   0x0800b6b4   0x00000084   Code   RO          678    .text.parse_urc_cpin  cell_urc.o
    0x0800b738   0x0800b738   0x0000005c   Code   RO          732    .text.parse_urc_creg  cell_urc.o
    0x0800b794   0x0800b794   0x00000104   Code   RO          682    .text.parse_urc_cring  cell_urc.o
    0x0800b898   0x0800b898   0x00000088   Code   RO          898    .text.parse_urc_crtdcp  cell_urc.o
    0x0800b920   0x0800b920   0x0000003c   Code   RO          708    .text.parse_urc_cssi  cell_urc.o
    0x0800b95c   0x0800b95c   0x0000003c   Code   RO          710    .text.parse_urc_cssu  cell_urc.o
    0x0800b998   0x0800b998   0x000000a0   Code   RO          690    .text.parse_urc_ctze  cell_urc.o
    0x0800ba38   0x0800ba38   0x00000054   Code   RO          688    .text.parse_urc_ctzv  cell_urc.o
    0x0800ba8c   0x0800ba8c   0x00000064   Code   RO          674    .text.parse_urc_default  cell_urc.o
    0x0800baf0   0x0800baf0   0x00000050   Code   RO          768    .text.parse_urc_fota_coapend  cell_urc.o
    0x0800bb40   0x0800bb40   0x00000024   Code   RO          766    .text.parse_urc_fota_coapstart  cell_urc.o
    0x0800bb64   0x0800bb64   0x00000054   Code   RO          770    .text.parse_urc_fota_downloaded  cell_urc.o
    0x0800bbb8   0x0800bbb8   0x00000054   Code   RO          762    .text.parse_urc_fota_downloading  cell_urc.o
    0x0800bc0c   0x0800bc0c   0x0000004c   Code   RO          778    .text.parse_urc_fota_end  cell_urc.o
    0x0800bc58   0x0800bc58   0x00000050   Code   RO          780    .text.parse_urc_fota_ftpend  cell_urc.o
    0x0800bca8   0x0800bca8   0x00000024   Code   RO          772    .text.parse_urc_fota_ftpstart  cell_urc.o
    0x0800bccc   0x0800bccc   0x00000050   Code   RO          764    .text.parse_urc_fota_httpend  cell_urc.o
    0x0800bd1c   0x0800bd1c   0x00000024   Code   RO          760    .text.parse_urc_fota_httpstart  cell_urc.o
    0x0800bd40   0x0800bd40   0x00000024   Code   RO          774    .text.parse_urc_fota_start_updating  cell_urc.o
    0x0800bd64   0x0800bd64   0x00000050   Code   RO          776    .text.parse_urc_fota_updating  cell_urc.o
    0x0800bdb4   0x0800bdb4   0x00000060   Code   RO          902    .text.parse_urc_jamming_ind  cell_urc.o
    0x0800be14   0x0800be14   0x00000114   Code   RO          904    .text.parse_urc_kcnx_ind  cell_urc.o
    0x0800bf28   0x0800bf28   0x00000044   Code   RO          910    .text.parse_urc_ktcp_data  cell_urc.o
    0x0800bf6c   0x0800bf6c   0x00000044   Code   RO          908    .text.parse_urc_ktcp_ind  cell_urc.o
    0x0800bfb0   0x0800bfb0   0x0000004c   Code   RO          906    .text.parse_urc_ktcp_notif  cell_urc.o
    0x0800bffc   0x0800bffc   0x00000068   Code   RO          912    .text.parse_urc_ktcp_srvreq  cell_urc.o
    0x0800c064   0x0800c064   0x00000044   Code   RO          894    .text.parse_urc_psm_timer  cell_urc.o
    0x0800c0a8   0x0800c0a8   0x00000204   Code   RO          896    .text.parse_urc_qcellscan  cell_urc.o
    0x0800c2ac   0x0800c2ac   0x00000060   Code   RO          854    .text.parse_urc_qcoapack  cell_urc.o
    0x0800c30c   0x0800c30c   0x0000004c   Code   RO          852    .text.parse_urc_qcoapclose  cell_urc.o
    0x0800c358   0x0800c358   0x0000006c   Code   RO          858    .text.parse_urc_qcoapind  cell_urc.o
    0x0800c3c4   0x0800c3c4   0x0000004c   Code   RO          850    .text.parse_urc_qcoapopen  cell_urc.o
    0x0800c410   0x0800c410   0x00000002   Code   RO          856    .text.parse_urc_qcoaprecv  cell_urc.o
    0x0800c412   0x0800c412   0x00000002   PAD
    0x0800c414   0x0800c414   0x0000003c   Code   RO          686    .text.parse_urc_qcscon  cell_urc.o
    0x0800c450   0x0800c450   0x00000048   Code   RO          862    .text.parse_urc_qftpclose  cell_urc.o
    0x0800c498   0x0800c498   0x00000044   Code   RO          872    .text.parse_urc_qftpcwd  cell_urc.o
    0x0800c4dc   0x0800c4dc   0x00000044   Code   RO          870    .text.parse_urc_qftpdel  cell_urc.o
    0x0800c520   0x0800c520   0x00000058   Code   RO          866    .text.parse_urc_qftpget  cell_urc.o
    0x0800c578   0x0800c578   0x00000058   Code   RO          892    .text.parse_urc_qftplen  cell_urc.o
    0x0800c5d0   0x0800c5d0   0x00000058   Code   RO          884    .text.parse_urc_qftplist  cell_urc.o
    0x0800c628   0x0800c628   0x00000168   Code   RO          882    .text.parse_urc_qftpmdtm  cell_urc.o
    0x0800c790   0x0800c790   0x00000048   Code   RO          874    .text.parse_urc_qftpmkdir  cell_urc.o
    0x0800c7d8   0x0800c7d8   0x00000058   Code   RO          888    .text.parse_urc_qftpmlsd  cell_urc.o
    0x0800c830   0x0800c830   0x00000058   Code   RO          886    .text.parse_urc_qftpnlst  cell_urc.o
    0x0800c888   0x0800c888   0x00000048   Code   RO          860    .text.parse_urc_qftpopen  cell_urc.o
    0x0800c8d0   0x0800c8d0   0x00000058   Code   RO          868    .text.parse_urc_qftpput  cell_urc.o
    0x0800c928   0x0800c928   0x00000090   Code   RO          878    .text.parse_urc_qftppwd  cell_urc.o
    0x0800c9b8   0x0800c9b8   0x00000048   Code   RO          880    .text.parse_urc_qftprename  cell_urc.o
    0x0800ca00   0x0800ca00   0x00000048   Code   RO          876    .text.parse_urc_qftprmdir  cell_urc.o
    0x0800ca48   0x0800ca48   0x00000058   Code   RO          864    .text.parse_urc_qftpsize  cell_urc.o
    0x0800caa0   0x0800caa0   0x00000048   Code   RO          890    .text.parse_urc_qftpstat  cell_urc.o
    0x0800cae8   0x0800cae8   0x00000050   Code   RO          782    .text.parse_urc_qhttp_get  cell_urc.o
    0x0800cb38   0x0800cb38   0x00000054   Code   RO          784    .text.parse_urc_qhttp_post  cell_urc.o
    0x0800cb8c   0x0800cb8c   0x00000058   Code   RO          786    .text.parse_urc_qhttp_postfile  cell_urc.o
    0x0800cbe4   0x0800cbe4   0x00000050   Code   RO          788    .text.parse_urc_qhttp_put  cell_urc.o
    0x0800cc34   0x0800cc34   0x00000054   Code   RO          790    .text.parse_urc_qhttp_putfile  cell_urc.o
    0x0800cc88   0x0800cc88   0x00000048   Code   RO          792    .text.parse_urc_qhttp_read  cell_urc.o
    0x0800ccd0   0x0800ccd0   0x0000004c   Code   RO          794    .text.parse_urc_qhttp_readfile  cell_urc.o
    0x0800cd1c   0x0800cd1c   0x00000050   Code   RO          684    .text.parse_urc_qind_csq  cell_urc.o
    0x0800cd6c   0x0800cd6c   0x0000009e   Code   RO          846    .text.parse_urc_qind_geofence  cell_urc.o
    0x0800ce0a   0x0800ce0a   0x00000002   PAD
    0x0800ce0c   0x0800ce0c   0x00000050   Code   RO          844    .text.parse_urc_qind_open  cell_urc.o
    0x0800ce5c   0x0800ce5c   0x00000040   Code   RO          738    .text.parse_urc_qiopen  cell_urc.o
    0x0800ce9c   0x0800ce9c   0x00000040   Code   RO          740    .text.parse_urc_qiurc_closed  cell_urc.o
    0x0800cedc   0x0800cedc   0x0000014c   Code   RO          748    .text.parse_urc_qiurc_dnsgip  cell_urc.o
    0x0800d028   0x0800d028   0x000000ec   Code   RO          744    .text.parse_urc_qiurc_incoming  cell_urc.o
    0x0800d114   0x0800d114   0x00000044   Code   RO          746    .text.parse_urc_qiurc_pdp_deact  cell_urc.o
    0x0800d158   0x0800d158   0x00000048   Code   RO          742    .text.parse_urc_qiurc_recv_buffer_mode  cell_urc.o
    0x0800d1a0   0x0800d1a0   0x00000048   Code   RO          842    .text.parse_urc_qlwdereg  cell_urc.o
    0x0800d1e8   0x0800d1e8   0x00000044   Code   RO          840    .text.parse_urc_qlwreg  cell_urc.o
    0x0800d22c   0x0800d22c   0x00000048   Code   RO          832    .text.parse_urc_qlwurc_event  cell_urc.o
    0x0800d274   0x0800d274   0x000000cc   Code   RO          834    .text.parse_urc_qlwurc_observe  cell_urc.o
    0x0800d340   0x0800d340   0x00000094   Code   RO          838    .text.parse_urc_qlwurc_recv  cell_urc.o
    0x0800d3d4   0x0800d3d4   0x000000cc   Code   RO          836    .text.parse_urc_qlwurc_uldata  cell_urc.o
    0x0800d4a0   0x0800d4a0   0x00000048   Code   RO          814    .text.parse_urc_qmtclose  cell_urc.o
    0x0800d4e8   0x0800d4e8   0x00000058   Code   RO          818    .text.parse_urc_qmtconn  cell_urc.o
    0x0800d540   0x0800d540   0x00000048   Code   RO          828    .text.parse_urc_qmtdisc  cell_urc.o
    0x0800d588   0x0800d588   0x00000048   Code   RO          812    .text.parse_urc_qmtopen  cell_urc.o
    0x0800d5d0   0x0800d5d0   0x0000004c   Code   RO          830    .text.parse_urc_qmtping  cell_urc.o
    0x0800d61c   0x0800d61c   0x00000060   Code   RO          824    .text.parse_urc_qmtpub  cell_urc.o
    0x0800d67c   0x0800d67c   0x00000058   Code   RO          822    .text.parse_urc_qmtpuns  cell_urc.o
    0x0800d6d4   0x0800d6d4   0x00000064   Code   RO          806    .text.parse_urc_qmtsn_pub  cell_urc.o
    0x0800d738   0x0800d738   0x00000050   Code   RO          798    .text.parse_urc_qmtsn_recv  cell_urc.o
    0x0800d788   0x0800d788   0x00000058   Code   RO          804    .text.parse_urc_qmtsn_reg  cell_urc.o
    0x0800d7e0   0x0800d7e0   0x00000050   Code   RO          810    .text.parse_urc_qmtsn_sleep  cell_urc.o
    0x0800d830   0x0800d830   0x00000044   Code   RO          796    .text.parse_urc_qmtsn_stat  cell_urc.o
    0x0800d874   0x0800d874   0x00000064   Code   RO          800    .text.parse_urc_qmtsn_sub  cell_urc.o
    0x0800d8d8   0x0800d8d8   0x00000058   Code   RO          802    .text.parse_urc_qmtsn_uns  cell_urc.o
    0x0800d930   0x0800d930   0x00000050   Code   RO          808    .text.parse_urc_qmtsn_willupd  cell_urc.o
    0x0800d980   0x0800d980   0x0000004c   Code   RO          816    .text.parse_urc_qmtstat  cell_urc.o
    0x0800d9cc   0x0800d9cc   0x00000060   Code   RO          820    .text.parse_urc_qmtsub  cell_urc.o
    0x0800da2c   0x0800da2c   0x000000ac   Code   RO          750    .text.parse_urc_qntp  cell_urc.o
    0x0800dad8   0x0800dad8   0x000001b0   Code   RO          752    .text.parse_urc_qping  cell_urc.o
    0x0800dc88   0x0800dc88   0x000001d2   Code   RO          714    .text.parse_urc_qptwedrxp  cell_urc.o
    0x0800de5a   0x0800de5a   0x00000002   PAD
    0x0800de5c   0x0800de5c   0x00000048   Code   RO          848    .text.parse_urc_qscrub_end  cell_urc.o
    0x0800dea4   0x0800dea4   0x00000040   Code   RO          680    .text.parse_urc_qsimstat  cell_urc.o
    0x0800dee4   0x0800dee4   0x00000048   Code   RO          756    .text.parse_urc_qssl_buffer_mode  cell_urc.o
    0x0800df2c   0x0800df2c   0x0000004c   Code   RO          758    .text.parse_urc_qssl_closed  cell_urc.o
    0x0800df78   0x0800df78   0x00000048   Code   RO          754    .text.parse_urc_qssl_open  cell_urc.o
    0x0800dfc0   0x0800dfc0   0x00000040   Code   RO          676    .text.parse_urc_qusim  cell_urc.o
    0x0800e000   0x0800e000   0x00000002   Code   RO          826    .text.parse_urc_recv  cell_urc.o
    0x0800e002   0x0800e002   0x00000002   PAD
    0x0800e004   0x0800e004   0x0000004c   Code   RO          900    .text.parse_urc_xtra_dl  cell_urc.o
    0x0800e050   0x0800e050   0x00000040   Code   RO          635    .text.process_remaining_data  cell_at.o
    0x0800e090   0x0800e090   0x0000009c   Code   RO         1000    .text.quectel_cellular_info_get  cell_modem_quectel.o
    0x0800e12c   0x0800e12c   0x00000040   Code   RO          974    .text.quectel_firmware_version_get  cell_modem_quectel.o
    0x0800e16c   0x0800e16c   0x00000038   Code   RO         1016    .text.quectel_handle_urc_cereg  cell_modem_quectel.o
    0x0800e1a4   0x0800e1a4   0x00000038   Code   RO         1018    .text.quectel_handle_urc_cgreg  cell_modem_quectel.o
    0x0800e1dc   0x0800e1dc   0x00000020   Code   RO         1026    .text.quectel_handle_urc_cpin  cell_modem_quectel.o
    0x0800e1fc   0x0800e1fc   0x00000006   Code   RO         1028    .text.quectel_handle_urc_qiurc_pdpdeact  cell_modem_quectel.o
    0x0800e202   0x0800e202   0x00000002   PAD
    0x0800e204   0x0800e204   0x0000000e   Code   RO         1014    .text.quectel_handle_urc_qusim  cell_modem_quectel.o
    0x0800e212   0x0800e212   0x00000002   PAD
    0x0800e214   0x0800e214   0x0000000c   Code   RO         1022    .text.quectel_handle_urc_socket_closed  cell_modem_quectel.o
    0x0800e220   0x0800e220   0x00000016   Code   RO         1024    .text.quectel_handle_urc_socket_incoming  cell_modem_quectel.o
    0x0800e236   0x0800e236   0x00000002   PAD
    0x0800e238   0x0800e238   0x00000018   Code   RO         1020    .text.quectel_handle_urc_socket_open  cell_modem_quectel.o
    0x0800e250   0x0800e250   0x0000000c   Code   RO         1012    .text.quectel_handle_urc_socket_recv  cell_modem_quectel.o
    0x0800e25c   0x0800e25c   0x00000048   Code   RO          958    .text.quectel_iccid_get  cell_modem_quectel.o
    0x0800e2a4   0x0800e2a4   0x00000014   Code   RO         1030    .text.quectel_map_cme_error  cell_modem_quectel.o
    0x0800e2b8   0x0800e2b8   0x00000004   Code   RO         1032    .text.quectel_map_cms_error  cell_modem_quectel.o
    0x0800e2bc   0x0800e2bc   0x00000038   Code   RO          978    .text.quectel_module_poweroff  cell_modem_quectel.o
    0x0800e2f4   0x0800e2f4   0x0000004c   Code   RO          986    .text.quectel_operator_info_get  cell_modem_quectel.o
    0x0800e340   0x0800e340   0x00000064   Code   RO          990    .text.quectel_operator_settings_set  cell_modem_quectel.o
    0x0800e3a4   0x0800e3a4   0x0000005c   Code   RO          966    .text.quectel_pdp_activate  cell_modem_quectel.o
    0x0800e400   0x0800e400   0x00000058   Code   RO          968    .text.quectel_pdp_deactivate  cell_modem_quectel.o
    0x0800e458   0x0800e458   0x0000006c   Code   RO          980    .text.quectel_pdp_settings_get  cell_modem_quectel.o
    0x0800e4c4   0x0800e4c4   0x00000084   Code   RO          984    .text.quectel_pdp_settings_set  cell_modem_quectel.o
    0x0800e548   0x0800e548   0x00000048   Code   RO          970    .text.quectel_pdp_status_get  cell_modem_quectel.o
    0x0800e590   0x0800e590   0x00000030   Code   RO          964    .text.quectel_sim_pin_enter  cell_modem_quectel.o
    0x0800e5c0   0x0800e5c0   0x0000004e   Code   RO          962    .text.quectel_sim_readiness_get  cell_modem_quectel.o
    0x0800e60e   0x0800e60e   0x00000002   PAD
    0x0800e610   0x0800e610   0x00000078   Code   RO         1042    .text.quectel_socket_check_usability  cell_modem_quectel.o
    0x0800e688   0x0800e688   0x00000060   Code   RO         1036    .text.quectel_socket_close  cell_modem_quectel.o
    0x0800e6e8   0x0800e6e8   0x00000188   Code   RO         1034    .text.quectel_socket_create  cell_modem_quectel.o
    0x0800e870   0x0800e870   0x00000064   Code   RO          996    .text.quectel_socket_get_data_verify  cell_modem_quectel.o
    0x0800e8d4   0x0800e8d4   0x00000074   Code   RO         1038    .text.quectel_socket_query_service_status  cell_modem_quectel.o
    0x0800e948   0x0800e948   0x00000138   Code   RO         1004    .text.quectel_socket_receive  cell_modem_quectel.o
    0x0800ea80   0x0800ea80   0x00000138   Code   RO          992    .text.quectel_socket_send  cell_modem_quectel.o
    0x0800ebb8   0x0800ebb8   0x0000004c   Code   RO         1002    .text.quectel_urc_port_config  cell_modem_quectel.o
    0x0800ec04   0x0800ec04   0x00000238   Code   RO          169    .text.read_config   cell_connect.o
    0x0800ee3c   0x0800ee3c   0x0000004e   Code   RO          657    .text.seek_and_parse_error_resp  cell_at.o
    0x0800ee8a   0x0800ee8a   0x00000002   PAD
    0x0800ee8c   0x0800ee8c   0x0000004e   Code   RO          637    .text.seek_and_parse_final_resp  cell_at.o
    0x0800eeda   0x0800eeda   0x00000002   PAD
    0x0800eedc   0x0800eedc   0x00000032   Code   RO          653    .text.seek_one_line_and_parse_final_resp  cell_at.o
    0x0800ef0e   0x0800ef0e   0x00000002   PAD
    0x0800ef10   0x0800ef10   0x00000040   Code   RO          446    .text.semtech_firmware_version_get  cell_modem_semtech.o
    0x0800ef50   0x0800ef50   0x00000038   Code   RO          430    .text.semtech_handle_urc_cereg  cell_modem_semtech.o
    0x0800ef88   0x0800ef88   0x00000016   Code   RO          436    .text.semtech_handle_urc_ktcp_data  cell_modem_semtech.o
    0x0800ef9e   0x0800ef9e   0x00000002   PAD
    0x0800efa0   0x0800efa0   0x00000016   Code   RO          434    .text.semtech_handle_urc_ktcp_ind  cell_modem_semtech.o
    0x0800efb6   0x0800efb6   0x00000002   PAD
    0x0800efb8   0x0800efb8   0x00000018   Code   RO          432    .text.semtech_handle_urc_ktcp_notif  cell_modem_semtech.o
    0x0800efd0   0x0800efd0   0x00000014   Code   RO          438    .text.semtech_handle_urc_ktcp_srvreq  cell_modem_semtech.o
    0x0800efe4   0x0800efe4   0x00000048   Code   RO          442    .text.semtech_iccid_get  cell_modem_semtech.o
    0x0800f02c   0x0800f02c   0x00000014   Code   RO          504    .text.semtech_map_cme_error  cell_modem_semtech.o
    0x0800f040   0x0800f040   0x00000004   Code   RO          506    .text.semtech_map_cms_error  cell_modem_semtech.o
    0x0800f044   0x0800f044   0x00000034   Code   RO          450    .text.semtech_modem_specific_features_set  cell_modem_semtech.o
    0x0800f078   0x0800f078   0x00000038   Code   RO          440    .text.semtech_module_poweroff  cell_modem_semtech.o
    0x0800f0b0   0x0800f0b0   0x0000004c   Code   RO          460    .text.semtech_operator_info_get  cell_modem_semtech.o
    0x0800f0fc   0x0800f0fc   0x0000006c   Code   RO          464    .text.semtech_operator_settings_set  cell_modem_semtech.o
    0x0800f168   0x0800f168   0x00000058   Code   RO          474    .text.semtech_pdp_activate  cell_modem_semtech.o
    0x0800f1c0   0x0800f1c0   0x00000058   Code   RO          476    .text.semtech_pdp_deactivate  cell_modem_semtech.o
    0x0800f218   0x0800f218   0x0000006e   Code   RO          478    .text.semtech_pdp_settings_get  cell_modem_semtech.o
    0x0800f286   0x0800f286   0x00000002   PAD
    0x0800f288   0x0800f288   0x00000108   Code   RO          484    .text.semtech_pdp_settings_set  cell_modem_semtech.o
    0x0800f390   0x0800f390   0x00000090   Code   RO          472    .text.semtech_pdp_status_get  cell_modem_semtech.o
    0x0800f420   0x0800f420   0x00000088   Code   RO          452    .text.semtech_rat_settings_get  cell_modem_semtech.o
    0x0800f4a8   0x0800f4a8   0x0000018c   Code   RO          458    .text.semtech_rat_settings_set  cell_modem_semtech.o
    0x0800f634   0x0800f634   0x00000048   Code   RO          466    .text.semtech_service_domain_get  cell_modem_semtech.o
    0x0800f67c   0x0800f67c   0x0000007c   Code   RO          470    .text.semtech_service_domain_set  cell_modem_semtech.o
    0x0800f6f8   0x0800f6f8   0x00000030   Code   RO          486    .text.semtech_sim_enter_pin  cell_modem_semtech.o
    0x0800f728   0x0800f728   0x0000002a   Code   RO          488    .text.semtech_sim_readiness_info_get  cell_modem_semtech.o
    0x0800f752   0x0800f752   0x00000002   PAD
    0x0800f754   0x0800f754   0x000000bc   Code   RO          494    .text.semtech_socket_check_usability  cell_modem_semtech.o
    0x0800f810   0x0800f810   0x00000194   Code   RO          492    .text.semtech_socket_close  cell_modem_semtech.o
    0x0800f9a4   0x0800f9a4   0x00000238   Code   RO          490    .text.semtech_socket_create  cell_modem_semtech.o
    0x0800fbdc   0x0800fbdc   0x0000013c   Code   RO          500    .text.semtech_socket_receive  cell_modem_semtech.o
    0x0800fd18   0x0800fd18   0x0000011c   Code   RO          498    .text.semtech_socket_send  cell_modem_semtech.o
    0x0800fe34   0x0800fe34   0x00000042   Code   RO          135    .text.send_msg_with_data  cell_task.o
    0x0800fe76   0x0800fe76   0x00000002   PAD
    0x0800fe78   0x0800fe78   0x00000042   Code   RO          139    .text.send_msg_with_value  cell_task.o
    0x0800feba   0x0800feba   0x00000002   PAD
    0x0800febc   0x0800febc   0x00000084   Code   RO          242    .text.socket_init   cell_socket.o
    0x0800ff40   0x0800ff40   0x000004fc   Code   RO          256    .text.socket_process  cell_socket.o
    0x0801043c   0x0801043c   0x0000001c   Code   RO          266    .text.socket_process_urc_closed  cell_socket.o
    0x08010458   0x08010458   0x000000a0   Code   RO          262    .text.socket_process_urc_incoming_connection  cell_socket.o
    0x080104f8   0x080104f8   0x00000106   Code   RO          264    .text.socket_process_urc_incoming_data  cell_socket.o
    0x080105fe   0x080105fe   0x00000002   PAD
    0x08010600   0x08010600   0x0000001c   Code   RO          260    .text.socket_process_urc_open_failed  cell_socket.o
    0x0801061c   0x0801061c   0x00000034   Code   RO          258    .text.socket_process_urc_opened_success  cell_socket.o
    0x08010650   0x08010650   0x0000001c   Code   RO          186    .text.timer_callback  cell_dfota.o
    0x0801066c   0x0801066c   0x00000052   Code   RO          651    .text.trim_and_validate_line  cell_at.o
    0x080106be   0x080106be   0x00000002   PAD
    0x080106c0   0x080106c0   0x00000064   Code   RO          672    .text.urc_is_without_prefix  cell_urc.o
    0x08010724   0x08010724   0x00000084   Code   RO          670    .text.urc_parse_unsolicited_response  cell_urc.o
    0x080107a8   0x080107a8   0x0000000c   Code   RO          668    .text.urc_set_handler_table  cell_urc.o
    0x080107b4   0x080107b4   0x0000003e   Code   RO         1360    CL$$btod_d2e        c_w.l(btod.o)
    0x080107f2   0x080107f2   0x00000046   Code   RO         1362    CL$$btod_d2e_denorm_low  c_w.l(btod.o)
    0x08010838   0x08010838   0x00000060   Code   RO         1361    CL$$btod_d2e_norm_op1  c_w.l(btod.o)
    0x08010898   0x08010898   0x00000338   Code   RO         1370    CL$$btod_div_common  c_w.l(btod.o)
    0x08010bd0   0x08010bd0   0x00000084   Code   RO         1368    CL$$btod_e2d        c_w.l(btod.o)
    0x08010c54   0x08010c54   0x000000dc   Code   RO         1367    CL$$btod_e2e        c_w.l(btod.o)
    0x08010d30   0x08010d30   0x0000002a   Code   RO         1364    CL$$btod_ediv       c_w.l(btod.o)
    0x08010d5a   0x08010d5a   0x0000002a   Code   RO         1366    CL$$btod_edivd      c_w.l(btod.o)
    0x08010d84   0x08010d84   0x0000002a   Code   RO         1363    CL$$btod_emul       c_w.l(btod.o)
    0x08010dae   0x08010dae   0x0000002a   Code   RO         1365    CL$$btod_emuld      c_w.l(btod.o)
    0x08010dd8   0x08010dd8   0x00000244   Code   RO         1369    CL$$btod_mult_common  c_w.l(btod.o)
    0x0801101c   0x0801101c   0x00000030   Code   RO         1614    i.__ARM_fpclassify  m_wm.l(fpclassify.o)
    0x0801104c   0x0801104c   0x00000004   PAD
    0x08011050   0x08011050   0x000000f8   Code   RO         1415    i.__hardfp___mathlib_tofloat  m_wm.l(narrow.o)
    0x08011148   0x08011148   0x000000d0   Code   RO         1684    i.__hardfp_ldexp    m_wm.l(ldexp.o)
    0x08011218   0x08011218   0x00000020   Code   RO         1740    i.__mathlib_dbl_overflow  m_wm.l(dunder.o)
    0x08011238   0x08011238   0x00000020   Code   RO         1742    i.__mathlib_dbl_underflow  m_wm.l(dunder.o)
    0x08011258   0x08011258   0x00000012   Code   RO         1416    i.__mathlib_narrow  m_wm.l(narrow.o)
    0x0801126a   0x0801126a   0x00000014   Code   RO         1686    i.__support_ldexp   m_wm.l(ldexp.o)
    0x0801127e   0x0801127e   0x0000000e   Code   RO         1171    i._is_digit         c_w.l(__printf_wp.o)
    0x0801128c   0x0801128c   0x0000001a   Code   RO         1288    i.fputc             c_w.l(fputc.o)
    0x080112a6   0x080112a6   0x00000002   PAD
    0x080112a8   0x080112a8   0x0000008c   Code   RO         1618    i.frexp             m_wm.l(frexp.o)
    0x08011334   0x08011334   0x0000002c   Code   RO         1398    locale$$code        c_w.l(lc_numeric_c.o)
    0x08011360   0x08011360   0x0000002c   Code   RO         1531    locale$$code        c_w.l(lc_ctype_c.o)
    0x0801138c   0x0801138c   0x00000062   Code   RO         1608    x$fpl$d2f           fz_wm.l(d2f.o)
    0x080113ee   0x080113ee   0x00000002   PAD
    0x080113f0   0x080113f0   0x00000010   Code   RO         1769    x$fpl$dcheck1       fz_wm.l(dcheck1.o)
    0x08011400   0x08011400   0x00000018   Code   RO         1672    x$fpl$dcmpinf       fz_wm.l(dcmpi.o)
    0x08011418   0x08011418   0x00000078   Code   RO         1610    x$fpl$deqf          fz_wm.l(deqf.o)
    0x08011490   0x08011490   0x00000078   Code   RO         1674    x$fpl$dleqf         fz_wm.l(dleqf.o)
    0x08011508   0x08011508   0x00000154   Code   RO         1676    x$fpl$dmul          fz_wm.l(dmul.o)
    0x0801165c   0x0801165c   0x0000009c   Code   RO         1678    x$fpl$dnaninf       fz_wm.l(dnaninf.o)
    0x080116f8   0x080116f8   0x0000000c   Code   RO         1732    x$fpl$dretinf       fz_wm.l(dretinf.o)
    0x08011704   0x08011704   0x0000006c   Code   RO         1612    x$fpl$drleqf        fz_wm.l(drleqf.o)
    0x08011770   0x08011770   0x0000001a   Code   RO         1680    x$fpl$fpinit        fz_wm.l(fpinit.o)
    0x0801178a   0x0801178a   0x0000000a   Code   RO         1682    x$fpl$fretinf       fz_wm.l(fretinf.o)
    0x08011794   0x08011794   0x00000006   Code   RO         1406    x$fpl$ieeestatus    fz_wm.l(istatus.o)
    0x0801179a   0x0801179a   0x00000004   Code   RO         1303    x$fpl$printf1       fz_wm.l(printf1.o)
    0x0801179e   0x0801179e   0x00000004   Code   RO         1305    x$fpl$printf2       fz_wm.l(printf2.o)
    0x080117a2   0x080117a2   0x00000064   Code   RO         1793    x$fpl$retnan        fz_wm.l(retnan.o)
    0x08011806   0x08011806   0x0000005c   Code   RO         1734    x$fpl$scalbn        fz_wm.l(scalbn.o)
    0x08011862   0x08011862   0x00000004   Code   RO         1228    x$fpl$scanf1        fz_wm.l(scanf1.o)
    0x08011866   0x08011866   0x00000008   Code   RO         1408    x$fpl$scanf2        fz_wm.l(scanf2.o)
    0x0801186e   0x0801186e   0x00000030   Code   RO         1795    x$fpl$trapveneer    fz_wm.l(trapv.o)
    0x0801189e   0x0801189e   0x00000000   Code   RO         1414    x$fpl$usenofp       fz_wm.l(usenofp.o)
    0x0801189e   0x0801189e   0x00000028   Data   RO         1159    .constdata          c_w.l(_printf_hex_int_ll_ptr.o)
    0x080118c6   0x080118c6   0x00000011   Data   RO         1179    .constdata          c_w.l(__printf_flags_ss_wp.o)
    0x080118d7   0x080118d7   0x00000001   PAD
    0x080118d8   0x080118d8   0x00000008   Data   RO         1248    .constdata          c_w.l(_printf_wctomb.o)
    0x080118e0   0x080118e0   0x00000026   Data   RO         1349    .constdata          c_w.l(_printf_fp_hex.o)
    0x08011906   0x08011906   0x00000002   PAD
    0x08011908   0x08011908   0x00000094   Data   RO         1358    .constdata          c_w.l(bigflt0.o)
    0x0801199c   0x0801199c   0x00000004   Data   RO         1425    .constdata          c_w.l(sys_io_names.o)
    0x080119a0   0x080119a0   0x00000004   Data   RO         1426    .constdata          c_w.l(sys_io_names.o)
    0x080119a4   0x080119a4   0x00000004   Data   RO         1427    .constdata          c_w.l(sys_io_names.o)
    0x080119a8   0x080119a8   0x00000002   Data   RO          420    .rodata..L.str.40   cell_modem_bg95.o
    0x080119aa   0x080119aa   0x00000002   PAD
    0x080119ac   0x080119ac   0x00000028   Data   RO          918    .rodata..L__const.get_class_type.mappings  cell_urc.o
    0x080119d4   0x080119d4   0x00000020   Data   RO          917    .rodata..L__const.get_urc_mem_type.mappings  cell_urc.o
    0x080119f4   0x080119f4   0x00000028   Data   RO          417    .rodata.catm1_band_map  cell_modem_bg95.o
    0x08011a1c   0x08011a1c   0x00000004   Data   RO          522    .rodata.cst4        cell_modem_semtech.o
    0x08011a20   0x08011a20   0x00000008   Data   RO          416    .rodata.gsm_band_map  cell_modem_bg95.o
    0x08011a28   0x08011a28   0x00000008   Data   RO         1078    .rodata.gsm_band_map  cell_modem_eg915u.o
    0x08011a30   0x08011a30   0x00000068   Data   RO          623    .rodata.lock_map    cell_modem_common.o
    0x08011a98   0x08011a98   0x0000001e   Data   RO         1079    .rodata.lte_band_map  cell_modem_eg915u.o
    0x08011ab6   0x08011ab6   0x00000026   Data   RO          418    .rodata.nbiot_band_map  cell_modem_bg95.o
    0x08011adc   0x08011adc   0x00000018   Data   RO          521    .rodata.pdp_type_map  cell_modem_semtech.o
    0x08011af4   0x08011af4   0x00000020   Data   RO         1051    .rodata.rat_map     cell_modem_quectel.o
    0x08011b14   0x08011b14   0x00000030   Data   RO          419    .rodata.scanseq_set_map  cell_modem_bg95.o
    0x08011b44   0x08011b44   0x00000034   Data   RO          523    .rodata.semtech_catm_band_map  cell_modem_semtech.o
    0x08011b78   0x08011b78   0x00000034   Data   RO          524    .rodata.semtech_nbiot_band_map  cell_modem_semtech.o
    0x08011bac   0x08011bac   0x000002ee   Data   RO          174    .rodata.str1.1      cell_connect.o
    0x08011e9a   0x08011e9a   0x000000ce   Data   RO          208    .rodata.str1.1      cell_dfota.o
    0x08011f68   0x08011f68   0x00000016   Data   RO          233    .rodata.str1.1      cell_monitoring.o
    0x08011f7e   0x08011f7e   0x00000017   Data   RO          269    .rodata.str1.1      cell_socket.o
    0x08011f95   0x08011f95   0x00000108   Data   RO          412    .rodata.str1.1      cell_modem_bg95.o
    0x0801209d   0x0801209d   0x0000009a   Data   RO          519    .rodata.str1.1      cell_modem_semtech.o
    0x08012137   0x08012137   0x00000057   Data   RO          539    .rodata.str1.1      cell_modem_semtech_hl7900.o
    0x0801218e   0x0801218e   0x0000008e   Data   RO          624    .rodata.str1.1      cell_modem_common.o
    0x0801221c   0x0801221c   0x00000009   Data   RO          659    .rodata.str1.1      cell_at.o
    0x08012225   0x08012225   0x00000b37   Data   RO          916    .rodata.str1.1      cell_urc.o
    0x08012d5c   0x08012d5c   0x00000023   Data   RO          949    .rodata.str1.1      cell_modem_helper.o
    0x08012d7f   0x08012d7f   0x00000109   Data   RO         1050    .rodata.str1.1      cell_modem_quectel.o
    0x08012e88   0x08012e88   0x0000008b   Data   RO          413    .rodata.str1.4      cell_modem_bg95.o
    0x08012f13   0x08012f13   0x00000001   PAD
    0x08012f14   0x08012f14   0x00000011   Data   RO          520    .rodata.str1.4      cell_modem_semtech.o
    0x08012f25   0x08012f25   0x00000003   PAD
    0x08012f28   0x08012f28   0x00000570   Data   RO          915    .rodata.urc_parser_table  cell_urc.o
    0x08013498   0x08013498   0x00000020   Data   RO         1798    Region$$Table       anon$$obj.o
    0x080134b8   0x080134b8   0x00000008   Data   RO         1402    c$$dinf             fz_wm.l(fpconst.o)
    0x080134c0   0x080134c0   0x00000008   Data   RO         1405    c$$dmax             fz_wm.l(fpconst.o)
    0x080134c8   0x080134c8   0x0000001c   Data   RO         1397    locale$$data        c_w.l(lc_numeric_c.o)
    0x080134e4   0x080134e4   0x00000110   Data   RO         1530    locale$$data        c_w.l(lc_ctype_c.o)


    Execution Region RW_IRAM1 (Exec base: 0x20000000, Load base: 0x080135f8, Size: 0x00001570, Max: 0x00050000, ABSOLUTE, COMPRESSED[0x000001e8])

    Exec Addr    Load Addr    Size         Type   Attr      Idx    E Section Name        Object

    0x20000000   COMPRESSED   0x00000004   Data   RW         1294    .data               c_w.l(stdio_streams.o)
    0x20000004   COMPRESSED   0x00000004   Data   RW         1295    .data               c_w.l(stdio_streams.o)
    0x20000008   COMPRESSED   0x00000004   Data   RW         1296    .data               c_w.l(stdio_streams.o)
    0x2000000c   COMPRESSED   0x0000008c   Data   RW          411    .data.bg95_driver   cell_modem_bg95.o
    0x20000098   COMPRESSED   0x000002b8   Data   RW          415    .data.bg95_urc_handler  cell_modem_bg95.o
    0x20000350   COMPRESSED   0x0000008c   Data   RW         1075    .data.eg915u_driver  cell_modem_eg915u.o
    0x200003dc   COMPRESSED   0x000002b8   Data   RW         1076    .data.eg915u_urc_handler  cell_modem_eg915u.o
    0x20000694   COMPRESSED   0x00000021   Data   RW          421    .data.lte_band_index_map  cell_modem_bg95.o
    0x200006b5   COMPRESSED   0x00000021   Data   RW         1077    .data.lte_band_index_map  cell_modem_eg915u.o
    0x200006d6   COMPRESSED   0x00000021   Data   RW          525    .data.lte_semtech_band_hex_map  cell_modem_semtech.o
    0x200006f7   COMPRESSED   0x00000001   PAD
    0x200006f8   COMPRESSED   0x0000008c   Data   RW          538    .data.semtech_hl7900_driver  cell_modem_semtech_hl7900.o
    0x20000784   COMPRESSED   0x000002b8   Data   RW          518    .data.semtech_urc_handler  cell_modem_semtech.o
    0x20000a3c   COMPRESSED   0x00000004   PAD
    0x20000a40        -       0x00000054   Zero   RW         1291    .bss                c_w.l(stdio_streams.o)
    0x20000a94        -       0x00000054   Zero   RW         1292    .bss                c_w.l(stdio_streams.o)
    0x20000ae8        -       0x00000054   Zero   RW         1293    .bss                c_w.l(stdio_streams.o)
    0x20000b3c        -       0x00000060   Zero   RW         1431    .bss                c_w.l(libspace.o)
    0x20000b9c        -       0x000001a0   Zero   RW          172    .bss.connection_process.settings  cell_connect.o
    0x20000d3c        -       0x00000004   Zero   RW          143    .bss.g_current_context_idx  cell_task.o
    0x20000d40        -       0x00000004   Zero   RW          414    .bss.g_fota_file_handle  cell_modem_bg95.o
    0x20000d44        -       0x00000001   Zero   RW          209    .bss.g_is_timer_activated  cell_dfota.o
    0x20000d45        -       0x00000001   Zero   RW           86    .bss.g_log_level    cell_log.o
    0x20000d46        -       0x00000001   Zero   RW          120    .bss.g_queue_handle_dummy  cell_os.o
    0x20000d47   COMPRESSED   0x00000001   PAD
    0x20000d48        -       0x00000002   Zero   RW          175    .bss.g_reboot_count  cell_connect.o
    0x20000d4a        -       0x00000001   Zero   RW          173    .bss.g_status       cell_connect.o
    0x20000d4b        -       0x00000001   Zero   RW          119    .bss.g_task_handle_dummy  cell_os.o
    0x20000d4c        -       0x00000004   Zero   RW          171    .bss.g_timer_id     cell_connect.o
    0x20000d50        -       0x00000004   Zero   RW          204    .bss.g_timer_id     cell_dfota.o
    0x20000d54        -       0x00000004   Zero   RW          268    .bss.g_timer_id     cell_socket.o
    0x20000d58        -       0x00000001   Zero   RW          205    .bss.gb_is_dfota_running  cell_dfota.o
    0x20000d59   COMPRESSED   0x00000003   PAD
    0x20000d5c        -       0x00000004   Zero   RW          142    .bss.gh_cell_task_handle  cell_task.o
    0x20000d60        -       0x00000004   Zero   RW          141    .bss.gh_cell_task_queue  cell_task.o
    0x20000d64        -       0x00000018   Zero   RW          144    .bss.gp_context     cell_task.o
    0x20000d7c        -       0x00000004   Zero   RW          206    .bss.gp_ctx         cell_dfota.o
    0x20000d80        -       0x00000004   Zero   RW          622    .bss.gp_modem_driver  cell_modem_common.o
    0x20000d84        -       0x00000004   Zero   RW          285    .bss.gp_response    cell_test.o
    0x20000d88        -       0x00000004   Zero   RW          207    .bss.gp_settings    cell_dfota.o
    0x20000d8c        -       0x00000030   Zero   RW          270    .bss.gp_socket      cell_socket.o
    0x20000dbc        -       0x000001a0   Zero   RW          210    .bss.network_reconnect.reconnect  cell_dfota.o
    0x20000f5c        -       0x00000004   Zero   RW          914    .bss.p_urc_handlers_table  cell_urc.o
    0x20000f60        -       0x00000004   Zero   RW          312    .bss.rx_buffer.0    cell_com.o
    0x20000f64        -       0x00000004   Zero   RW          313    .bss.rx_buffer.1    cell_com.o
    0x20000f68        -       0x00000004   Zero   RW          314    .bss.rx_buffer.2    cell_com.o
    0x20000f6c   COMPRESSED   0x00000004   PAD
    0x20000f70        -       0x00000200   Zero   RW         1097    HEAP                startup_stm32f413xx.o
    0x20001170        -       0x00000400   Zero   RW         1096    STACK               startup_stm32f413xx.o


==============================================================================

Image component sizes


      Code (inc. data)   RO Data    RW Data    ZI Data      Debug   Object Name

      1458        176          9          0          0       9551   cell_at.o
       292         60          0          0         12       3056   cell_com.o
      7390        818        750          0        423      49356   cell_connect.o
      1332        252        206          0        430      15222   cell_dfota.o
        14          0          0          0          0       1858   cell_driver_interface.o
       224         40          0          0          1       1814   cell_log.o
      4266        592        539        869          4      30995   cell_modem_bg95.o
      4680        644        246          0          4      32501   cell_modem_common.o
       800        168         38        869          0      14090   cell_modem_eg915u.o
      2932         68         35          0          0      14749   cell_modem_helper.o
      5732        890        297          0          0      33054   cell_modem_quectel.o
      6912        842        303        729          0      40026   cell_modem_semtech.o
       368         40         87        140          0      11931   cell_modem_semtech_hl7900.o
      1078          6         22          0          0      17226   cell_monitoring.o
        54          0          0          0          2       3066   cell_os.o
      2236        260         23          0         52      16248   cell_socket.o
       796        208          0          0         36       6816   cell_task.o
       392         40          0          0          4       5987   cell_test.o
     12976       2784       4335          0          4      70279   cell_urc.o
        16          0          0          0          0        325   main.o
        64         26        472          0       1536        864   startup_stm32f413xx.o
        18          0          0          0          0       2772   system_stm32f4xx.o

    ----------------------------------------------------------------------
     54136       7914       7400       2608       2520     381786   Object Totals
         0          0         32          0          0          0   (incl. Generated)
       106          0          6          1         12          0   (incl. Padding)

    ----------------------------------------------------------------------

      Code (inc. data)   RO Data    RW Data    ZI Data      Debug   Library Member Name

        60          8          0          0          0         84   __0sscanf.o
        24          4          0          0          0         84   __2printf.o
        56          6          0          0          0         88   __2snprintf.o
        90          0          0          0          0          0   __dczerorl2.o
         8          0          0          0          0         68   __main.o
       392          4         17          0          0         92   __printf_flags_ss_wp.o
        14          0          0          0          0         68   __printf_wp.o
         0          0          0          0          0          0   __rtentry.o
        12          0          0          0          0          0   __rtentry2.o
         6          0          0          0          0          0   __rtentry4.o
        52          8          0          0          0          0   __scatter.o
        28          0          0          0          0          0   __scatter_zi.o
        72          0          0          0          0         96   _c16rtomb.o
        28          0          0          0          0         68   _chval.o
        64          0          0          0          0         84   _mbrtoc16.o
         6          0          0          0          0          0   _printf_a.o
         6          0          0          0          0          0   _printf_c.o
        44          0          0          0          0        108   _printf_char.o
        48          6          0          0          0         96   _printf_char_common.o
        36          4          0          0          0         80   _printf_char_file.o
        40          0          0          0          0         68   _printf_charcount.o
         6          0          0          0          0          0   _printf_d.o
       120         16          0          0          0         92   _printf_dec.o
         6          0          0          0          0          0   _printf_e.o
         6          0          0          0          0          0   _printf_f.o
      1052          0          0          0          0        148   _printf_fp_dec.o
       764          8         38          0          0        100   _printf_fp_hex.o
       128         16          0          0          0         84   _printf_fp_infnan.o
         6          0          0          0          0          0   _printf_g.o
       148          4         40          0          0        160   _printf_hex_int_ll_ptr.o
         6          0          0          0          0          0   _printf_i.o
       178          0          0          0          0         88   _printf_intcommon.o
        10          0          0          0          0          0   _printf_l.o
         6          0          0          0          0          0   _printf_lc.o
        10          0          0          0          0          0   _printf_ll.o
         6          0          0          0          0          0   _printf_lld.o
         6          0          0          0          0          0   _printf_lli.o
         6          0          0          0          0          0   _printf_llo.o
         6          0          0          0          0          0   _printf_llu.o
         6          0          0          0          0          0   _printf_llx.o
       124         16          0          0          0         92   _printf_longlong_dec.o
         6          0          0          0          0          0   _printf_ls.o
         6          0          0          0          0          0   _printf_n.o
         6          0          0          0          0          0   _printf_o.o
       112          8          0          0          0        124   _printf_oct_int_ll.o
         6          0          0          0          0          0   _printf_p.o
        78          0          0          0          0        108   _printf_pad.o
         0          0          0          0          0          0   _printf_percent.o
         4          0          0          0          0          0   _printf_percent_end.o
         6          0          0          0          0          0   _printf_s.o
        82          0          0          0          0         80   _printf_str.o
        36          0          0          0          0         84   _printf_truncate.o
         6          0          0          0          0          0   _printf_u.o
        44          0          0          0          0        108   _printf_wchar.o
       188          6          8          0          0         92   _printf_wctomb.o
         6          0          0          0          0          0   _printf_x.o
        22          0          0          0          0        100   _rserrno.o
       884          6          0          0          0        100   _scanf.o
       332          0          0          0          0         96   _scanf_int.o
       276          0          0          0          0        100   _scanf_mbtowc.o
       224          0          0          0          0         96   _scanf_str.o
        64          0          0          0          0         84   _sgetc.o
        16          0          0          0          0         68   _snputc.o
        10          0          0          0          0         68   _sputc.o
        16          0          0          0          0         68   aeabi_memset.o
       228          4        148          0          0         96   bigflt0.o
      2152        136          0          0          0        956   btod.o
        10          0          0          0          0         68   defsig_exit.o
        50          0          0          0          0         88   defsig_general.o
        80         58          0          0          0         76   defsig_rtmem_inner.o
        14          0          0          0          0         80   defsig_rtmem_outer.o
        52         38          0          0          0         76   defsig_rtred_inner.o
        14          0          0          0          0         80   defsig_rtred_outer.o
        18          0          0          0          0         80   exit.o
        76          0          0          0          0         88   fclose.o
         8          0          0          0          0         68   ferror.o
       470          0          0          0          0         88   flsbuf.o
       240          6          0          0          0        128   fopen.o
        26          0          0          0          0         68   fputc.o
       248          6          0          0          0         84   fseek.o
        66          0          0          0          0         76   ftell.o
        94          0          0          0          0         80   h1_alloc.o
        52          0          0          0          0         68   h1_extend.o
        78          0          0          0          0         80   h1_free.o
        14          0          0          0          0         84   h1_init.o
         6          0          0          0          0        152   heapauxi.o
         4          0          0          0          0        136   hguard.o
         0          0          0          0          0          0   indicate_semi.o
       138          0          0          0          0        168   init_alloc.o
       312         46          0          0          0        112   initio.o
        18          0          0          0          0         76   isspace.o
        44         10        272          0          0         76   lc_ctype_c.o
        44         10         28          0          0         76   lc_numeric_c.o
         2          0          0          0          0          0   libinit.o
        46          0          0          0          0          0   libinit2.o
         2          0          0          0          0          0   libshutdown.o
         6          0          0          0          0          0   libshutdown2.o
         8          4          0          0         96         68   libspace.o
        38          0          0          0          0         68   llshl.o
       138          0          0          0          0         80   lludiv10.o
         0          0          0          0          0          0   maybetermalloc1.o
        88          0          0          0          0         76   memcmp.o
        12          6          0          0          0         68   putchar.o
        16          4          0          0          0         76   rt_ctype_table.o
         8          4          0          0          0         68   rt_errno_addr_intlibspace.o
         8          4          0          0          0         68   rt_heap_descriptor_intlibspace.o
         8          4          0          0          0         68   rt_locale_intlibspace.o
        68          0          0          0          0         68   rt_memclr.o
        78          0          0          0          0         80   rt_memclr_w.o
       138          0          0          0          0         68   rt_memcpy_v6.o
       100          0          0          0          0         80   rt_memcpy_w.o
       132          0          0          0          0         68   rt_memmove_v6.o
       122          0          0          0          0         80   rt_memmove_w.o
         2          0          0          0          0          0   rtexit.o
        10          0          0          0          0          0   rtexit2.o
        44          8          0          0          0         84   scanf_char.o
      1272         16          0          0          0        168   scanf_fp.o
       800         14          0          0          0        100   scanf_hexfp.o
       308         16          0          0          0        100   scanf_infnan.o
        70          0          0          0          0         80   setvbuf.o
       240          6          0          0          0        156   stdio.o
         0          0          0         12        252          0   stdio_streams.o
        24          0          0          0          0         68   strcat.o
        20          0          0          0          0         68   strchr.o
       124          0          0          0          0         88   strcmpv7em.o
        62          0          0          0          0         76   strlen.o
       150          0          0          0          0         80   strncmp.o
        86          0          0          0          0         76   strncpy.o
        36          0          0          0          0         80   strstr.o
        12          4          0          0          0         68   sys_exit.o
       102          0          0          0          0        240   sys_io.o
         0          0         12          0          0          0   sys_io_names.o
        74          0          0          0          0         80   sys_stackheap_outer.o
        14          0          0          0          0         76   sys_wrch.o
         2          0          0          0          0         68   use_no_semi.o
        12          4          0          0          0         68   vprintf.o
        98          4          0          0          0        140   d2f.o
        16          4          0          0          0        116   dcheck1.o
        24          0          0          0          0        116   dcmpi.o
       120          4          0          0          0        140   deqf.o
       120          4          0          0          0        140   dleqf.o
       340         12          0          0          0        152   dmul.o
       156          4          0          0          0        140   dnaninf.o
        12          0          0          0          0        116   dretinf.o
       108          0          0          0          0        128   drleqf.o
         0          0         16          0          0          0   fpconst.o
        26          0          0          0          0        116   fpinit.o
        10          0          0          0          0        116   fretinf.o
         6          0          0          0          0        116   istatus.o
         4          0          0          0          0        116   printf1.o
         4          0          0          0          0        116   printf2.o
       100          0          0          0          0        116   retnan.o
        92          0          0          0          0        116   scalbn.o
         4          0          0          0          0        116   scanf1.o
         8          0          0          0          0        132   scanf2.o
        48          0          0          0          0        116   trapv.o
         0          0          0          0          0          0   usenofp.o
        64         16          0          0          0        248   dunder.o
        48          0          0          0          0        124   fpclassify.o
       140         22          0          0          0        132   frexp.o
       228          8          0          0          0        308   ldexp.o
       266         16          0          0          0        308   narrow.o

    ----------------------------------------------------------------------
     17230        622        582         12        348      12924   Library Totals
        34          0          3          0          0          0   (incl. Padding)

    ----------------------------------------------------------------------

      Code (inc. data)   RO Data    RW Data    ZI Data      Debug   Library Name

     15154        528        563         12        348       9440   c_w.l
      1296         32         16          0          0       2364   fz_wm.l
       746         62          0          0          0       1120   m_wm.l

    ----------------------------------------------------------------------
     17230        622        582         12        348      12924   Library Totals

    ----------------------------------------------------------------------

==============================================================================


      Code (inc. data)   RO Data    RW Data    ZI Data      Debug   

     71366       8536       7982       2620       2868     386534   Grand Totals
     71366       8536       7982        488       2868     386534   ELF Image Totals (compressed)
     71366       8536       7982        488          0          0   ROM Totals

==============================================================================

    Total RO  Size (Code + RO Data)                79348 (  77.49kB)
    Total RW  Size (RW Data + ZI Data)              5488 (   5.36kB)
    Total ROM Size (Code + RO Data + RW Data)      79836 (  77.96kB)

==============================================================================

